<?xml version="1.0" encoding="ISO-8859-1" ?>
<link_info>
   <banner>TMS320C2000 Linker PC v22.6.1.LTS</banner>
   <copyright>Copyright (c) 1996-2018 Texas Instruments Incorporated</copyright>
   <link_time>0x6a043f3c</link_time>
   <link_errors>0x0</link_errors>
   <output_file>CTL_MC_PMSM_NT_280049C_Sensored.out</output_file>
   <entry_point>
      <name>_c_int00</name>
      <address>0x97f33</address>
   </entry_point>
   <input_file_list>
      <input_file id="fl-2">
         <path>.\syscfg\</path>
         <kind>object</kind>
         <file>board.obj</file>
         <name>board.obj</name>
      </input_file>
      <input_file id="fl-3">
         <path>.\syscfg\</path>
         <kind>object</kind>
         <file>device.obj</file>
         <name>device.obj</name>
      </input_file>
      <input_file id="fl-4">
         <path>.\syscfg\</path>
         <kind>object</kind>
         <file>c2000ware_libraries.obj</file>
         <name>c2000ware_libraries.obj</name>
      </input_file>
      <input_file id="fl-5">
         <path>.\</path>
         <kind>object</kind>
         <file>f28004x_codestartbranch.obj</file>
         <name>f28004x_codestartbranch.obj</name>
      </input_file>
      <input_file id="fl-6">
         <path>.\device_support\</path>
         <kind>object</kind>
         <file>f28004x_adc.obj</file>
         <name>f28004x_adc.obj</name>
      </input_file>
      <input_file id="fl-7">
         <path>.\device_support\</path>
         <kind>object</kind>
         <file>f28004x_cputimers.obj</file>
         <name>f28004x_cputimers.obj</name>
      </input_file>
      <input_file id="fl-8">
         <path>.\device_support\</path>
         <kind>object</kind>
         <file>f28004x_dbgier.obj</file>
         <name>f28004x_dbgier.obj</name>
      </input_file>
      <input_file id="fl-9">
         <path>.\device_support\</path>
         <kind>object</kind>
         <file>f28004x_dcsm_z1otp.obj</file>
         <name>f28004x_dcsm_z1otp.obj</name>
      </input_file>
      <input_file id="fl-a">
         <path>.\device_support\</path>
         <kind>object</kind>
         <file>f28004x_dcsm_z2otp.obj</file>
         <name>f28004x_dcsm_z2otp.obj</name>
      </input_file>
      <input_file id="fl-b">
         <path>.\device_support\</path>
         <kind>object</kind>
         <file>f28004x_defaultisr.obj</file>
         <name>f28004x_defaultisr.obj</name>
      </input_file>
      <input_file id="fl-c">
         <path>.\device_support\</path>
         <kind>object</kind>
         <file>f28004x_dma.obj</file>
         <name>f28004x_dma.obj</name>
      </input_file>
      <input_file id="fl-d">
         <path>.\device_support\</path>
         <kind>object</kind>
         <file>f28004x_globalvariabledefs.obj</file>
         <name>f28004x_globalvariabledefs.obj</name>
      </input_file>
      <input_file id="fl-e">
         <path>.\device_support\</path>
         <kind>object</kind>
         <file>f28004x_gpio.obj</file>
         <name>f28004x_gpio.obj</name>
      </input_file>
      <input_file id="fl-f">
         <path>.\device_support\</path>
         <kind>object</kind>
         <file>f28004x_piectrl.obj</file>
         <name>f28004x_piectrl.obj</name>
      </input_file>
      <input_file id="fl-10">
         <path>.\device_support\</path>
         <kind>object</kind>
         <file>f28004x_pievect.obj</file>
         <name>f28004x_pievect.obj</name>
      </input_file>
      <input_file id="fl-11">
         <path>.\device_support\</path>
         <kind>object</kind>
         <file>f28004x_spi.obj</file>
         <name>f28004x_spi.obj</name>
      </input_file>
      <input_file id="fl-12">
         <path>.\device_support\</path>
         <kind>object</kind>
         <file>f28004x_sysctrl.obj</file>
         <name>f28004x_sysctrl.obj</name>
      </input_file>
      <input_file id="fl-13">
         <path>.\device_support\</path>
         <kind>object</kind>
         <file>f28004x_usdelay.obj</file>
         <name>f28004x_usdelay.obj</name>
      </input_file>
      <input_file id="fl-14">
         <path>.\driverlib\</path>
         <kind>object</kind>
         <file>adc.obj</file>
         <name>adc.obj</name>
      </input_file>
      <input_file id="fl-15">
         <path>.\driverlib\</path>
         <kind>object</kind>
         <file>asysctl.obj</file>
         <name>asysctl.obj</name>
      </input_file>
      <input_file id="fl-16">
         <path>.\driverlib\</path>
         <kind>object</kind>
         <file>can.obj</file>
         <name>can.obj</name>
      </input_file>
      <input_file id="fl-17">
         <path>.\driverlib\</path>
         <kind>object</kind>
         <file>cla.obj</file>
         <name>cla.obj</name>
      </input_file>
      <input_file id="fl-18">
         <path>.\driverlib\</path>
         <kind>object</kind>
         <file>clapromcrc.obj</file>
         <name>clapromcrc.obj</name>
      </input_file>
      <input_file id="fl-19">
         <path>.\driverlib\</path>
         <kind>object</kind>
         <file>clb.obj</file>
         <name>clb.obj</name>
      </input_file>
      <input_file id="fl-1a">
         <path>.\driverlib\</path>
         <kind>object</kind>
         <file>cmpss.obj</file>
         <name>cmpss.obj</name>
      </input_file>
      <input_file id="fl-1b">
         <path>.\driverlib\</path>
         <kind>object</kind>
         <file>cputimer.obj</file>
         <name>cputimer.obj</name>
      </input_file>
      <input_file id="fl-1c">
         <path>.\driverlib\</path>
         <kind>object</kind>
         <file>dac.obj</file>
         <name>dac.obj</name>
      </input_file>
      <input_file id="fl-1d">
         <path>.\driverlib\</path>
         <kind>object</kind>
         <file>dcc.obj</file>
         <name>dcc.obj</name>
      </input_file>
      <input_file id="fl-1e">
         <path>.\driverlib\</path>
         <kind>object</kind>
         <file>dcsm.obj</file>
         <name>dcsm.obj</name>
      </input_file>
      <input_file id="fl-1f">
         <path>.\driverlib\</path>
         <kind>object</kind>
         <file>dma.obj</file>
         <name>dma.obj</name>
      </input_file>
      <input_file id="fl-20">
         <path>.\driverlib\</path>
         <kind>object</kind>
         <file>ecap.obj</file>
         <name>ecap.obj</name>
      </input_file>
      <input_file id="fl-21">
         <path>.\driverlib\</path>
         <kind>object</kind>
         <file>epwm.obj</file>
         <name>epwm.obj</name>
      </input_file>
      <input_file id="fl-22">
         <path>.\driverlib\</path>
         <kind>object</kind>
         <file>eqep.obj</file>
         <name>eqep.obj</name>
      </input_file>
      <input_file id="fl-23">
         <path>.\driverlib\</path>
         <kind>object</kind>
         <file>erad.obj</file>
         <name>erad.obj</name>
      </input_file>
      <input_file id="fl-24">
         <path>.\driverlib\</path>
         <kind>object</kind>
         <file>flash.obj</file>
         <name>flash.obj</name>
      </input_file>
      <input_file id="fl-25">
         <path>.\driverlib\</path>
         <kind>object</kind>
         <file>fsi.obj</file>
         <name>fsi.obj</name>
      </input_file>
      <input_file id="fl-26">
         <path>.\driverlib\</path>
         <kind>object</kind>
         <file>gpio.obj</file>
         <name>gpio.obj</name>
      </input_file>
      <input_file id="fl-27">
         <path>.\driverlib\</path>
         <kind>object</kind>
         <file>hrcap.obj</file>
         <name>hrcap.obj</name>
      </input_file>
      <input_file id="fl-28">
         <path>.\driverlib\</path>
         <kind>object</kind>
         <file>hrpwm.obj</file>
         <name>hrpwm.obj</name>
      </input_file>
      <input_file id="fl-29">
         <path>.\driverlib\</path>
         <kind>object</kind>
         <file>i2c.obj</file>
         <name>i2c.obj</name>
      </input_file>
      <input_file id="fl-2a">
         <path>.\driverlib\</path>
         <kind>object</kind>
         <file>interrupt.obj</file>
         <name>interrupt.obj</name>
      </input_file>
      <input_file id="fl-2b">
         <path>.\driverlib\</path>
         <kind>object</kind>
         <file>lin.obj</file>
         <name>lin.obj</name>
      </input_file>
      <input_file id="fl-2c">
         <path>.\driverlib\</path>
         <kind>object</kind>
         <file>memcfg.obj</file>
         <name>memcfg.obj</name>
      </input_file>
      <input_file id="fl-2d">
         <path>.\driverlib\</path>
         <kind>object</kind>
         <file>pga.obj</file>
         <name>pga.obj</name>
      </input_file>
      <input_file id="fl-2e">
         <path>.\driverlib\</path>
         <kind>object</kind>
         <file>pmbus.obj</file>
         <name>pmbus.obj</name>
      </input_file>
      <input_file id="fl-2f">
         <path>.\driverlib\</path>
         <kind>object</kind>
         <file>sci.obj</file>
         <name>sci.obj</name>
      </input_file>
      <input_file id="fl-30">
         <path>.\driverlib\</path>
         <kind>object</kind>
         <file>sdfm.obj</file>
         <name>sdfm.obj</name>
      </input_file>
      <input_file id="fl-31">
         <path>.\driverlib\</path>
         <kind>object</kind>
         <file>spi.obj</file>
         <name>spi.obj</name>
      </input_file>
      <input_file id="fl-32">
         <path>.\driverlib\</path>
         <kind>object</kind>
         <file>sysctl.obj</file>
         <name>sysctl.obj</name>
      </input_file>
      <input_file id="fl-33">
         <path>.\driverlib\</path>
         <kind>object</kind>
         <file>version.obj</file>
         <name>version.obj</name>
      </input_file>
      <input_file id="fl-34">
         <path>.\driverlib\</path>
         <kind>object</kind>
         <file>xbar.obj</file>
         <name>xbar.obj</name>
      </input_file>
      <input_file id="fl-35">
         <path>.\gmp_src_mgr\gmp_src\</path>
         <kind>object</kind>
         <file>PCA9555.obj</file>
         <name>PCA9555.obj</name>
      </input_file>
      <input_file id="fl-36">
         <path>.\gmp_src_mgr\gmp_src\</path>
         <kind>object</kind>
         <file>crc16.obj</file>
         <name>crc16.obj</name>
      </input_file>
      <input_file id="fl-37">
         <path>.\gmp_src_mgr\gmp_src\</path>
         <kind>object</kind>
         <file>ctl_adv_back_stepping.obj</file>
         <name>ctl_adv_back_stepping.obj</name>
      </input_file>
      <input_file id="fl-38">
         <path>.\gmp_src_mgr\gmp_src\</path>
         <kind>object</kind>
         <file>ctl_adv_flc.obj</file>
         <name>ctl_adv_flc.obj</name>
      </input_file>
      <input_file id="fl-39">
         <path>.\gmp_src_mgr\gmp_src\</path>
         <kind>object</kind>
         <file>ctl_adv_flpid.obj</file>
         <name>ctl_adv_flpid.obj</name>
      </input_file>
      <input_file id="fl-3a">
         <path>.\gmp_src_mgr\gmp_src\</path>
         <kind>object</kind>
         <file>ctl_adv_ilc.obj</file>
         <name>ctl_adv_ilc.obj</name>
      </input_file>
      <input_file id="fl-3b">
         <path>.\gmp_src_mgr\gmp_src\</path>
         <kind>object</kind>
         <file>ctl_adv_imc.obj</file>
         <name>ctl_adv_imc.obj</name>
      </input_file>
      <input_file id="fl-3c">
         <path>.\gmp_src_mgr\gmp_src\</path>
         <kind>object</kind>
         <file>ctl_adv_lms.obj</file>
         <name>ctl_adv_lms.obj</name>
      </input_file>
      <input_file id="fl-3d">
         <path>.\gmp_src_mgr\gmp_src\</path>
         <kind>object</kind>
         <file>ctl_adv_lut_pair.obj</file>
         <name>ctl_adv_lut_pair.obj</name>
      </input_file>
      <input_file id="fl-3e">
         <path>.\gmp_src_mgr\gmp_src\</path>
         <kind>object</kind>
         <file>ctl_adv_mrac.obj</file>
         <name>ctl_adv_mrac.obj</name>
      </input_file>
      <input_file id="fl-3f">
         <path>.\gmp_src_mgr\gmp_src\</path>
         <kind>object</kind>
         <file>ctl_adv_rc.obj</file>
         <name>ctl_adv_rc.obj</name>
      </input_file>
      <input_file id="fl-40">
         <path>.\gmp_src_mgr\gmp_src\</path>
         <kind>object</kind>
         <file>ctl_adv_sinc_interpolator.obj</file>
         <name>ctl_adv_sinc_interpolator.obj</name>
      </input_file>
      <input_file id="fl-41">
         <path>.\gmp_src_mgr\gmp_src\</path>
         <kind>object</kind>
         <file>ctl_adv_smc.obj</file>
         <name>ctl_adv_smc.obj</name>
      </input_file>
      <input_file id="fl-42">
         <path>.\gmp_src_mgr\gmp_src\</path>
         <kind>object</kind>
         <file>ctl_adv_surf_search.obj</file>
         <name>ctl_adv_surf_search.obj</name>
      </input_file>
      <input_file id="fl-43">
         <path>.\gmp_src_mgr\gmp_src\</path>
         <kind>object</kind>
         <file>ctl_cia402_callback_fn.obj</file>
         <name>ctl_cia402_callback_fn.obj</name>
      </input_file>
      <input_file id="fl-44">
         <path>.\gmp_src_mgr\gmp_src\</path>
         <kind>object</kind>
         <file>ctl_cia402_state_machine.obj</file>
         <name>ctl_cia402_state_machine.obj</name>
      </input_file>
      <input_file id="fl-45">
         <path>.\gmp_src_mgr\gmp_src\</path>
         <kind>object</kind>
         <file>ctl_component_interface.obj</file>
         <name>ctl_component_interface.obj</name>
      </input_file>
      <input_file id="fl-46">
         <path>.\gmp_src_mgr\gmp_src\</path>
         <kind>object</kind>
         <file>ctl_continuous_pi.obj</file>
         <name>ctl_continuous_pi.obj</name>
      </input_file>
      <input_file id="fl-47">
         <path>.\gmp_src_mgr\gmp_src\</path>
         <kind>object</kind>
         <file>ctl_continuous_pid.obj</file>
         <name>ctl_continuous_pid.obj</name>
      </input_file>
      <input_file id="fl-48">
         <path>.\gmp_src_mgr\gmp_src\</path>
         <kind>object</kind>
         <file>ctl_continuous_pid_aw.obj</file>
         <name>ctl_continuous_pid_aw.obj</name>
      </input_file>
      <input_file id="fl-49">
         <path>.\gmp_src_mgr\gmp_src\</path>
         <kind>object</kind>
         <file>ctl_discrete_biquad_filter.obj</file>
         <name>ctl_discrete_biquad_filter.obj</name>
      </input_file>
      <input_file id="fl-4a">
         <path>.\gmp_src_mgr\gmp_src\</path>
         <kind>object</kind>
         <file>ctl_discrete_df.obj</file>
         <name>ctl_discrete_df.obj</name>
      </input_file>
      <input_file id="fl-4b">
         <path>.\gmp_src_mgr\gmp_src\</path>
         <kind>object</kind>
         <file>ctl_discrete_filter.obj</file>
         <name>ctl_discrete_filter.obj</name>
      </input_file>
      <input_file id="fl-4c">
         <path>.\gmp_src_mgr\gmp_src\</path>
         <kind>object</kind>
         <file>ctl_discrete_lead_lag.obj</file>
         <name>ctl_discrete_lead_lag.obj</name>
      </input_file>
      <input_file id="fl-4d">
         <path>.\gmp_src_mgr\gmp_src\</path>
         <kind>object</kind>
         <file>ctl_discrete_pid.obj</file>
         <name>ctl_discrete_pid.obj</name>
      </input_file>
      <input_file id="fl-4e">
         <path>.\gmp_src_mgr\gmp_src\</path>
         <kind>object</kind>
         <file>ctl_discrete_pole_zero.obj</file>
         <name>ctl_discrete_pole_zero.obj</name>
      </input_file>
      <input_file id="fl-4f">
         <path>.\gmp_src_mgr\gmp_src\</path>
         <kind>object</kind>
         <file>ctl_discrete_pr.obj</file>
         <name>ctl_discrete_pr.obj</name>
      </input_file>
      <input_file id="fl-50">
         <path>.\gmp_src_mgr\gmp_src\</path>
         <kind>object</kind>
         <file>ctl_discrete_sg.obj</file>
         <name>ctl_discrete_sg.obj</name>
      </input_file>
      <input_file id="fl-51">
         <path>.\gmp_src_mgr\gmp_src\</path>
         <kind>object</kind>
         <file>ctl_discrete_sogi.obj</file>
         <name>ctl_discrete_sogi.obj</name>
      </input_file>
      <input_file id="fl-52">
         <path>.\gmp_src_mgr\gmp_src\</path>
         <kind>object</kind>
         <file>ctl_discrete_track_pid.obj</file>
         <name>ctl_discrete_track_pid.obj</name>
      </input_file>
      <input_file id="fl-53">
         <path>.\gmp_src_mgr\gmp_src\</path>
         <kind>object</kind>
         <file>ctl_disrete_fir.obj</file>
         <name>ctl_disrete_fir.obj</name>
      </input_file>
      <input_file id="fl-54">
         <path>.\gmp_src_mgr\gmp_src\</path>
         <kind>object</kind>
         <file>ctl_divider.obj</file>
         <name>ctl_divider.obj</name>
      </input_file>
      <input_file id="fl-55">
         <path>.\gmp_src_mgr\gmp_src\</path>
         <kind>object</kind>
         <file>ctl_dp_basic.obj</file>
         <name>ctl_dp_basic.obj</name>
      </input_file>
      <input_file id="fl-56">
         <path>.\gmp_src_mgr\gmp_src\</path>
         <kind>object</kind>
         <file>ctl_hysteresis_controller.obj</file>
         <name>ctl_hysteresis_controller.obj</name>
      </input_file>
      <input_file id="fl-57">
         <path>.\gmp_src_mgr\gmp_src\</path>
         <kind>object</kind>
         <file>ctl_if_pwm_h.obj</file>
         <name>ctl_if_pwm_h.obj</name>
      </input_file>
      <input_file id="fl-58">
         <path>.\gmp_src_mgr\gmp_src\</path>
         <kind>object</kind>
         <file>ctl_if_pwm_npc.obj</file>
         <name>ctl_if_pwm_npc.obj</name>
      </input_file>
      <input_file id="fl-59">
         <path>.\gmp_src_mgr\gmp_src\</path>
         <kind>object</kind>
         <file>ctl_if_pwm_spwm.obj</file>
         <name>ctl_if_pwm_spwm.obj</name>
      </input_file>
      <input_file id="fl-5a">
         <path>.\gmp_src_mgr\gmp_src\</path>
         <kind>object</kind>
         <file>ctl_internal_ladrc1.obj</file>
         <name>ctl_internal_ladrc1.obj</name>
      </input_file>
      <input_file id="fl-5b">
         <path>.\gmp_src_mgr\gmp_src\</path>
         <kind>object</kind>
         <file>ctl_internal_ladrc2.obj</file>
         <name>ctl_internal_ladrc2.obj</name>
      </input_file>
      <input_file id="fl-5c">
         <path>.\gmp_src_mgr\gmp_src\</path>
         <kind>object</kind>
         <file>ctl_itoc_protection.obj</file>
         <name>ctl_itoc_protection.obj</name>
      </input_file>
      <input_file id="fl-5d">
         <path>.\gmp_src_mgr\gmp_src\</path>
         <kind>object</kind>
         <file>ctl_mc_acim_consultant.obj</file>
         <name>ctl_mc_acim_consultant.obj</name>
      </input_file>
      <input_file id="fl-5e">
         <path>.\gmp_src_mgr\gmp_src\</path>
         <kind>object</kind>
         <file>ctl_mc_acim_fo.obj</file>
         <name>ctl_mc_acim_fo.obj</name>
      </input_file>
      <input_file id="fl-5f">
         <path>.\gmp_src_mgr\gmp_src\</path>
         <kind>object</kind>
         <file>ctl_mc_acim_pos_calc.obj</file>
         <name>ctl_mc_acim_pos_calc.obj</name>
      </input_file>
      <input_file id="fl-60">
         <path>.\gmp_src_mgr\gmp_src\</path>
         <kind>object</kind>
         <file>ctl_mc_acim_smo.obj</file>
         <name>ctl_mc_acim_smo.obj</name>
      </input_file>
      <input_file id="fl-61">
         <path>.\gmp_src_mgr\gmp_src\</path>
         <kind>object</kind>
         <file>ctl_mc_ato_pll.obj</file>
         <name>ctl_mc_ato_pll.obj</name>
      </input_file>
      <input_file id="fl-62">
         <path>.\gmp_src_mgr\gmp_src\</path>
         <kind>object</kind>
         <file>ctl_mc_basic_mech_ctrl.obj</file>
         <name>ctl_mc_basic_mech_ctrl.obj</name>
      </input_file>
      <input_file id="fl-63">
         <path>.\gmp_src_mgr\gmp_src\</path>
         <kind>object</kind>
         <file>ctl_mc_bldc_hall.obj</file>
         <name>ctl_mc_bldc_hall.obj</name>
      </input_file>
      <input_file id="fl-64">
         <path>.\gmp_src_mgr\gmp_src\</path>
         <kind>object</kind>
         <file>ctl_mc_bldc_zcd_obs.obj</file>
         <name>ctl_mc_bldc_zcd_obs.obj</name>
      </input_file>
      <input_file id="fl-65">
         <path>.\gmp_src_mgr\gmp_src\</path>
         <kind>object</kind>
         <file>ctl_mc_dtc_svm_core.obj</file>
         <name>ctl_mc_dtc_svm_core.obj</name>
      </input_file>
      <input_file id="fl-66">
         <path>.\gmp_src_mgr\gmp_src\</path>
         <kind>object</kind>
         <file>ctl_mc_encoder.obj</file>
         <name>ctl_mc_encoder.obj</name>
      </input_file>
      <input_file id="fl-67">
         <path>.\gmp_src_mgr\gmp_src\</path>
         <kind>object</kind>
         <file>ctl_mc_encoder_switcher.obj</file>
         <name>ctl_mc_encoder_switcher.obj</name>
      </input_file>
      <input_file id="fl-68">
         <path>.\gmp_src_mgr\gmp_src\</path>
         <kind>object</kind>
         <file>ctl_mc_foc_core.obj</file>
         <name>ctl_mc_foc_core.obj</name>
      </input_file>
      <input_file id="fl-69">
         <path>.\gmp_src_mgr\gmp_src\</path>
         <kind>object</kind>
         <file>ctl_mc_imfoc_core.obj</file>
         <name>ctl_mc_imfoc_core.obj</name>
      </input_file>
      <input_file id="fl-6a">
         <path>.\gmp_src_mgr\gmp_src\</path>
         <kind>object</kind>
         <file>ctl_mc_inverter_consultant.obj</file>
         <name>ctl_mc_inverter_consultant.obj</name>
      </input_file>
      <input_file id="fl-6b">
         <path>.\gmp_src_mgr\gmp_src\</path>
         <kind>object</kind>
         <file>ctl_mc_ipm_fw.obj</file>
         <name>ctl_mc_ipm_fw.obj</name>
      </input_file>
      <input_file id="fl-6c">
         <path>.\gmp_src_mgr\gmp_src\</path>
         <kind>object</kind>
         <file>ctl_mc_ladrc_pos_ctrl.obj</file>
         <name>ctl_mc_ladrc_pos_ctrl.obj</name>
      </input_file>
      <input_file id="fl-6d">
         <path>.\gmp_src_mgr\gmp_src\</path>
         <kind>object</kind>
         <file>ctl_mc_ladrc_spd_ctrl.obj</file>
         <name>ctl_mc_ladrc_spd_ctrl.obj</name>
      </input_file>
      <input_file id="fl-6e">
         <path>.\gmp_src_mgr\gmp_src\</path>
         <kind>object</kind>
         <file>ctl_mc_lut_fw.obj</file>
         <name>ctl_mc_lut_fw.obj</name>
      </input_file>
      <input_file id="fl-6f">
         <path>.\gmp_src_mgr\gmp_src\</path>
         <kind>object</kind>
         <file>ctl_mc_mech_consultant.obj</file>
         <name>ctl_mc_mech_consultant.obj</name>
      </input_file>
      <input_file id="fl-70">
         <path>.\gmp_src_mgr\gmp_src\</path>
         <kind>object</kind>
         <file>ctl_mc_mit_mech_ctrl.obj</file>
         <name>ctl_mc_mit_mech_ctrl.obj</name>
      </input_file>
      <input_file id="fl-71">
         <path>.\gmp_src_mgr\gmp_src\</path>
         <kind>object</kind>
         <file>ctl_mc_mtr_protection.obj</file>
         <name>ctl_mc_mtr_protection.obj</name>
      </input_file>
      <input_file id="fl-72">
         <path>.\gmp_src_mgr\gmp_src\</path>
         <kind>object</kind>
         <file>ctl_mc_mtr_vf_generator.obj</file>
         <name>ctl_mc_mtr_vf_generator.obj</name>
      </input_file>
      <input_file id="fl-73">
         <path>.\gmp_src_mgr\gmp_src\</path>
         <kind>object</kind>
         <file>ctl_mc_nameplate_consultant.obj</file>
         <name>ctl_mc_nameplate_consultant.obj</name>
      </input_file>
      <input_file id="fl-74">
         <path>.\gmp_src_mgr\gmp_src\</path>
         <kind>object</kind>
         <file>ctl_mc_pmsm_consultant.obj</file>
         <name>ctl_mc_pmsm_consultant.obj</name>
      </input_file>
      <input_file id="fl-75">
         <path>.\gmp_src_mgr\gmp_src\</path>
         <kind>object</kind>
         <file>ctl_mc_pmsm_dbptc.obj</file>
         <name>ctl_mc_pmsm_dbptc.obj</name>
      </input_file>
      <input_file id="fl-76">
         <path>.\gmp_src_mgr\gmp_src\</path>
         <kind>object</kind>
         <file>ctl_mc_pmsm_esmo.obj</file>
         <name>ctl_mc_pmsm_esmo.obj</name>
      </input_file>
      <input_file id="fl-77">
         <path>.\gmp_src_mgr\gmp_src\</path>
         <kind>object</kind>
         <file>ctl_mc_pmsm_fo.obj</file>
         <name>ctl_mc_pmsm_fo.obj</name>
      </input_file>
      <input_file id="fl-78">
         <path>.\gmp_src_mgr\gmp_src\</path>
         <kind>object</kind>
         <file>ctl_mc_pmsm_hfi.obj</file>
         <name>ctl_mc_pmsm_hfi.obj</name>
      </input_file>
      <input_file id="fl-79">
         <path>.\gmp_src_mgr\gmp_src\</path>
         <kind>object</kind>
         <file>ctl_mc_pu_consultant.obj</file>
         <name>ctl_mc_pu_consultant.obj</name>
      </input_file>
      <input_file id="fl-7a">
         <path>.\gmp_src_mgr\gmp_src\</path>
         <kind>object</kind>
         <file>ctl_mc_s_curve_traj.obj</file>
         <name>ctl_mc_s_curve_traj.obj</name>
      </input_file>
      <input_file id="fl-7b">
         <path>.\gmp_src_mgr\gmp_src\</path>
         <kind>object</kind>
         <file>ctl_mc_smc_mech_ctrl.obj</file>
         <name>ctl_mc_smc_mech_ctrl.obj</name>
      </input_file>
      <input_file id="fl-7c">
         <path>.\gmp_src_mgr\gmp_src\</path>
         <kind>object</kind>
         <file>ctl_mc_sogi_traj.obj</file>
         <name>ctl_mc_sogi_traj.obj</name>
      </input_file>
      <input_file id="fl-7d">
         <path>.\gmp_src_mgr\gmp_src\</path>
         <kind>object</kind>
         <file>ctl_mc_spm_fw.obj</file>
         <name>ctl_mc_spm_fw.obj</name>
      </input_file>
      <input_file id="fl-7e">
         <path>.\gmp_src_mgr\gmp_src\</path>
         <kind>object</kind>
         <file>ctl_mc_trapezoudal_traj.obj</file>
         <name>ctl_mc_trapezoudal_traj.obj</name>
      </input_file>
      <input_file id="fl-7f">
         <path>.\gmp_src_mgr\gmp_src\</path>
         <kind>object</kind>
         <file>ctl_nano.obj</file>
         <name>ctl_nano.obj</name>
      </input_file>
      <input_file id="fl-80">
         <path>.\gmp_src_mgr\gmp_src\</path>
         <kind>object</kind>
         <file>ctl_protection.obj</file>
         <name>ctl_protection.obj</name>
      </input_file>
      <input_file id="fl-81">
         <path>.\gmp_src_mgr\gmp_src\</path>
         <kind>object</kind>
         <file>ctl_sag_swell.obj</file>
         <name>ctl_sag_swell.obj</name>
      </input_file>
      <input_file id="fl-82">
         <path>.\gmp_src_mgr\gmp_src\</path>
         <kind>object</kind>
         <file>ctl_saturation.obj</file>
         <name>ctl_saturation.obj</name>
      </input_file>
      <input_file id="fl-83">
         <path>.\gmp_src_mgr\gmp_src\</path>
         <kind>object</kind>
         <file>ctl_slope_limiter.obj</file>
         <name>ctl_slope_limiter.obj</name>
      </input_file>
      <input_file id="fl-84">
         <path>.\gmp_src_mgr\gmp_src\</path>
         <kind>object</kind>
         <file>ctl_sogi.obj</file>
         <name>ctl_sogi.obj</name>
      </input_file>
      <input_file id="fl-85">
         <path>.\gmp_src_mgr\gmp_src\</path>
         <kind>object</kind>
         <file>ctl_track_pid.obj</file>
         <name>ctl_track_pid.obj</name>
      </input_file>
      <input_file id="fl-86">
         <path>.\gmp_src_mgr\gmp_src\</path>
         <kind>object</kind>
         <file>gmp_at_device.obj</file>
         <name>gmp_at_device.obj</name>
      </input_file>
      <input_file id="fl-87">
         <path>.\gmp_src_mgr\gmp_src\</path>
         <kind>object</kind>
         <file>gmp_datalink.obj</file>
         <name>gmp_datalink.obj</name>
      </input_file>
      <input_file id="fl-88">
         <path>.\gmp_src_mgr\gmp_src\</path>
         <kind>object</kind>
         <file>gmp_dev_util.obj</file>
         <name>gmp_dev_util.obj</name>
      </input_file>
      <input_file id="fl-89">
         <path>.\gmp_src_mgr\gmp_src\</path>
         <kind>object</kind>
         <file>gmp_mem_presp.obj</file>
         <name>gmp_mem_presp.obj</name>
      </input_file>
      <input_file id="fl-8a">
         <path>.\gmp_src_mgr\gmp_src\</path>
         <kind>object</kind>
         <file>gmp_mm_block_memory.obj</file>
         <name>gmp_mm_block_memory.obj</name>
      </input_file>
      <input_file id="fl-8b">
         <path>.\gmp_src_mgr\gmp_src\</path>
         <kind>object</kind>
         <file>gmp_pil_core.obj</file>
         <name>gmp_pil_core.obj</name>
      </input_file>
      <input_file id="fl-8c">
         <path>.\gmp_src_mgr\gmp_src\</path>
         <kind>object</kind>
         <file>gmp_process_mgr.obj</file>
         <name>gmp_process_mgr.obj</name>
      </input_file>
      <input_file id="fl-8d">
         <path>.\gmp_src_mgr\gmp_src\</path>
         <kind>object</kind>
         <file>gmp_std_error_code.obj</file>
         <name>gmp_std_error_code.obj</name>
      </input_file>
      <input_file id="fl-8e">
         <path>.\gmp_src_mgr\gmp_src\</path>
         <kind>object</kind>
         <file>gmp_std_port.obj</file>
         <name>gmp_std_port.obj</name>
      </input_file>
      <input_file id="fl-8f">
         <path>.\gmp_src_mgr\gmp_src\</path>
         <kind>object</kind>
         <file>gmp_tunable.obj</file>
         <name>gmp_tunable.obj</name>
      </input_file>
      <input_file id="fl-90">
         <path>.\gmp_src_mgr\gmp_src\</path>
         <kind>object</kind>
         <file>ht16k33.obj</file>
         <name>ht16k33.obj</name>
      </input_file>
      <input_file id="fl-91">
         <path>.\gmp_src_mgr\gmp_src\</path>
         <kind>object</kind>
         <file>peripheral_driver.obj</file>
         <name>peripheral_driver.obj</name>
      </input_file>
      <input_file id="fl-92">
         <path>.\gmp_src_mgr\gmp_src\</path>
         <kind>object</kind>
         <file>sysconfig_adapter.obj</file>
         <name>sysconfig_adapter.obj</name>
      </input_file>
      <input_file id="fl-93">
         <path>.\user\</path>
         <kind>object</kind>
         <file>ctl_main.obj</file>
         <name>ctl_main.obj</name>
      </input_file>
      <input_file id="fl-94">
         <path>.\user\</path>
         <kind>object</kind>
         <file>user_main.obj</file>
         <name>user_main.obj</name>
      </input_file>
      <input_file id="fl-95">
         <path>.\xplt\</path>
         <kind>object</kind>
         <file>xplt.peripheral.obj</file>
         <name>xplt.peripheral.obj</name>
      </input_file>
      <input_file id="fl-9a">
         <kind>object</kind>
         <file>&lt;internal&gt;</file>
         <name>&lt;internal&gt;</name>
      </input_file>
      <input_file id="fl-a6">
         <path>C:\ti\ccs1281\ccs\tools\compiler\ti-cgt-c2000_22.6.1.LTS\lib\</path>
         <kind>archive</kind>
         <file>rts2800_fpu32_eabi.lib</file>
         <name>e_expf.c.obj</name>
      </input_file>
      <input_file id="fl-a7">
         <path>C:\ti\ccs1281\ccs\tools\compiler\ti-cgt-c2000_22.6.1.LTS\lib\</path>
         <kind>archive</kind>
         <file>rts2800_fpu32_eabi.lib</file>
         <name>e_powf.c.obj</name>
      </input_file>
      <input_file id="fl-a8">
         <path>C:\ti\ccs1281\ccs\tools\compiler\ti-cgt-c2000_22.6.1.LTS\lib\</path>
         <kind>archive</kind>
         <file>rts2800_fpu32_eabi.lib</file>
         <name>e_sqrtf.c.obj</name>
      </input_file>
      <input_file id="fl-a9">
         <path>C:\ti\ccs1281\ccs\tools\compiler\ti-cgt-c2000_22.6.1.LTS\lib\</path>
         <kind>archive</kind>
         <file>rts2800_fpu32_eabi.lib</file>
         <name>s_roundf.c.obj</name>
      </input_file>
      <input_file id="fl-aa">
         <path>C:\ti\ccs1281\ccs\tools\compiler\ti-cgt-c2000_22.6.1.LTS\lib\</path>
         <kind>archive</kind>
         <file>rts2800_fpu32_eabi.lib</file>
         <name>s_scalbnf.c.obj</name>
      </input_file>
      <input_file id="fl-ab">
         <path>C:\ti\ccs1281\ccs\tools\compiler\ti-cgt-c2000_22.6.1.LTS\lib\</path>
         <kind>archive</kind>
         <file>rts2800_fpu32_eabi.lib</file>
         <name>s_tanf.c.obj</name>
      </input_file>
      <input_file id="fl-ac">
         <path>C:\ti\ccs1281\ccs\tools\compiler\ti-cgt-c2000_22.6.1.LTS\lib\</path>
         <kind>archive</kind>
         <file>rts2800_fpu32_eabi.lib</file>
         <name>s_copysignf.c.obj</name>
      </input_file>
      <input_file id="fl-ad">
         <path>C:\ti\ccs1281\ccs\tools\compiler\ti-cgt-c2000_22.6.1.LTS\lib\</path>
         <kind>archive</kind>
         <file>rts2800_fpu32_eabi.lib</file>
         <name>vsprintf.c.obj</name>
      </input_file>
      <input_file id="fl-ae">
         <path>C:\ti\ccs1281\ccs\tools\compiler\ti-cgt-c2000_22.6.1.LTS\lib\</path>
         <kind>archive</kind>
         <file>rts2800_fpu32_eabi.lib</file>
         <name>boot28.asm.obj</name>
      </input_file>
      <input_file id="fl-af">
         <path>C:\ti\ccs1281\ccs\tools\compiler\ti-cgt-c2000_22.6.1.LTS\lib\</path>
         <kind>archive</kind>
         <file>rts2800_fpu32_eabi.lib</file>
         <name>fs_div28.asm.obj</name>
      </input_file>
      <input_file id="fl-b0">
         <path>C:\ti\ccs1281\ccs\tools\compiler\ti-cgt-c2000_22.6.1.LTS\lib\</path>
         <kind>archive</kind>
         <file>rts2800_fpu32_eabi.lib</file>
         <name>ll_cmp28.asm.obj</name>
      </input_file>
      <input_file id="fl-b1">
         <path>C:\ti\ccs1281\ccs\tools\compiler\ti-cgt-c2000_22.6.1.LTS\lib\</path>
         <kind>archive</kind>
         <file>rts2800_fpu32_eabi.lib</file>
         <name>fs_tofdfpu32.asm.obj</name>
      </input_file>
      <input_file id="fl-b2">
         <path>C:\ti\ccs1281\ccs\tools\compiler\ti-cgt-c2000_22.6.1.LTS\lib\</path>
         <kind>archive</kind>
         <file>rts2800_fpu32_eabi.lib</file>
         <name>fd_tofsfpu32.asm.obj</name>
      </input_file>
      <input_file id="fl-b3">
         <path>C:\ti\ccs1281\ccs\tools\compiler\ti-cgt-c2000_22.6.1.LTS\lib\</path>
         <kind>archive</kind>
         <file>rts2800_fpu32_eabi.lib</file>
         <name>memcpy.c.obj</name>
      </input_file>
      <input_file id="fl-b4">
         <path>C:\ti\ccs1281\ccs\tools\compiler\ti-cgt-c2000_22.6.1.LTS\lib\</path>
         <kind>archive</kind>
         <file>rts2800_fpu32_eabi.lib</file>
         <name>pre_init.c.obj</name>
      </input_file>
      <input_file id="fl-b5">
         <path>C:\ti\ccs1281\ccs\tools\compiler\ti-cgt-c2000_22.6.1.LTS\lib\</path>
         <kind>archive</kind>
         <file>rts2800_fpu32_eabi.lib</file>
         <name>autoinit.c.obj</name>
      </input_file>
      <input_file id="fl-b6">
         <path>C:\ti\ccs1281\ccs\tools\compiler\ti-cgt-c2000_22.6.1.LTS\lib\</path>
         <kind>archive</kind>
         <file>rts2800_fpu32_eabi.lib</file>
         <name>copy_zero_init.c.obj</name>
      </input_file>
      <input_file id="fl-b7">
         <path>C:\ti\ccs1281\ccs\tools\compiler\ti-cgt-c2000_22.6.1.LTS\lib\</path>
         <kind>archive</kind>
         <file>rts2800_fpu32_eabi.lib</file>
         <name>copy_decompress_none.c.obj</name>
      </input_file>
      <input_file id="fl-b8">
         <path>C:\ti\ccs1281\ccs\tools\compiler\ti-cgt-c2000_22.6.1.LTS\lib\</path>
         <kind>archive</kind>
         <file>rts2800_fpu32_eabi.lib</file>
         <name>copy_decompress_lzss.c.obj</name>
      </input_file>
      <input_file id="fl-b9">
         <path>C:\ti\ccs1281\ccs\tools\compiler\ti-cgt-c2000_22.6.1.LTS\lib\</path>
         <kind>archive</kind>
         <file>rts2800_fpu32_eabi.lib</file>
         <name>exit.c.obj</name>
      </input_file>
      <input_file id="fl-ba">
         <path>C:\ti\ccs1281\ccs\tools\compiler\ti-cgt-c2000_22.6.1.LTS\lib\</path>
         <kind>archive</kind>
         <file>rts2800_fpu32_eabi.lib</file>
         <name>_lock.c.obj</name>
      </input_file>
      <input_file id="fl-bb">
         <path>C:\ti\ccs1281\ccs\tools\compiler\ti-cgt-c2000_22.6.1.LTS\lib\</path>
         <kind>archive</kind>
         <file>rts2800_fpu32_eabi.lib</file>
         <name>args_main.c.obj</name>
      </input_file>
      <input_file id="fl-bc">
         <path>C:\ti\ccs1281\ccs\tools\compiler\ti-cgt-c2000_22.6.1.LTS\lib\</path>
         <kind>archive</kind>
         <file>rts2800_fpu32_eabi.lib</file>
         <name>assert.c.obj</name>
      </input_file>
      <input_file id="fl-bd">
         <path>C:\ti\ccs1281\ccs\tools\compiler\ti-cgt-c2000_22.6.1.LTS\lib\</path>
         <kind>archive</kind>
         <file>rts2800_fpu32_eabi.lib</file>
         <name>defs.c.obj</name>
      </input_file>
      <input_file id="fl-be">
         <path>C:\ti\ccs1281\ccs\tools\compiler\ti-cgt-c2000_22.6.1.LTS\lib\</path>
         <kind>archive</kind>
         <file>rts2800_fpu32_eabi.lib</file>
         <name>memory.c.obj</name>
      </input_file>
      <input_file id="fl-bf">
         <path>C:\ti\ccs1281\ccs\tools\compiler\ti-cgt-c2000_22.6.1.LTS\lib\</path>
         <kind>archive</kind>
         <file>rts2800_fpu32_eabi.lib</file>
         <name>memset.c.obj</name>
      </input_file>
      <input_file id="fl-c0">
         <path>C:\ti\ccs1281\ccs\tools\compiler\ti-cgt-c2000_22.6.1.LTS\lib\</path>
         <kind>archive</kind>
         <file>rts2800_fpu32_eabi.lib</file>
         <name>qsort.c.obj</name>
      </input_file>
      <input_file id="fl-c1">
         <path>C:\ti\ccs1281\ccs\tools\compiler\ti-cgt-c2000_22.6.1.LTS\lib\</path>
         <kind>archive</kind>
         <file>rts2800_fpu32_eabi.lib</file>
         <name>strchr.c.obj</name>
      </input_file>
      <input_file id="fl-c2">
         <path>C:\ti\ccs1281\ccs\tools\compiler\ti-cgt-c2000_22.6.1.LTS\lib\</path>
         <kind>archive</kind>
         <file>rts2800_fpu32_eabi.lib</file>
         <name>strcmp.c.obj</name>
      </input_file>
      <input_file id="fl-c3">
         <path>C:\ti\ccs1281\ccs\tools\compiler\ti-cgt-c2000_22.6.1.LTS\lib\</path>
         <kind>archive</kind>
         <file>rts2800_fpu32_eabi.lib</file>
         <name>strlen.c.obj</name>
      </input_file>
      <input_file id="fl-c4">
         <path>C:\ti\ccs1281\ccs\tools\compiler\ti-cgt-c2000_22.6.1.LTS\lib\</path>
         <kind>archive</kind>
         <file>rts2800_fpu32_eabi.lib</file>
         <name>strncmp.c.obj</name>
      </input_file>
      <input_file id="fl-c5">
         <path>C:\ti\ccs1281\ccs\tools\compiler\ti-cgt-c2000_22.6.1.LTS\lib\</path>
         <kind>archive</kind>
         <file>rts2800_fpu32_eabi.lib</file>
         <name>errno.c.obj</name>
      </input_file>
      <input_file id="fl-c6">
         <path>C:\ti\ccs1281\ccs\tools\compiler\ti-cgt-c2000_22.6.1.LTS\lib\</path>
         <kind>archive</kind>
         <file>rts2800_fpu32_eabi.lib</file>
         <name>s_floorf.c.obj</name>
      </input_file>
      <input_file id="fl-c7">
         <path>C:\ti\ccs1281\ccs\tools\compiler\ti-cgt-c2000_22.6.1.LTS\lib\</path>
         <kind>archive</kind>
         <file>rts2800_fpu32_eabi.lib</file>
         <name>_printfi.c.obj</name>
      </input_file>
      <input_file id="fl-c8">
         <path>C:\ti\ccs1281\ccs\tools\compiler\ti-cgt-c2000_22.6.1.LTS\lib\</path>
         <kind>archive</kind>
         <file>rts2800_fpu32_eabi.lib</file>
         <name>fflush.c.obj</name>
      </input_file>
      <input_file id="fl-c9">
         <path>C:\ti\ccs1281\ccs\tools\compiler\ti-cgt-c2000_22.6.1.LTS\lib\</path>
         <kind>archive</kind>
         <file>rts2800_fpu32_eabi.lib</file>
         <name>fputs.c.obj</name>
      </input_file>
      <input_file id="fl-ca">
         <path>C:\ti\ccs1281\ccs\tools\compiler\ti-cgt-c2000_22.6.1.LTS\lib\</path>
         <kind>archive</kind>
         <file>rts2800_fpu32_eabi.lib</file>
         <name>_io_perm.c.obj</name>
      </input_file>
      <input_file id="fl-cb">
         <path>C:\ti\ccs1281\ccs\tools\compiler\ti-cgt-c2000_22.6.1.LTS\lib\</path>
         <kind>archive</kind>
         <file>rts2800_fpu32_eabi.lib</file>
         <name>setvbuf.c.obj</name>
      </input_file>
      <input_file id="fl-cc">
         <path>C:\ti\ccs1281\ccs\tools\compiler\ti-cgt-c2000_22.6.1.LTS\lib\</path>
         <kind>archive</kind>
         <file>rts2800_fpu32_eabi.lib</file>
         <name>fd_cmp28.asm.obj</name>
      </input_file>
      <input_file id="fl-cd">
         <path>C:\ti\ccs1281\ccs\tools\compiler\ti-cgt-c2000_22.6.1.LTS\lib\</path>
         <kind>archive</kind>
         <file>rts2800_fpu32_eabi.lib</file>
         <name>fd_mpy28.asm.obj</name>
      </input_file>
      <input_file id="fl-ce">
         <path>C:\ti\ccs1281\ccs\tools\compiler\ti-cgt-c2000_22.6.1.LTS\lib\</path>
         <kind>archive</kind>
         <file>rts2800_fpu32_eabi.lib</file>
         <name>fd_neg28.asm.obj</name>
      </input_file>
      <input_file id="fl-cf">
         <path>C:\ti\ccs1281\ccs\tools\compiler\ti-cgt-c2000_22.6.1.LTS\lib\</path>
         <kind>archive</kind>
         <file>rts2800_fpu32_eabi.lib</file>
         <name>fd_sub28.asm.obj</name>
      </input_file>
      <input_file id="fl-d0">
         <path>C:\ti\ccs1281\ccs\tools\compiler\ti-cgt-c2000_22.6.1.LTS\lib\</path>
         <kind>archive</kind>
         <file>rts2800_fpu32_eabi.lib</file>
         <name>fd_toi28.asm.obj</name>
      </input_file>
      <input_file id="fl-d1">
         <path>C:\ti\ccs1281\ccs\tools\compiler\ti-cgt-c2000_22.6.1.LTS\lib\</path>
         <kind>archive</kind>
         <file>rts2800_fpu32_eabi.lib</file>
         <name>fd_tol28.asm.obj</name>
      </input_file>
      <input_file id="fl-d2">
         <path>C:\ti\ccs1281\ccs\tools\compiler\ti-cgt-c2000_22.6.1.LTS\lib\</path>
         <kind>archive</kind>
         <file>rts2800_fpu32_eabi.lib</file>
         <name>ll_aox28.asm.obj</name>
      </input_file>
      <input_file id="fl-d3">
         <path>C:\ti\ccs1281\ccs\tools\compiler\ti-cgt-c2000_22.6.1.LTS\lib\</path>
         <kind>archive</kind>
         <file>rts2800_fpu32_eabi.lib</file>
         <name>ll_div28.asm.obj</name>
      </input_file>
      <input_file id="fl-d4">
         <path>C:\ti\ccs1281\ccs\tools\compiler\ti-cgt-c2000_22.6.1.LTS\lib\</path>
         <kind>archive</kind>
         <file>rts2800_fpu32_eabi.lib</file>
         <name>i_tofd28.asm.obj</name>
      </input_file>
      <input_file id="fl-d5">
         <path>C:\ti\ccs1281\ccs\tools\compiler\ti-cgt-c2000_22.6.1.LTS\lib\</path>
         <kind>archive</kind>
         <file>rts2800_fpu32_eabi.lib</file>
         <name>l_tofd28.asm.obj</name>
      </input_file>
      <input_file id="fl-d6">
         <path>C:\ti\ccs1281\ccs\tools\compiler\ti-cgt-c2000_22.6.1.LTS\lib\</path>
         <kind>archive</kind>
         <file>rts2800_fpu32_eabi.lib</file>
         <name>fd_div28.asm.obj</name>
      </input_file>
      <input_file id="fl-d7">
         <path>C:\ti\ccs1281\ccs\tools\compiler\ti-cgt-c2000_22.6.1.LTS\lib\</path>
         <kind>archive</kind>
         <file>rts2800_fpu32_eabi.lib</file>
         <name>cpy_tbl.c.obj</name>
      </input_file>
      <input_file id="fl-d8">
         <path>C:\ti\ccs1281\ccs\tools\compiler\ti-cgt-c2000_22.6.1.LTS\lib\</path>
         <kind>archive</kind>
         <file>rts2800_fpu32_eabi.lib</file>
         <name>startup.c.obj</name>
      </input_file>
      <input_file id="fl-d9">
         <path>C:\ti\ccs1281\ccs\tools\compiler\ti-cgt-c2000_22.6.1.LTS\lib\</path>
         <kind>archive</kind>
         <file>rts2800_fpu32_eabi.lib</file>
         <name>_ltoa.c.obj</name>
      </input_file>
      <input_file id="fl-da">
         <path>C:\ti\ccs1281\ccs\tools\compiler\ti-cgt-c2000_22.6.1.LTS\lib\</path>
         <kind>archive</kind>
         <file>rts2800_fpu32_eabi.lib</file>
         <name>atoi.c.obj</name>
      </input_file>
      <input_file id="fl-db">
         <path>C:\ti\ccs1281\ccs\tools\compiler\ti-cgt-c2000_22.6.1.LTS\lib\</path>
         <kind>archive</kind>
         <file>rts2800_fpu32_eabi.lib</file>
         <name>ctype.c.obj</name>
      </input_file>
      <input_file id="fl-dc">
         <path>C:\ti\ccs1281\ccs\tools\compiler\ti-cgt-c2000_22.6.1.LTS\lib\</path>
         <kind>archive</kind>
         <file>rts2800_fpu32_eabi.lib</file>
         <name>memccpy.c.obj</name>
      </input_file>
      <input_file id="fl-dd">
         <path>C:\ti\ccs1281\ccs\tools\compiler\ti-cgt-c2000_22.6.1.LTS\lib\</path>
         <kind>archive</kind>
         <file>rts2800_fpu32_eabi.lib</file>
         <name>memchr.c.obj</name>
      </input_file>
      <input_file id="fl-de">
         <path>C:\ti\ccs1281\ccs\tools\compiler\ti-cgt-c2000_22.6.1.LTS\lib\</path>
         <kind>archive</kind>
         <file>rts2800_fpu32_eabi.lib</file>
         <name>strcpy.c.obj</name>
      </input_file>
      <input_file id="fl-df">
         <path>C:\ti\ccs1281\ccs\tools\compiler\ti-cgt-c2000_22.6.1.LTS\lib\</path>
         <kind>archive</kind>
         <file>rts2800_fpu32_eabi.lib</file>
         <name>write.c.obj</name>
      </input_file>
      <input_file id="fl-e0">
         <path>C:\ti\ccs1281\ccs\tools\compiler\ti-cgt-c2000_22.6.1.LTS\lib\</path>
         <kind>archive</kind>
         <file>rts2800_fpu32_eabi.lib</file>
         <name>host_device.c.obj</name>
      </input_file>
      <input_file id="fl-e1">
         <path>C:\ti\ccs1281\ccs\tools\compiler\ti-cgt-c2000_22.6.1.LTS\lib\</path>
         <kind>archive</kind>
         <file>rts2800_fpu32_eabi.lib</file>
         <name>s_frexp.c.obj</name>
      </input_file>
      <input_file id="fl-e2">
         <path>C:\ti\ccs1281\ccs\tools\compiler\ti-cgt-c2000_22.6.1.LTS\lib\</path>
         <kind>archive</kind>
         <file>rts2800_fpu32_eabi.lib</file>
         <name>s_scalbn.c.obj</name>
      </input_file>
      <input_file id="fl-e3">
         <path>C:\ti\ccs1281\ccs\tools\compiler\ti-cgt-c2000_22.6.1.LTS\lib\</path>
         <kind>archive</kind>
         <file>rts2800_fpu32_eabi.lib</file>
         <name>wcslen.c.obj</name>
      </input_file>
      <input_file id="fl-e4">
         <path>C:\ti\ccs1281\ccs\tools\compiler\ti-cgt-c2000_22.6.1.LTS\lib\</path>
         <kind>archive</kind>
         <file>rts2800_fpu32_eabi.lib</file>
         <name>fopen.c.obj</name>
      </input_file>
      <input_file id="fl-e5">
         <path>C:\ti\ccs1281\ccs\tools\compiler\ti-cgt-c2000_22.6.1.LTS\lib\</path>
         <kind>archive</kind>
         <file>rts2800_fpu32_eabi.lib</file>
         <name>fseek.c.obj</name>
      </input_file>
      <input_file id="fl-e6">
         <path>C:\ti\ccs1281\ccs\tools\compiler\ti-cgt-c2000_22.6.1.LTS\lib\</path>
         <kind>archive</kind>
         <file>rts2800_fpu32_eabi.lib</file>
         <name>fd_add28.asm.obj</name>
      </input_file>
      <input_file id="fl-e7">
         <path>C:\ti\ccs1281\ccs\tools\compiler\ti-cgt-c2000_22.6.1.LTS\lib\</path>
         <kind>archive</kind>
         <file>rts2800_fpu32_eabi.lib</file>
         <name>l_div28.asm.obj</name>
      </input_file>
      <input_file id="fl-e8">
         <path>C:\ti\ccs1281\ccs\tools\compiler\ti-cgt-c2000_22.6.1.LTS\lib\</path>
         <kind>archive</kind>
         <file>rts2800_fpu32_eabi.lib</file>
         <name>hostclose.c.obj</name>
      </input_file>
      <input_file id="fl-e9">
         <path>C:\ti\ccs1281\ccs\tools\compiler\ti-cgt-c2000_22.6.1.LTS\lib\</path>
         <kind>archive</kind>
         <file>rts2800_fpu32_eabi.lib</file>
         <name>hostlseek.c.obj</name>
      </input_file>
      <input_file id="fl-ea">
         <path>C:\ti\ccs1281\ccs\tools\compiler\ti-cgt-c2000_22.6.1.LTS\lib\</path>
         <kind>archive</kind>
         <file>rts2800_fpu32_eabi.lib</file>
         <name>hostopen.c.obj</name>
      </input_file>
      <input_file id="fl-eb">
         <path>C:\ti\ccs1281\ccs\tools\compiler\ti-cgt-c2000_22.6.1.LTS\lib\</path>
         <kind>archive</kind>
         <file>rts2800_fpu32_eabi.lib</file>
         <name>hostread.c.obj</name>
      </input_file>
      <input_file id="fl-ec">
         <path>C:\ti\ccs1281\ccs\tools\compiler\ti-cgt-c2000_22.6.1.LTS\lib\</path>
         <kind>archive</kind>
         <file>rts2800_fpu32_eabi.lib</file>
         <name>hostrename.c.obj</name>
      </input_file>
      <input_file id="fl-ed">
         <path>C:\ti\ccs1281\ccs\tools\compiler\ti-cgt-c2000_22.6.1.LTS\lib\</path>
         <kind>archive</kind>
         <file>rts2800_fpu32_eabi.lib</file>
         <name>hostunlink.c.obj</name>
      </input_file>
      <input_file id="fl-ee">
         <path>C:\ti\ccs1281\ccs\tools\compiler\ti-cgt-c2000_22.6.1.LTS\lib\</path>
         <kind>archive</kind>
         <file>rts2800_fpu32_eabi.lib</file>
         <name>hostwrite.c.obj</name>
      </input_file>
      <input_file id="fl-ef">
         <path>C:\ti\ccs1281\ccs\tools\compiler\ti-cgt-c2000_22.6.1.LTS\lib\</path>
         <kind>archive</kind>
         <file>rts2800_fpu32_eabi.lib</file>
         <name>trgmsg.c.obj</name>
      </input_file>
      <input_file id="fl-f0">
         <path>C:\ti\ccs1281\ccs\tools\compiler\ti-cgt-c2000_22.6.1.LTS\lib\</path>
         <kind>archive</kind>
         <file>rts2800_fpu32_eabi.lib</file>
         <name>open.c.obj</name>
      </input_file>
      <input_file id="fl-f1">
         <path>C:\ti\ccs1281\ccs\tools\compiler\ti-cgt-c2000_22.6.1.LTS\lib\</path>
         <kind>archive</kind>
         <file>rts2800_fpu32_eabi.lib</file>
         <name>lseek.c.obj</name>
      </input_file>
      <input_file id="fl-f2">
         <path>C:\ti\ccs1281\ccs\tools\compiler\ti-cgt-c2000_22.6.1.LTS\lib\</path>
         <kind>archive</kind>
         <file>rts2800_fpu32_eabi.lib</file>
         <name>s_copysign.c.obj</name>
      </input_file>
      <input_file id="fl-f3">
         <path>C:\ti\ccs1281\ccs\tools\compiler\ti-cgt-c2000_22.6.1.LTS\lib\</path>
         <kind>archive</kind>
         <file>rts2800_fpu32_eabi.lib</file>
         <name>fclose.c.obj</name>
      </input_file>
      <input_file id="fl-f4">
         <path>C:\ti\ccs1281\ccs\tools\compiler\ti-cgt-c2000_22.6.1.LTS\lib\</path>
         <kind>archive</kind>
         <file>rts2800_fpu32_eabi.lib</file>
         <name>getdevice.c.obj</name>
      </input_file>
      <input_file id="fl-f5">
         <path>C:\ti\ccs1281\ccs\tools\compiler\ti-cgt-c2000_22.6.1.LTS\lib\</path>
         <kind>archive</kind>
         <file>rts2800_fpu32_eabi.lib</file>
         <name>strncpy.c.obj</name>
      </input_file>
      <input_file id="fl-f6">
         <path>C:\ti\ccs1281\ccs\tools\compiler\ti-cgt-c2000_22.6.1.LTS\lib\</path>
         <kind>archive</kind>
         <file>rts2800_fpu32_eabi.lib</file>
         <name>remove.c.obj</name>
      </input_file>
      <input_file id="fl-f7">
         <path>C:\ti\ccs1281\ccs\tools\compiler\ti-cgt-c2000_22.6.1.LTS\lib\</path>
         <kind>archive</kind>
         <file>rts2800_fpu32_eabi.lib</file>
         <name>close.c.obj</name>
      </input_file>
      <input_file id="fl-f8">
         <path>C:\ti\ccs1281\ccs\tools\compiler\ti-cgt-c2000_22.6.1.LTS\lib\</path>
         <kind>archive</kind>
         <file>rts2800_fpu32_eabi.lib</file>
         <name>unlink.c.obj</name>
      </input_file>
   </input_file_list>
   <object_component_list>
      <object_component id="oc-a6">
         <name>codestart</name>
         <load_address>0x80000</load_address>
         <run_address>0x80000</run_address>
         <size>0x2</size>
         <input_file_ref idref="fl-5"/>
      </object_component>
      <object_component id="oc-d1">
         <name>.text</name>
         <load_address>0x90000</load_address>
         <run_address>0x90000</run_address>
         <size>0x1064</size>
         <input_file_ref idref="fl-2"/>
      </object_component>
      <object_component id="oc-11b">
         <name>.text</name>
         <load_address>0x91064</load_address>
         <run_address>0x91064</run_address>
         <size>0xbd6</size>
         <input_file_ref idref="fl-95"/>
      </object_component>
      <object_component id="oc-474">
         <name>.text</name>
         <load_address>0x91c3a</load_address>
         <run_address>0x91c3a</run_address>
         <size>0x6c2</size>
         <input_file_ref idref="fl-c7"/>
      </object_component>
      <object_component id="oc-390">
         <name>.text:__TI_printfi</name>
         <load_address>0x922fc</load_address>
         <run_address>0x922fc</run_address>
         <size>0x614</size>
         <input_file_ref idref="fl-c7"/>
      </object_component>
      <object_component id="oc-1ce">
         <name>.text</name>
         <load_address>0x92910</load_address>
         <run_address>0x92910</run_address>
         <size>0x534</size>
         <input_file_ref idref="fl-91"/>
      </object_component>
      <object_component id="oc-bb">
         <name>.text:retain</name>
         <load_address>0x92e44</load_address>
         <run_address>0x92e44</run_address>
         <size>0x4b3</size>
         <input_file_ref idref="fl-b"/>
      </object_component>
      <object_component id="oc-274">
         <name>.text</name>
         <load_address>0x932f7</load_address>
         <run_address>0x932f7</run_address>
         <size>0x491</size>
         <input_file_ref idref="fl-49"/>
      </object_component>
      <object_component id="oc-1d4">
         <name>.text</name>
         <load_address>0x93788</load_address>
         <run_address>0x93788</run_address>
         <size>0x408</size>
         <input_file_ref idref="fl-87"/>
      </object_component>
      <object_component id="oc-33d">
         <name>.text</name>
         <load_address>0x93b90</load_address>
         <run_address>0x93b90</run_address>
         <size>0x38c</size>
         <input_file_ref idref="fl-a7"/>
      </object_component>
      <object_component id="oc-136">
         <name>.text</name>
         <load_address>0x93f1c</load_address>
         <run_address>0x93f1c</run_address>
         <size>0x363</size>
         <input_file_ref idref="fl-16"/>
      </object_component>
      <object_component id="oc-1e0">
         <name>.text</name>
         <load_address>0x9427f</load_address>
         <run_address>0x9427f</run_address>
         <size>0x356</size>
         <input_file_ref idref="fl-44"/>
      </object_component>
      <object_component id="oc-206">
         <name>.text</name>
         <load_address>0x945d5</load_address>
         <run_address>0x945d5</run_address>
         <size>0x344</size>
         <input_file_ref idref="fl-93"/>
      </object_component>
      <object_component id="oc-2ae">
         <name>.text</name>
         <load_address>0x94919</load_address>
         <run_address>0x94919</run_address>
         <size>0x2db</size>
         <input_file_ref idref="fl-32"/>
      </object_component>
      <object_component id="oc-2ea">
         <name>.text</name>
         <load_address>0x94bf4</load_address>
         <run_address>0x94bf4</run_address>
         <size>0x2a7</size>
         <input_file_ref idref="fl-76"/>
      </object_component>
      <object_component id="oc-2be">
         <name>.text</name>
         <load_address>0x94e9b</load_address>
         <run_address>0x94e9b</run_address>
         <size>0x298</size>
         <input_file_ref idref="fl-be"/>
      </object_component>
      <object_component id="oc-2cc">
         <name>.text</name>
         <load_address>0x95133</load_address>
         <run_address>0x95133</run_address>
         <size>0x229</size>
         <input_file_ref idref="fl-68"/>
      </object_component>
      <object_component id="oc-2a2">
         <name>.text</name>
         <load_address>0x9535c</load_address>
         <run_address>0x9535c</run_address>
         <size>0x20e</size>
         <input_file_ref idref="fl-1d"/>
      </object_component>
      <object_component id="oc-2f1">
         <name>.text</name>
         <load_address>0x9556a</load_address>
         <run_address>0x9556a</run_address>
         <size>0x1f0</size>
         <input_file_ref idref="fl-8b"/>
      </object_component>
      <object_component id="oc-3ac">
         <name>.text</name>
         <load_address>0x9575a</load_address>
         <run_address>0x9575a</run_address>
         <size>0x1c8</size>
         <input_file_ref idref="fl-4b"/>
      </object_component>
      <object_component id="oc-2fd">
         <name>.text</name>
         <load_address>0x95922</load_address>
         <run_address>0x95922</run_address>
         <size>0x1a9</size>
         <input_file_ref idref="fl-89"/>
      </object_component>
      <object_component id="oc-13f">
         <name>.text</name>
         <load_address>0x95acb</load_address>
         <run_address>0x95acb</run_address>
         <size>0x18d</size>
         <input_file_ref idref="fl-26"/>
      </object_component>
      <object_component id="oc-1e7">
         <name>.text</name>
         <load_address>0x95c58</load_address>
         <run_address>0x95c58</run_address>
         <size>0x187</size>
         <input_file_ref idref="fl-3"/>
      </object_component>
      <object_component id="oc-115">
         <name>.text</name>
         <load_address>0x95ddf</load_address>
         <run_address>0x95ddf</run_address>
         <size>0x171</size>
         <input_file_ref idref="fl-e"/>
      </object_component>
      <object_component id="oc-d0">
         <name>.text:retain</name>
         <load_address>0x95f50</load_address>
         <run_address>0x95f50</run_address>
         <size>0x155</size>
         <input_file_ref idref="fl-95"/>
      </object_component>
      <object_component id="oc-c5">
         <name>.text</name>
         <load_address>0x960a5</load_address>
         <run_address>0x960a5</run_address>
         <size>0x14a</size>
         <input_file_ref idref="fl-2a"/>
      </object_component>
      <object_component id="oc-3b8">
         <name>.text</name>
         <load_address>0x961ef</load_address>
         <run_address>0x961ef</run_address>
         <size>0x126</size>
         <input_file_ref idref="fl-4c"/>
      </object_component>
      <object_component id="oc-2de">
         <name>.text</name>
         <load_address>0x96315</load_address>
         <run_address>0x96315</run_address>
         <size>0x123</size>
         <input_file_ref idref="fl-62"/>
      </object_component>
      <object_component id="oc-4de">
         <name>.text</name>
         <load_address>0x96438</load_address>
         <run_address>0x96438</run_address>
         <size>0x121</size>
         <input_file_ref idref="fl-e4"/>
      </object_component>
      <object_component id="oc-23b">
         <name>.text</name>
         <load_address>0x96559</load_address>
         <run_address>0x96559</run_address>
         <size>0x1</size>
         <input_file_ref idref="fl-d8"/>
      </object_component>
      <object_component id="oc-1c5">
         <name>.text</name>
         <load_address>0x9655a</load_address>
         <run_address>0x9655a</run_address>
         <size>0x11e</size>
         <input_file_ref idref="fl-45"/>
      </object_component>
      <object_component id="oc-2f7">
         <name>.text</name>
         <load_address>0x96678</load_address>
         <run_address>0x96678</run_address>
         <size>0x119</size>
         <input_file_ref idref="fl-8f"/>
      </object_component>
      <object_component id="oc-2d8">
         <name>.text</name>
         <load_address>0x96791</load_address>
         <run_address>0x96791</run_address>
         <size>0x111</size>
         <input_file_ref idref="fl-72"/>
      </object_component>
      <object_component id="oc-463">
         <name>.text</name>
         <load_address>0x968a2</load_address>
         <run_address>0x968a2</run_address>
         <size>0x107</size>
         <input_file_ref idref="fl-d3"/>
      </object_component>
      <object_component id="oc-130">
         <name>.text</name>
         <load_address>0x969a9</load_address>
         <run_address>0x969a9</run_address>
         <size>0x101</size>
         <input_file_ref idref="fl-2f"/>
      </object_component>
      <object_component id="oc-3c2">
         <name>.text</name>
         <load_address>0x96aaa</load_address>
         <run_address>0x96aaa</run_address>
         <size>0xf7</size>
         <input_file_ref idref="fl-50"/>
      </object_component>
      <object_component id="oc-2c6">
         <name>.text</name>
         <load_address>0x96ba1</load_address>
         <run_address>0x96ba1</run_address>
         <size>0xf3</size>
         <input_file_ref idref="fl-71"/>
      </object_component>
      <object_component id="oc-2e4">
         <name>.text</name>
         <load_address>0x96c94</load_address>
         <run_address>0x96c94</run_address>
         <size>0xcf</size>
         <input_file_ref idref="fl-66"/>
      </object_component>
      <object_component id="oc-146">
         <name>.text</name>
         <load_address>0x96d64</load_address>
         <run_address>0x96d64</run_address>
         <size>0xce</size>
         <input_file_ref idref="fl-14"/>
      </object_component>
      <object_component id="oc-200">
         <name>.text</name>
         <load_address>0x96e32</load_address>
         <run_address>0x96e32</run_address>
         <size>0xb2</size>
         <input_file_ref idref="fl-8e"/>
      </object_component>
      <object_component id="oc-53b">
         <name>.text</name>
         <load_address>0x96ee4</load_address>
         <run_address>0x96ee4</run_address>
         <size>0xa9</size>
         <input_file_ref idref="fl-e2"/>
      </object_component>
      <object_component id="oc-28b">
         <name>.text</name>
         <load_address>0x96f8d</load_address>
         <run_address>0x96f8d</run_address>
         <size>0xa8</size>
         <input_file_ref idref="fl-c9"/>
      </object_component>
      <object_component id="oc-303">
         <name>.text</name>
         <load_address>0x97035</load_address>
         <run_address>0x97035</run_address>
         <size>0xa4</size>
         <input_file_ref idref="fl-8c"/>
      </object_component>
      <object_component id="oc-3b2">
         <name>.text</name>
         <load_address>0x970d9</load_address>
         <run_address>0x970d9</run_address>
         <size>0x9c</size>
         <input_file_ref idref="fl-47"/>
      </object_component>
      <object_component id="oc-5d1">
         <name>.text</name>
         <load_address>0x97175</load_address>
         <run_address>0x97175</run_address>
         <size>0x9c</size>
         <input_file_ref idref="fl-e6"/>
      </object_component>
      <object_component id="oc-614">
         <name>.text</name>
         <load_address>0x97212</load_address>
         <run_address>0x97212</run_address>
         <size>0x95</size>
         <input_file_ref idref="fl-ef"/>
      </object_component>
      <object_component id="oc-511">
         <name>.text</name>
         <load_address>0x972a7</load_address>
         <run_address>0x972a7</run_address>
         <size>0x8b</size>
         <input_file_ref idref="fl-d6"/>
      </object_component>
      <object_component id="oc-3f6">
         <name>.text</name>
         <load_address>0x97332</load_address>
         <run_address>0x97332</run_address>
         <size>0x88</size>
         <input_file_ref idref="fl-af"/>
      </object_component>
      <object_component id="oc-3da">
         <name>.text</name>
         <load_address>0x973ba</load_address>
         <run_address>0x973ba</run_address>
         <size>0x86</size>
         <input_file_ref idref="fl-61"/>
      </object_component>
      <object_component id="oc-516">
         <name>.text</name>
         <load_address>0x97440</load_address>
         <run_address>0x97440</run_address>
         <size>0x83</size>
         <input_file_ref idref="fl-cd"/>
      </object_component>
      <object_component id="oc-426">
         <name>.text</name>
         <load_address>0x974c3</load_address>
         <run_address>0x974c3</run_address>
         <size>0x7c</size>
         <input_file_ref idref="fl-cb"/>
      </object_component>
      <object_component id="oc-121">
         <name>.text</name>
         <load_address>0x9753f</load_address>
         <run_address>0x9753f</run_address>
         <size>0x79</size>
         <input_file_ref idref="fl-92"/>
      </object_component>
      <object_component id="oc-20c">
         <name>.text</name>
         <load_address>0x975b8</load_address>
         <run_address>0x975b8</run_address>
         <size>0x76</size>
         <input_file_ref idref="fl-94"/>
      </object_component>
      <object_component id="oc-291">
         <name>.text</name>
         <load_address>0x9762e</load_address>
         <run_address>0x9762e</run_address>
         <size>0x73</size>
         <input_file_ref idref="fl-c8"/>
      </object_component>
      <object_component id="oc-574">
         <name>.text</name>
         <load_address>0x976a1</load_address>
         <run_address>0x976a1</run_address>
         <size>0x71</size>
         <input_file_ref idref="fl-f0"/>
      </object_component>
      <object_component id="oc-356">
         <name>.text</name>
         <load_address>0x97712</load_address>
         <run_address>0x97712</run_address>
         <size>0x65</size>
         <input_file_ref idref="fl-ca"/>
      </object_component>
      <object_component id="oc-488">
         <name>.text</name>
         <load_address>0x97777</load_address>
         <run_address>0x97777</run_address>
         <size>0x62</size>
         <input_file_ref idref="fl-ab"/>
      </object_component>
      <object_component id="oc-59e">
         <name>.text</name>
         <load_address>0x977d9</load_address>
         <run_address>0x977d9</run_address>
         <size>0x61</size>
         <input_file_ref idref="fl-e9"/>
      </object_component>
      <object_component id="oc-57a">
         <name>.text</name>
         <load_address>0x9783a</load_address>
         <run_address>0x9783a</run_address>
         <size>0x5d</size>
         <input_file_ref idref="fl-f3"/>
      </object_component>
      <object_component id="oc-535">
         <name>.text</name>
         <load_address>0x97897</load_address>
         <run_address>0x97897</run_address>
         <size>0x5a</size>
         <input_file_ref idref="fl-e1"/>
      </object_component>
      <object_component id="oc-40a">
         <name>.text</name>
         <load_address>0x978f1</load_address>
         <run_address>0x978f1</run_address>
         <size>0x58</size>
         <input_file_ref idref="fl-aa"/>
      </object_component>
      <object_component id="oc-5f5">
         <name>.text</name>
         <load_address>0x97949</load_address>
         <run_address>0x97949</run_address>
         <size>0x51</size>
         <input_file_ref idref="fl-f4"/>
      </object_component>
      <object_component id="oc-14c">
         <name>.text</name>
         <load_address>0x9799a</load_address>
         <run_address>0x9799a</run_address>
         <size>0x4d</size>
         <input_file_ref idref="fl-22"/>
      </object_component>
      <object_component id="oc-3ce">
         <name>.text</name>
         <load_address>0x979e7</load_address>
         <run_address>0x979e7</run_address>
         <size>0x4b</size>
         <input_file_ref idref="fl-82"/>
      </object_component>
      <object_component id="oc-5aa">
         <name>.text</name>
         <load_address>0x97a32</load_address>
         <run_address>0x97a32</run_address>
         <size>0x3e</size>
         <input_file_ref idref="fl-ec"/>
      </object_component>
      <object_component id="oc-420">
         <name>.text</name>
         <load_address>0x97a70</load_address>
         <run_address>0x97a70</run_address>
         <size>0x3d</size>
         <input_file_ref idref="fl-e5"/>
      </object_component>
      <object_component id="oc-586">
         <name>.text</name>
         <load_address>0x97aad</load_address>
         <run_address>0x97aad</run_address>
         <size>0x3a</size>
         <input_file_ref idref="fl-ea"/>
      </object_component>
      <object_component id="oc-598">
         <name>.text</name>
         <load_address>0x97ae7</load_address>
         <run_address>0x97ae7</run_address>
         <size>0x39</size>
         <input_file_ref idref="fl-ee"/>
      </object_component>
      <object_component id="oc-592">
         <name>.text</name>
         <load_address>0x97b20</load_address>
         <run_address>0x97b20</run_address>
         <size>0x38</size>
         <input_file_ref idref="fl-eb"/>
      </object_component>
      <object_component id="oc-5fd">
         <name>.text</name>
         <load_address>0x97b58</load_address>
         <run_address>0x97b58</run_address>
         <size>0x33</size>
         <input_file_ref idref="fl-f7"/>
      </object_component>
      <object_component id="oc-3c8">
         <name>.text</name>
         <load_address>0x97b8b</load_address>
         <run_address>0x97b8b</run_address>
         <size>0x32</size>
         <input_file_ref idref="fl-83"/>
      </object_component>
      <object_component id="oc-458">
         <name>.text</name>
         <load_address>0x97bbd</load_address>
         <run_address>0x97bbd</run_address>
         <size>0x31</size>
         <input_file_ref idref="fl-da"/>
      </object_component>
      <object_component id="oc-8e">
         <name>.text:decompress:lzss</name>
         <load_address>0x97bee</load_address>
         <run_address>0x97bee</run_address>
         <size>0x30</size>
         <input_file_ref idref="fl-b8"/>
      </object_component>
      <object_component id="oc-520">
         <name>.text</name>
         <load_address>0x97c1e</load_address>
         <run_address>0x97c1e</run_address>
         <size>0x30</size>
         <input_file_ref idref="fl-d9"/>
      </object_component>
      <object_component id="oc-1f4">
         <name>.text</name>
         <load_address>0x97c4e</load_address>
         <run_address>0x97c4e</run_address>
         <size>0x30</size>
         <input_file_ref idref="fl-ad"/>
      </object_component>
      <object_component id="oc-169">
         <name>.text:__TI_auto_init_nobinit_nopinit</name>
         <load_address>0x97c7e</load_address>
         <run_address>0x97c7e</run_address>
         <size>0x2b</size>
         <input_file_ref idref="fl-b5"/>
      </object_component>
      <object_component id="oc-507">
         <name>.text</name>
         <load_address>0x97ca9</load_address>
         <run_address>0x97ca9</run_address>
         <size>0x2a</size>
         <input_file_ref idref="fl-cc"/>
      </object_component>
      <object_component id="oc-5c9">
         <name>.text</name>
         <load_address>0x97cd3</load_address>
         <run_address>0x97cd3</run_address>
         <size>0x2a</size>
         <input_file_ref idref="fl-e7"/>
      </object_component>
      <object_component id="oc-100">
         <name>.text</name>
         <load_address>0x97cfd</load_address>
         <run_address>0x97cfd</run_address>
         <size>0x29</size>
         <input_file_ref idref="fl-b9"/>
      </object_component>
      <object_component id="oc-58c">
         <name>.text</name>
         <load_address>0x97d26</load_address>
         <run_address>0x97d26</run_address>
         <size>0x29</size>
         <input_file_ref idref="fl-e8"/>
      </object_component>
      <object_component id="oc-3fb">
         <name>.text</name>
         <load_address>0x97d50</load_address>
         <run_address>0x97d50</run_address>
         <size>0x27</size>
         <input_file_ref idref="fl-a8"/>
      </object_component>
      <object_component id="oc-2d2">
         <name>.text</name>
         <load_address>0x97d77</load_address>
         <run_address>0x97d77</run_address>
         <size>0x26</size>
         <input_file_ref idref="fl-59"/>
      </object_component>
      <object_component id="oc-5a4">
         <name>.text</name>
         <load_address>0x97d9d</load_address>
         <run_address>0x97d9d</run_address>
         <size>0x24</size>
         <input_file_ref idref="fl-ed"/>
      </object_component>
      <object_component id="oc-5e0">
         <name>.text</name>
         <load_address>0x97dc1</load_address>
         <run_address>0x97dc1</run_address>
         <size>0x24</size>
         <input_file_ref idref="fl-f2"/>
      </object_component>
      <object_component id="oc-530">
         <name>.text</name>
         <load_address>0x97de5</load_address>
         <run_address>0x97de5</run_address>
         <size>0x21</size>
         <input_file_ref idref="fl-d0"/>
      </object_component>
      <object_component id="oc-c4">
         <name>.text:retain</name>
         <load_address>0x97e06</load_address>
         <run_address>0x97e06</run_address>
         <size>0x20</size>
         <input_file_ref idref="fl-2a"/>
      </object_component>
      <object_component id="oc-51b">
         <name>.text</name>
         <load_address>0x97e26</load_address>
         <run_address>0x97e26</run_address>
         <size>0x1f</size>
         <input_file_ref idref="fl-d1"/>
      </object_component>
      <object_component id="oc-45e">
         <name>.text</name>
         <load_address>0x97e45</load_address>
         <run_address>0x97e45</run_address>
         <size>0x1e</size>
         <input_file_ref idref="fl-b0"/>
      </object_component>
      <object_component id="oc-541">
         <name>.text</name>
         <load_address>0x97e63</load_address>
         <run_address>0x97e63</run_address>
         <size>0x1d</size>
         <input_file_ref idref="fl-d4"/>
      </object_component>
      <object_component id="oc-df">
         <name>.text</name>
         <load_address>0x97e80</load_address>
         <run_address>0x97e80</run_address>
         <size>0x1d</size>
         <input_file_ref idref="fl-b3"/>
      </object_component>
      <object_component id="oc-526">
         <name>.text</name>
         <load_address>0x97e9d</load_address>
         <run_address>0x97e9d</run_address>
         <size>0x1c</size>
         <input_file_ref idref="fl-d5"/>
      </object_component>
      <object_component id="oc-606">
         <name>.text</name>
         <load_address>0x97eb9</load_address>
         <run_address>0x97eb9</run_address>
         <size>0x19</size>
         <input_file_ref idref="fl-f8"/>
      </object_component>
      <object_component id="oc-362">
         <name>.text</name>
         <load_address>0x97ed2</load_address>
         <run_address>0x97ed2</run_address>
         <size>0x19</size>
         <input_file_ref idref="fl-df"/>
      </object_component>
      <object_component id="oc-280">
         <name>.text</name>
         <load_address>0x97eeb</load_address>
         <run_address>0x97eeb</run_address>
         <size>0x18</size>
         <input_file_ref idref="fl-36"/>
      </object_component>
      <object_component id="oc-468">
         <name>.text</name>
         <load_address>0x97f03</load_address>
         <run_address>0x97f03</run_address>
         <size>0x18</size>
         <input_file_ref idref="fl-d2"/>
      </object_component>
      <object_component id="oc-4d6">
         <name>.text</name>
         <load_address>0x97f1b</load_address>
         <run_address>0x97f1b</run_address>
         <size>0x18</size>
         <input_file_ref idref="fl-f1"/>
      </object_component>
      <object_component id="oc-9b">
         <name>.text</name>
         <load_address>0x97f33</load_address>
         <run_address>0x97f33</run_address>
         <size>0x17</size>
         <input_file_ref idref="fl-ae"/>
      </object_component>
      <object_component id="oc-29a">
         <name>.text</name>
         <load_address>0x97f4a</load_address>
         <run_address>0x97f4a</run_address>
         <size>0x16</size>
         <input_file_ref idref="fl-43"/>
      </object_component>
      <object_component id="oc-645">
         <name>.text</name>
         <load_address>0x97f60</load_address>
         <run_address>0x97f60</run_address>
         <size>0x15</size>
         <input_file_ref idref="fl-f5"/>
      </object_component>
      <object_component id="oc-4c8">
         <name>.text</name>
         <load_address>0x97f75</load_address>
         <run_address>0x97f75</run_address>
         <size>0x11</size>
         <input_file_ref idref="fl-ac"/>
      </object_component>
      <object_component id="oc-450">
         <name>.text</name>
         <load_address>0x97f86</load_address>
         <run_address>0x97f86</run_address>
         <size>0x10</size>
         <input_file_ref idref="fl-dc"/>
      </object_component>
      <object_component id="oc-52b">
         <name>.text</name>
         <load_address>0x97f96</load_address>
         <run_address>0x97f96</run_address>
         <size>0xe</size>
         <input_file_ref idref="fl-cf"/>
      </object_component>
      <object_component id="oc-1da">
         <name>.text</name>
         <load_address>0x97fa4</load_address>
         <run_address>0x97fa4</run_address>
         <size>0xd</size>
         <input_file_ref idref="fl-bc"/>
      </object_component>
      <object_component id="oc-35c">
         <name>.text</name>
         <load_address>0x97fb1</load_address>
         <run_address>0x97fb1</run_address>
         <size>0xd</size>
         <input_file_ref idref="fl-dd"/>
      </object_component>
      <object_component id="oc-fa">
         <name>.text</name>
         <load_address>0x97fbe</load_address>
         <run_address>0x97fbe</run_address>
         <size>0xc</size>
         <input_file_ref idref="fl-bb"/>
      </object_component>
      <object_component id="oc-546">
         <name>.text</name>
         <load_address>0x97fca</load_address>
         <run_address>0x97fca</run_address>
         <size>0xc</size>
         <input_file_ref idref="fl-c1"/>
      </object_component>
      <object_component id="oc-46d">
         <name>.text</name>
         <load_address>0x97fd6</load_address>
         <run_address>0x97fd6</run_address>
         <size>0xb</size>
         <input_file_ref idref="fl-e3"/>
      </object_component>
      <object_component id="oc-63f">
         <name>.text</name>
         <load_address>0x97fe1</load_address>
         <run_address>0x97fe1</run_address>
         <size>0xa</size>
         <input_file_ref idref="fl-c2"/>
      </object_component>
      <object_component id="oc-255">
         <name>.text</name>
         <load_address>0x97feb</load_address>
         <run_address>0x97feb</run_address>
         <size>0x9</size>
         <input_file_ref idref="fl-ba"/>
      </object_component>
      <object_component id="oc-50c">
         <name>.text</name>
         <load_address>0x97ff4</load_address>
         <run_address>0x97ff4</run_address>
         <size>0x9</size>
         <input_file_ref idref="fl-ce"/>
      </object_component>
      <object_component id="oc-94">
         <name>.text:decompress:none</name>
         <load_address>0x97ffd</load_address>
         <run_address>0x97ffd</run_address>
         <size>0x8</size>
         <input_file_ref idref="fl-b7"/>
      </object_component>
      <object_component id="oc-107">
         <name>.text</name>
         <load_address>0x98005</load_address>
         <run_address>0x98005</run_address>
         <size>0x8</size>
         <input_file_ref idref="fl-5"/>
      </object_component>
      <object_component id="oc-1fa">
         <name>.text</name>
         <load_address>0x9800d</load_address>
         <run_address>0x9800d</run_address>
         <size>0x8</size>
         <input_file_ref idref="fl-c3"/>
      </object_component>
      <object_component id="oc-160">
         <name>.text</name>
         <load_address>0x98015</load_address>
         <run_address>0x98015</run_address>
         <size>0x7</size>
         <input_file_ref idref="fl-bf"/>
      </object_component>
      <object_component id="oc-ed">
         <name>.text:decompress:ZI</name>
         <load_address>0x9801c</load_address>
         <run_address>0x9801c</run_address>
         <size>0x6</size>
         <input_file_ref idref="fl-b6"/>
      </object_component>
      <object_component id="oc-44a">
         <name>.text</name>
         <load_address>0x98022</load_address>
         <run_address>0x98022</run_address>
         <size>0x5</size>
         <input_file_ref idref="fl-de"/>
      </object_component>
      <object_component id="oc-1ed">
         <name>.text</name>
[...]
         <value>0xb398</value>
         <object_component_ref idref="oc-13c"/>
      </symbol>
      <symbol id="sm-9fe">
         <name>idc_src</name>
         <value>0xb382</value>
         <object_component_ref idref="oc-13c"/>
      </symbol>
      <symbol id="sm-a46">
         <name>powf</name>
         <value>0x93b90</value>
         <object_component_ref idref="oc-33d"/>
      </symbol>
      <symbol id="sm-a57">
         <name>sqrtf</name>
         <value>0x97d50</value>
         <object_component_ref idref="oc-3fb"/>
      </symbol>
      <symbol id="sm-a6c">
         <name>scalbnf</name>
         <value>0x978f1</value>
         <object_component_ref idref="oc-40a"/>
      </symbol>
      <symbol id="sm-a6d">
         <name>ldexpf</name>
         <value>0x978f1</value>
         <object_component_ref idref="oc-40a"/>
      </symbol>
      <symbol id="sm-a7d">
         <name>tanf</name>
         <value>0x97777</value>
         <object_component_ref idref="oc-488"/>
      </symbol>
      <symbol id="sm-a8a">
         <name>copysignf</name>
         <value>0x97f75</value>
         <object_component_ref idref="oc-4c8"/>
      </symbol>
      <symbol id="sm-a99">
         <name>vsprintf</name>
         <value>0x97c4e</value>
         <object_component_ref idref="oc-1f4"/>
      </symbol>
      <symbol id="sm-aa3">
         <name>_c_int00</name>
         <value>0x97f33</value>
         <object_component_ref idref="oc-9b"/>
      </symbol>
      <symbol id="sm-aa4">
         <name>__stack</name>
         <value>0x400</value>
         <object_component_ref idref="oc-dc"/>
      </symbol>
      <symbol id="sm-ab1">
         <name>__c28xabi_divf</name>
         <value>0x97332</value>
         <object_component_ref idref="oc-3f6"/>
      </symbol>
      <symbol id="sm-abb">
         <name>__c28xabi_cmpll</name>
         <value>0x97e45</value>
         <object_component_ref idref="oc-45e"/>
      </symbol>
      <symbol id="sm-abc">
         <name>__c28xabi_cmpull</name>
         <value>0x97e57</value>
         <object_component_ref idref="oc-45e"/>
      </symbol>
      <symbol id="sm-ad0">
         <name>memcpy</name>
         <value>0x97e80</value>
         <object_component_ref idref="oc-df"/>
      </symbol>
      <symbol id="sm-add">
         <name>_system_pre_init</name>
         <value>0x9802b</value>
         <object_component_ref idref="oc-f3"/>
      </symbol>
      <symbol id="sm-aec">
         <name>__TI_auto_init_nobinit_nopinit</name>
         <value>0x97c7e</value>
         <object_component_ref idref="oc-169"/>
      </symbol>
      <symbol id="sm-af9">
         <name>__TI_zero_init</name>
         <value>0x9801c</value>
         <object_component_ref idref="oc-ed"/>
      </symbol>
      <symbol id="sm-b06">
         <name>__TI_decompress_none</name>
         <value>0x97ffd</value>
         <object_component_ref idref="oc-94"/>
      </symbol>
      <symbol id="sm-b1a">
         <name>__TI_decompress_lzss</name>
         <value>0x97bee</value>
         <object_component_ref idref="oc-8e"/>
      </symbol>
      <symbol id="sm-b30">
         <name>C$$EXIT</name>
         <value>0x97cfd</value>
         <object_component_ref idref="oc-100"/>
      </symbol>
      <symbol id="sm-b31">
         <name>abort</name>
         <value>0x97cfd</value>
         <object_component_ref idref="oc-100"/>
      </symbol>
      <symbol id="sm-b32">
         <name>exit</name>
         <value>0x97cff</value>
         <object_component_ref idref="oc-100"/>
      </symbol>
      <symbol id="sm-b33">
         <name>__TI_dtors_ptr</name>
         <value>0xb8fc</value>
         <object_component_ref idref="oc-19b"/>
      </symbol>
      <symbol id="sm-b34">
         <name>__TI_cleanup_ptr</name>
         <value>0xb8fa</value>
         <object_component_ref idref="oc-19b"/>
      </symbol>
      <symbol id="sm-b35">
         <name>__TI_enable_exit_profile_output</name>
         <value>0xb8f8</value>
         <object_component_ref idref="oc-19b"/>
      </symbol>
      <symbol id="sm-b4c">
         <name>_nop</name>
         <value>0x97ff3</value>
         <object_component_ref idref="oc-255"/>
      </symbol>
      <symbol id="sm-b4d">
         <name>_lock</name>
         <value>0xb8fe</value>
         <object_component_ref idref="oc-19e"/>
      </symbol>
      <symbol id="sm-b4e">
         <name>_unlock</name>
         <value>0xb904</value>
         <object_component_ref idref="oc-32f"/>
      </symbol>
      <symbol id="sm-b4f">
         <name>_register_lock</name>
         <value>0x97fef</value>
         <object_component_ref idref="oc-255"/>
      </symbol>
      <symbol id="sm-b50">
         <name>_register_unlock</name>
         <value>0x97feb</value>
         <object_component_ref idref="oc-255"/>
      </symbol>
      <symbol id="sm-b5f">
         <name>_args_main</name>
         <value>0x97fbe</value>
         <object_component_ref idref="oc-fa"/>
      </symbol>
      <symbol id="sm-b6c">
         <name>_abort_msg</name>
         <value>0x97fa4</value>
         <object_component_ref idref="oc-1da"/>
      </symbol>
      <symbol id="sm-b81">
         <name>__TI_tmpnams</name>
         <value>0xb246</value>
         <object_component_ref idref="oc-603"/>
      </symbol>
      <symbol id="sm-b82">
         <name>_ftable</name>
         <value>0xb7d8</value>
         <object_component_ref idref="oc-288"/>
      </symbol>
      <symbol id="sm-b83">
         <name>__TI_ft_end</name>
         <value>0xb908</value>
         <object_component_ref idref="oc-36b"/>
      </symbol>
      <symbol id="sm-bea">
         <name>_sys_memory</name>
         <value>0xb3d8</value>
         <object_component_ref idref="oc-39f"/>
      </symbol>
      <symbol id="sm-beb">
         <name>free</name>
         <value>0x94ec6</value>
         <object_component_ref idref="oc-2be"/>
      </symbol>
      <symbol id="sm-bec">
         <name>__TI_heap_total_available</name>
         <value>0x950f3</value>
         <object_component_ref idref="oc-2be"/>
      </symbol>
      <symbol id="sm-bed">
         <name>__TI_heap_largest_available</name>
         <value>0x95112</value>
         <object_component_ref idref="oc-2be"/>
      </symbol>
      <symbol id="sm-bee">
         <name>realloc</name>
         <value>0x94f90</value>
         <object_component_ref idref="oc-2be"/>
      </symbol>
      <symbol id="sm-bef">
         <name>memalign</name>
         <value>0x95045</value>
         <object_component_ref idref="oc-2be"/>
      </symbol>
      <symbol id="sm-bf0">
         <name>calloc</name>
         <value>0x95018</value>
         <object_component_ref idref="oc-2be"/>
      </symbol>
      <symbol id="sm-bf1">
         <name>malloc</name>
         <value>0x94e9b</value>
         <object_component_ref idref="oc-2be"/>
      </symbol>
      <symbol id="sm-bf2">
         <name>__TI_heap_check</name>
         <value>0x95131</value>
         <object_component_ref idref="oc-2be"/>
      </symbol>
      <symbol id="sm-bf3">
         <name>aligned_alloc</name>
         <value>0x95045</value>
         <object_component_ref idref="oc-2be"/>
      </symbol>
      <symbol id="sm-bf4">
         <name>minit</name>
         <value>0x95014</value>
         <object_component_ref idref="oc-2be"/>
      </symbol>
      <symbol id="sm-c03">
         <name>memset</name>
         <value>0x98015</value>
         <object_component_ref idref="oc-160"/>
      </symbol>
      <symbol id="sm-c14">
         <name>strchr</name>
         <value>0x97fca</value>
         <object_component_ref idref="oc-546"/>
      </symbol>
      <symbol id="sm-c23">
         <name>strcmp</name>
         <value>0x97fe1</value>
         <object_component_ref idref="oc-63f"/>
      </symbol>
      <symbol id="sm-c31">
         <name>strlen</name>
         <value>0x9800d</value>
         <object_component_ref idref="oc-1fa"/>
      </symbol>
      <symbol id="sm-c3d">
         <name>errno</name>
         <value>0xb909</value>
         <object_component_ref idref="oc-410"/>
      </symbol>
      <symbol id="sm-da6">
         <name>__TI_printfi</name>
         <value>0x9278b</value>
         <object_component_ref idref="oc-390"/>
      </symbol>
      <symbol id="sm-dbd">
         <name>__TI_doflush</name>
         <value>0x9762e</value>
         <object_component_ref idref="oc-291"/>
      </symbol>
      <symbol id="sm-dbe">
         <name>fflush</name>
         <value>0x9765d</value>
         <object_component_ref idref="oc-291"/>
      </symbol>
      <symbol id="sm-ddb">
         <name>puts</name>
         <value>0x97022</value>
         <object_component_ref idref="oc-28b"/>
      </symbol>
      <symbol id="sm-ddc">
         <name>fputs</name>
         <value>0x96f8d</value>
         <object_component_ref idref="oc-28b"/>
      </symbol>
      <symbol id="sm-df4">
         <name>__TI_wrt_ok</name>
         <value>0x97712</value>
         <object_component_ref idref="oc-356"/>
      </symbol>
      <symbol id="sm-df5">
         <name>__TI_rd_ok</name>
         <value>0x9774c</value>
         <object_component_ref idref="oc-356"/>
      </symbol>
      <symbol id="sm-e0d">
         <name>setvbuf</name>
         <value>0x974c3</value>
         <object_component_ref idref="oc-426"/>
      </symbol>
      <symbol id="sm-e19">
         <name>__c28xabi_cmpd</name>
         <value>0x97ca9</value>
         <object_component_ref idref="oc-507"/>
      </symbol>
      <symbol id="sm-e27">
         <name>__c28xabi_mpyd</name>
         <value>0x97440</value>
         <object_component_ref idref="oc-516"/>
      </symbol>
      <symbol id="sm-e30">
         <name>__c28xabi_negd</name>
         <value>0x97ff4</value>
         <object_component_ref idref="oc-50c"/>
      </symbol>
      <symbol id="sm-e38">
         <name>__c28xabi_subd</name>
         <value>0x97f96</value>
         <object_component_ref idref="oc-52b"/>
      </symbol>
      <symbol id="sm-e43">
         <name>__c28xabi_dtoi</name>
         <value>0x97de5</value>
         <object_component_ref idref="oc-530"/>
      </symbol>
      <symbol id="sm-e4e">
         <name>__c28xabi_dtol</name>
         <value>0x97e26</value>
         <object_component_ref idref="oc-51b"/>
      </symbol>
      <symbol id="sm-e56">
         <name>__c28xabi_orll</name>
         <value>0x97f0b</value>
         <object_component_ref idref="oc-468"/>
      </symbol>
      <symbol id="sm-e57">
         <name>__c28xabi_xorll</name>
         <value>0x97f13</value>
         <object_component_ref idref="oc-468"/>
      </symbol>
      <symbol id="sm-e58">
         <name>__c28xabi_andll</name>
         <value>0x97f03</value>
         <object_component_ref idref="oc-468"/>
      </symbol>
      <symbol id="sm-e7f">
         <name>__c28xabi_modull</name>
         <value>0x96947</value>
         <object_component_ref idref="oc-463"/>
      </symbol>
      <symbol id="sm-e80">
         <name>__c28xabi_divull</name>
         <value>0x96918</value>
         <object_component_ref idref="oc-463"/>
      </symbol>
      <symbol id="sm-e81">
         <name>__c28xabi_divll</name>
         <value>0x968a2</value>
         <object_component_ref idref="oc-463"/>
      </symbol>
      <symbol id="sm-e82">
         <name>__c28xabi_modll</name>
         <value>0x968de</value>
         <object_component_ref idref="oc-463"/>
      </symbol>
      <symbol id="sm-e8e">
         <name>__c28xabi_itod</name>
         <value>0x97e63</value>
         <object_component_ref idref="oc-541"/>
      </symbol>
      <symbol id="sm-e9a">
         <name>__c28xabi_ltod</name>
         <value>0x97e9d</value>
         <object_component_ref idref="oc-526"/>
      </symbol>
      <symbol id="sm-ead">
         <name>__c28xabi_divd</name>
         <value>0x972a7</value>
         <object_component_ref idref="oc-511"/>
      </symbol>
      <symbol id="sm-ebb">
         <name>_system_post_cinit</name>
         <value>0x96559</value>
         <object_component_ref idref="oc-23b"/>
      </symbol>
      <symbol id="sm-eca">
         <name>__TI_ltoa</name>
         <value>0x97c1e</value>
         <object_component_ref idref="oc-520"/>
      </symbol>
      <symbol id="sm-edf">
         <name>atoi</name>
         <value>0x97bbd</value>
         <object_component_ref idref="oc-458"/>
      </symbol>
      <symbol id="sm-eea">
         <name>_ctypes_</name>
         <value>0x85e9a</value>
         <object_component_ref idref="oc-4fc"/>
      </symbol>
      <symbol id="sm-efa">
         <name>memccpy</name>
         <value>0x97f86</value>
         <object_component_ref idref="oc-450"/>
      </symbol>
      <symbol id="sm-f0a">
         <name>memchr</name>
         <value>0x97fb1</value>
         <object_component_ref idref="oc-35c"/>
      </symbol>
      <symbol id="sm-f18">
         <name>strcpy</name>
         <value>0x98022</value>
         <object_component_ref idref="oc-44a"/>
      </symbol>
      <symbol id="sm-f26">
         <name>write</name>
         <value>0x97ed2</value>
         <object_component_ref idref="oc-362"/>
      </symbol>
      <symbol id="sm-f36">
         <name>_stream</name>
         <value>0xb8d0</value>
         <object_component_ref idref="oc-430"/>
      </symbol>
      <symbol id="sm-f37">
         <name>_device</name>
         <value>0xb850</value>
         <object_component_ref idref="oc-4ec"/>
      </symbol>
      <symbol id="sm-f4e">
         <name>frexpl</name>
         <value>0x97897</value>
         <object_component_ref idref="oc-535"/>
      </symbol>
      <symbol id="sm-f4f">
         <name>frexp</name>
         <value>0x97897</value>
         <object_component_ref idref="oc-535"/>
      </symbol>
      <symbol id="sm-f71">
         <name>scalbn</name>
         <value>0x96ee4</value>
         <object_component_ref idref="oc-53b"/>
      </symbol>
      <symbol id="sm-f72">
         <name>scalbnl</name>
         <value>0x96ee4</value>
         <object_component_ref idref="oc-53b"/>
      </symbol>
      <symbol id="sm-f73">
         <name>ldexpl</name>
         <value>0x96ee4</value>
         <object_component_ref idref="oc-53b"/>
      </symbol>
      <symbol id="sm-f74">
         <name>ldexp</name>
         <value>0x96ee4</value>
         <object_component_ref idref="oc-53b"/>
      </symbol>
      <symbol id="sm-f83">
         <name>wcslen</name>
         <value>0x97fd6</value>
         <object_component_ref idref="oc-46d"/>
      </symbol>
      <symbol id="sm-fbc">
         <name>__TI_cleanup</name>
         <value>0x964d7</value>
         <object_component_ref idref="oc-4de"/>
      </symbol>
      <symbol id="sm-fbd">
         <name>freopen</name>
         <value>0x964f4</value>
         <object_component_ref idref="oc-4de"/>
      </symbol>
      <symbol id="sm-fbe">
         <name>fopen</name>
         <value>0x96512</value>
         <object_component_ref idref="oc-4de"/>
      </symbol>
      <symbol id="sm-fcf">
         <name>fseeko</name>
         <value>0x97a70</value>
         <object_component_ref idref="oc-420"/>
      </symbol>
      <symbol id="sm-fd0">
         <name>fseek</name>
         <value>0x97a70</value>
         <object_component_ref idref="oc-420"/>
      </symbol>
      <symbol id="sm-fe7">
         <name>__c28xabi_addd</name>
         <value>0x97175</value>
         <object_component_ref idref="oc-5d1"/>
      </symbol>
      <symbol id="sm-fef">
         <name>__c28xabi_divul</name>
         <value>0x97cf0</value>
         <object_component_ref idref="oc-5c9"/>
      </symbol>
      <symbol id="sm-ff0">
         <name>__c28xabi_modul</name>
         <value>0x97cf7</value>
         <object_component_ref idref="oc-5c9"/>
      </symbol>
      <symbol id="sm-ff1">
         <name>__c28xabi_modl</name>
         <value>0x97ce2</value>
         <object_component_ref idref="oc-5c9"/>
      </symbol>
      <symbol id="sm-ff2">
         <name>__c28xabi_divl</name>
         <value>0x97cd3</value>
         <object_component_ref idref="oc-5c9"/>
      </symbol>
      <symbol id="sm-fff">
         <name>HOSTclose</name>
         <value>0x97d26</value>
         <object_component_ref idref="oc-58c"/>
      </symbol>
      <symbol id="sm-100c">
         <name>HOSTlseek</name>
         <value>0x977d9</value>
         <object_component_ref idref="oc-59e"/>
      </symbol>
      <symbol id="sm-101f">
         <name>parmbuf</name>
         <value>0xac02</value>
         <object_component_ref idref="oc-611"/>
      </symbol>
      <symbol id="sm-1020">
         <name>HOSTopen</name>
         <value>0x97aad</value>
         <object_component_ref idref="oc-586"/>
      </symbol>
      <symbol id="sm-102e">
         <name>HOSTread</name>
         <value>0x97b20</value>
         <object_component_ref idref="oc-592"/>
      </symbol>
      <symbol id="sm-103b">
         <name>HOSTrename</name>
         <value>0x97a32</value>
         <object_component_ref idref="oc-5aa"/>
      </symbol>
      <symbol id="sm-1048">
         <name>HOSTunlink</name>
         <value>0x97d9d</value>
         <object_component_ref idref="oc-5a4"/>
      </symbol>
      <symbol id="sm-1056">
         <name>HOSTwrite</name>
         <value>0x97ae7</value>
         <object_component_ref idref="oc-598"/>
      </symbol>
      <symbol id="sm-1073">
         <name>__TI_readmsg</name>
         <value>0x9726a</value>
         <object_component_ref idref="oc-614"/>
      </symbol>
      <symbol id="sm-1074">
         <name>C$$IO$$</name>
         <value>0x97265</value>
         <object_component_ref idref="oc-614"/>
      </symbol>
      <symbol id="sm-1075">
         <name>__CIOBUF_</name>
         <value>0xaf96</value>
         <object_component_ref idref="oc-65b"/>
      </symbol>
      <symbol id="sm-1076">
         <name>__TI_writemsg</name>
         <value>0x97212</value>
         <object_component_ref idref="oc-614"/>
      </symbol>
      <symbol id="sm-108f">
         <name>open</name>
         <value>0x976a1</value>
         <object_component_ref idref="oc-574"/>
      </symbol>
      <symbol id="sm-109d">
         <name>lseek</name>
         <value>0x97f1b</value>
         <object_component_ref idref="oc-4d6"/>
      </symbol>
      <symbol id="sm-10ab">
         <name>copysign</name>
         <value>0x97dc1</value>
         <object_component_ref idref="oc-5e0"/>
      </symbol>
      <symbol id="sm-10ac">
         <name>copysignl</name>
         <value>0x97dc1</value>
         <object_component_ref idref="oc-5e0"/>
      </symbol>
      <symbol id="sm-10be">
         <name>__TI_closefile</name>
         <value>0x9783a</value>
         <object_component_ref idref="oc-57a"/>
      </symbol>
      <symbol id="sm-10bf">
         <name>fclose</name>
         <value>0x9787e</value>
         <object_component_ref idref="oc-57a"/>
      </symbol>
      <symbol id="sm-10d1">
         <name>finddevice</name>
         <value>0x97949</value>
         <object_component_ref idref="oc-5f5"/>
      </symbol>
      <symbol id="sm-10d2">
         <name>getdevice</name>
         <value>0x97964</value>
         <object_component_ref idref="oc-5f5"/>
      </symbol>
      <symbol id="sm-10e3">
         <name>strncpy</name>
         <value>0x97f60</value>
         <object_component_ref idref="oc-645"/>
      </symbol>
      <symbol id="sm-10f5">
         <name>close</name>
         <value>0x97b58</value>
         <object_component_ref idref="oc-5fd"/>
      </symbol>
      <symbol id="sm-1102">
         <name>unlink</name>
         <value>0x97eb9</value>
         <object_component_ref idref="oc-606"/>
      </symbol>
      <symbol id="sm-1104">
         <name>__c_args__</name>
         <value>0x0</value>
      </symbol>
      <symbol id="sm-1105">
         <name>gmp_base_free</name>
         <value>0x94ec6</value>
      </symbol>
      <symbol id="sm-1106">
         <name>remove</name>
         <value>0x97eb9</value>
      </symbol>
   </symbol_table>
   <title>Link successful</title>
</link_info>
