******************************************************************************
             TMS320C2000 Linker PC v22.6.1                     
******************************************************************************
>> Linked Wed May 13 17:07:08 2026

OUTPUT FILE NAME:   <CTL_MC_PMSM_NT_280049C_Sensored.out>
ENTRY POINT SYMBOL: "_c_int00"  address: 00097f33


MEMORY CONFIGURATION

         name            origin    length      used     unused   attr    fill
----------------------  --------  ---------  --------  --------  ----  --------
PAGE 0:
  RAMM0                 000000f6   0000030a  00000000  0000030a  RWIX
  RAMLS0                00008000   00000800  00000076  0000078a  RWIX
  RAMLS1                00008800   00000800  00000000  00000800  RWIX
  RAMLS2                00009000   00000800  00000000  00000800  RWIX
  RAMLS3                00009800   00000800  00000000  00000800  RWIX
  RAMLS4                0000a000   00000800  00000000  00000800  RWIX
  BEGIN                 00080000   00000002  00000002  00000000  RWIX
  FLASH_BANK0_SEC0      00080002   00000ffe  00000000  00000ffe  RWIX
  FLASH_BANK0_SEC1      00081000   00001000  000000d4  00000f2c  RWIX
  FLASH_BANK0_SEC2      00082000   00001000  00000000  00001000  RWIX
  FLASH_BANK0_SEC3      00083000   00001000  00000000  00001000  RWIX
  FLASH_BANK0_SEC4      00084000   00001000  00001000  00000000  RWIX
  FLASH_BANK0_SEC5      00085000   00001000  00000ffe  00000002  RWIX
  FLASH_BANK0_SEC6      00086000   00001000  0000029c  00000d64  RWIX
  FLASH_BANK0_SEC7      00087000   00001000  00000000  00001000  RWIX
  FLASH_BANK0_SEC8      00088000   00001000  00000000  00001000  RWIX
  FLASH_BANK0_SEC9      00089000   00001000  00000000  00001000  RWIX
  FLASH_BANK0_SEC10     0008a000   00001000  00000000  00001000  RWIX
  FLASH_BANK0_SEC11     0008b000   00001000  00000000  00001000  RWIX
  FLASH_BANK0_SEC12     0008c000   00001000  00000000  00001000  RWIX
  FLASH_BANK0_SEC13     0008d000   00001000  00000000  00001000  RWIX
  FLASH_BANK0_SEC14     0008e000   00001000  00000000  00001000  RWIX
  FLASH_BANK0_SEC15     0008f000   00001000  00000000  00001000  RWIX
  FLASH_BANK1_SEC0      00090000   0000fff0  0000802d  00007fc3  RWIX
  RESET                 003fffc0   00000002  00000000  00000002  RWIX

PAGE 1:
  BOOT_RSVD             00000002   000000f1  00000000  000000f1  RWIX
  RAMM1                 00000400   000003f8  00000200  000001f8  RWIX
  ADCARESULT            00000b00   00000018  00000000  00000018  RWIX
  ADCBRESULT            00000b20   00000018  00000000  00000018  RWIX
  ADCCRESULT            00000b40   00000018  00000000  00000018  RWIX
  CPUTIMER0             00000c00   00000008  00000000  00000008  RWIX
  CPUTIMER1             00000c08   00000008  00000000  00000008  RWIX
  CPUTIMER2             00000c10   00000008  00000000  00000008  RWIX
  PIECTRL               00000ce0   0000001a  00000000  0000001a  RWIX
  PIEVECTTABLE          00000d00   00000200  00000000  00000200  RWIX
  DMA                   00001000   00000200  00000000  00000200  RWIX
  CLA1                  00001400   00000080  00000000  00000080  RWIX
  CLB1LOGICCFG          00003000   00000052  00000000  00000052  RWIX
  CLB1LOGICCTRL         00003100   00000040  00000000  00000040  RWIX
  CLB1DATAEXCH          00003200   00000200  00000000  00000200  RWIX
  CLB2LOGICCFG          00003400   00000052  00000000  00000052  RWIX
  CLB2LOGICCTRL         00003500   00000040  00000000  00000040  RWIX
  CLB2DATAEXCH          00003600   00000200  00000000  00000200  RWIX
  CLB3LOGICCFG          00003800   00000052  00000000  00000052  RWIX
  CLB3LOGICCTRL         00003900   00000040  00000000  00000040  RWIX
  CLB3DATAEXCH          00003a00   00000200  00000000  00000200  RWIX
  CLB4LOGICCFG          00003c00   00000052  00000000  00000052  RWIX
  CLB4LOGICCTRL         00003d00   00000040  00000000  00000040  RWIX
  CLB4DATAEXCH          00003e00   00000200  00000000  00000200  RWIX
  EPWM1                 00004000   00000100  00000000  00000100  RWIX
  EPWM2                 00004100   00000100  00000000  00000100  RWIX
  EPWM3                 00004200   00000100  00000000  00000100  RWIX
  EPWM4                 00004300   00000100  00000000  00000100  RWIX
  EPWM5                 00004400   00000100  00000000  00000100  RWIX
  EPWM6                 00004500   00000100  00000000  00000100  RWIX
  EPWM7                 00004600   00000100  00000000  00000100  RWIX
  EPWM8                 00004700   00000100  00000000  00000100  RWIX
  EQEP1                 00005100   00000040  00000000  00000040  RWIX
  EQEP2                 00005140   00000040  00000000  00000040  RWIX
  ECAP1                 00005200   0000001e  00000000  0000001e  RWIX
  ECAP2                 00005240   0000001e  00000000  0000001e  RWIX
  ECAP3                 00005280   0000001e  00000000  0000001e  RWIX
  ECAP4                 000052c0   0000001e  00000000  0000001e  RWIX
  ECAP5                 00005300   0000001e  00000000  0000001e  RWIX
  ECAP6                 00005340   0000001e  00000000  0000001e  RWIX
  HRCAP6                00005360   00000020  00000000  00000020  RWIX
  ECAP7                 00005380   0000001e  00000000  0000001e  RWIX
  HRCAP7                000053a0   00000020  00000000  00000020  RWIX
  PGA1                  00005b00   00000010  00000000  00000010  RWIX
  PGA2                  00005b10   00000010  00000000  00000010  RWIX
  PGA3                  00005b20   00000010  00000000  00000010  RWIX
  PGA4                  00005b30   00000010  00000000  00000010  RWIX
  PGA5                  00005b40   00000010  00000000  00000010  RWIX
  PGA6                  00005b50   00000010  00000000  00000010  RWIX
  PGA7                  00005b60   00000010  00000000  00000010  RWIX
  DACA                  00005c00   00000008  00000000  00000008  RWIX
  DACB                  00005c10   00000008  00000000  00000008  RWIX
  CMPSS1                00005c80   00000020  00000000  00000020  RWIX
  CMPSS2                00005ca0   00000020  00000000  00000020  RWIX
  CMPSS3                00005cc0   00000020  00000000  00000020  RWIX
  CMPSS4                00005ce0   00000020  00000000  00000020  RWIX
  CMPSS5                00005d00   00000020  00000000  00000020  RWIX
  CMPSS6                00005d20   00000020  00000000  00000020  RWIX
  CMPSS7                00005d40   00000020  00000000  00000020  RWIX
  SDFM1                 00005e00   00000070  00000000  00000070  RWIX
  SPIA                  00006100   00000010  00000000  00000010  RWIX
  SPIB                  00006110   00000010  00000000  00000010  RWIX
  CLAPROMCRC0           000061c0   00000020  00000000  00000020  RWIX
  PMBUSA                00006400   00000020  00000000  00000020  RWIX
  FSITXA                00006600   00000050  00000000  00000050  RWIX
  FSIRXA                00006680   00000050  00000000  00000050  RWIX
  LINA                  00006a00   000000ec  00000000  000000ec  RWIX
  WD                    00007000   0000002c  00000000  0000002c  RWIX
  NMIINTRUPT            00007060   00000008  00000000  00000008  RWIX
  XINT                  00007070   0000000c  00000000  0000000c  RWIX
  SCIA                  00007200   00000010  00000000  00000010  RWIX
  SCIB                  00007210   00000010  00000000  00000010  RWIX
  I2CA                  00007300   00000022  00000000  00000022  RWIX
  ADCA                  00007400   00000080  00000000  00000080  RWIX
  ADCB                  00007480   00000080  00000000  00000080  RWIX
  ADCC                  00007500   00000080  00000000  00000080  RWIX
  INPUTXBAR             00007900   00000020  00000020  00000000  RWIX
  XBAR                  00007920   00000020  00000000  00000020  RWIX
  SYNCSOC               00007940   00000006  00000000  00000006  RWIX
  DMACLASRCSEL          00007980   0000001a  00000000  0000001a  RWIX
  EPWMXBAR              00007a00   00000040  00000000  00000040  RWIX
  CLBXBAR               00007a40   00000040  00000000  00000040  RWIX
  OUTPUTXBAR            00007a80   00000040  00000000  00000040  RWIX
  GPIOCTRL              00007c00   00000200  00000200  00000000  RWIX
  GPIODATA              00007f00   00000040  0000003a  00000006  RWIX
  RAMLS5_7              0000a800   00001800  0000110e  000006f2  RWIX
  RAMGS0                0000c000   00002000  00000000  00002000  RWIX
  RAMGS1                0000e000   00002000  00000000  00002000  RWIX
  RAMGS2                00010000   00002000  00000000  00002000  RWIX
  RAMGS3                00012000   00001ff8  00000000  00001ff8  RWIX
  CANA                  00048000   00000200  00000000  00000200  RWIX
  CANB                  0004a000   00000200  00000000  00000200  RWIX
  DEVCFG                0005d000   00000180  00000000  00000180  RWIX
  CLKCFG                0005d200   00000036  00000000  00000036  RWIX
  CPUSYS                0005d300   00000082  00000000  00000082  RWIX
  SYSPERIPHAC           0005d500   00000200  00000000  00000200  RWIX
  ANALOGSUBSYS          0005d700   00000090  00000000  00000090  RWIX
  DCC0                  0005e700   0000002c  00000000  0000002c  RWIX
  ERADGLOBAL            0005e800   00000014  00000000  00000014  RWIX
  ERADHWBP1             0005e900   00000008  00000000  00000008  RWIX
  ERADHWBP2             0005e908   00000008  00000000  00000008  RWIX
  ERADHWBP3             0005e910   00000008  00000000  00000008  RWIX
  ERADHWBP4             0005e918   00000008  00000000  00000008  RWIX
  ERADHWBP5             0005e920   00000008  00000000  00000008  RWIX
  ERADHWBP6             0005e928   00000008  00000000  00000008  RWIX
  ERADHWBP7             0005e930   00000008  00000000  00000008  RWIX
  ERADHWBP8             0005e938   00000008  00000000  00000008  RWIX
  ERADCOUNTER1          0005e980   00000010  00000000  00000010  RWIX
  ERADCOUNTER2          0005e990   00000010  00000000  00000010  RWIX
  ERADCOUNTER3          0005e9a0   00000010  00000000  00000010  RWIX
  ERADCOUNTER4          0005e9b0   00000010  00000000  00000010  RWIX
  DCSMBANK0Z1           0005f000   00000024  00000000  00000024  RWIX
  DCSMBANK0Z2           0005f040   00000024  00000000  00000024  RWIX
  DCSMCOMMON            0005f070   00000010  00000000  00000010  RWIX
  DCSMBANK1Z1           0005f100   00000024  00000000  00000024  RWIX
  DCSMBANK1Z2           0005f140   00000024  00000000  00000024  RWIX
  MEMCFG                0005f400   00000080  00000000  00000080  RWIX
  ACCESSPROTECTION      0005f4c0   00000040  00000000  00000040  RWIX
  MEMORYERROR           0005f500   00000040  00000000  00000040  RWIX
  FLASH0CTRL            0005f800   00000182  00000000  00000182  RWIX
  FLASH0ECC             0005fb00   00000028  00000000  00000028  RWIX
  UID                   000703cc   00000010  00000000  00000010  RWIX


SECTION ALLOCATION MAP

 output                                  attributes/
section   page    origin      length       input sections
--------  ----  ----------  ----------   ----------------
codestart 
*          0    00080000    00000002     
                  00080000    00000002     f28004x_codestartbranch.obj (codestart)

.cinit     0    00081078    0000005e     
                  00081078    0000004b     (.cinit..data.load) [load image, compression = lzss]
                  000810c3    00000001     --HOLE-- [fill = 0]
                  000810c4    00000006     (__TI_handler_table)
                  000810ca    00000004     (.cinit..bss.load) [load image, compression = zero_init]
                  000810ce    00000008     (__TI_cinit_table)

.text      0    00090000    0000802d     
                  00090000    00001064     board.obj (.text)
                  00091064    00000bd6     xplt.peripheral.obj (.text)
                  00091c3a    000006c2     rts2800_fpu32_eabi.lib : _printfi.c.obj (.text)
                  000922fc    00000614                            : _printfi.c.obj (.text:__TI_printfi)
                  00092910    00000534     peripheral_driver.obj (.text)
                  00092e44    000004b3     f28004x_defaultisr.obj (.text:retain)
                  000932f7    00000491     ctl_discrete_biquad_filter.obj (.text)
                  00093788    00000408     gmp_datalink.obj (.text)
                  00093b90    0000038c     rts2800_fpu32_eabi.lib : e_powf.c.obj (.text)
                  00093f1c    00000363     can.obj (.text)
                  0009427f    00000356     ctl_cia402_state_machine.obj (.text)
                  000945d5    00000344     ctl_main.obj (.text)
                  00094919    000002db     sysctl.obj (.text)
                  00094bf4    000002a7     ctl_mc_pmsm_esmo.obj (.text)
                  00094e9b    00000298     rts2800_fpu32_eabi.lib : memory.c.obj (.text)
                  00095133    00000229     ctl_mc_foc_core.obj (.text)
                  0009535c    0000020e     dcc.obj (.text)
                  0009556a    000001f0     gmp_pil_core.obj (.text)
                  0009575a    000001c8     ctl_discrete_filter.obj (.text)
                  00095922    000001a9     gmp_mem_presp.obj (.text)
                  00095acb    0000018d     gpio.obj (.text)
                  00095c58    00000187     device.obj (.text)
                  00095ddf    00000171     f28004x_gpio.obj (.text)
                  00095f50    00000155     xplt.peripheral.obj (.text:retain)
                  000960a5    0000014a     interrupt.obj (.text)
                  000961ef    00000126     ctl_discrete_lead_lag.obj (.text)
                  00096315    00000123     ctl_mc_basic_mech_ctrl.obj (.text)
                  00096438    00000121     rts2800_fpu32_eabi.lib : fopen.c.obj (.text)
                  00096559    00000001                            : startup.c.obj (.text)
                  0009655a    0000011e     ctl_component_interface.obj (.text)
                  00096678    00000119     gmp_tunable.obj (.text)
                  00096791    00000111     ctl_mc_mtr_vf_generator.obj (.text)
                  000968a2    00000107     rts2800_fpu32_eabi.lib : ll_div28.asm.obj (.text)
                  000969a9    00000101     sci.obj (.text)
                  00096aaa    000000f7     ctl_discrete_sg.obj (.text)
                  00096ba1    000000f3     ctl_mc_mtr_protection.obj (.text)
                  00096c94    000000cf     ctl_mc_encoder.obj (.text)
                  00096d63    00000001     --HOLE-- [fill = 0]
                  00096d64    000000ce     adc.obj (.text)
                  00096e32    000000b2     gmp_std_port.obj (.text)
                  00096ee4    000000a9     rts2800_fpu32_eabi.lib : s_scalbn.c.obj (.text)
                  00096f8d    000000a8                            : fputs.c.obj (.text)
                  00097035    000000a4     gmp_process_mgr.obj (.text)
                  000970d9    0000009c     ctl_continuous_pid.obj (.text)
                  00097175    0000009c     rts2800_fpu32_eabi.lib : fd_add28.asm.obj (.text)
                  00097211    00000001     --HOLE-- [fill = 0]
                  00097212    00000095                            : trgmsg.c.obj (.text)
                  000972a7    0000008b                            : fd_div28.asm.obj (.text)
                  00097332    00000088                            : fs_div28.asm.obj (.text)
                  000973ba    00000086     ctl_mc_ato_pll.obj (.text)
                  00097440    00000083     rts2800_fpu32_eabi.lib : fd_mpy28.asm.obj (.text)
                  000974c3    0000007c                            : setvbuf.c.obj (.text)
                  0009753f    00000079     sysconfig_adapter.obj (.text)
                  000975b8    00000076     user_main.obj (.text)
                  0009762e    00000073     rts2800_fpu32_eabi.lib : fflush.c.obj (.text)
                  000976a1    00000071                            : open.c.obj (.text)
                  00097712    00000065                            : _io_perm.c.obj (.text)
                  00097777    00000062                            : s_tanf.c.obj (.text)
                  000977d9    00000061                            : hostlseek.c.obj (.text)
                  0009783a    0000005d                            : fclose.c.obj (.text)
                  00097897    0000005a                            : s_frexp.c.obj (.text)
                  000978f1    00000058                            : s_scalbnf.c.obj (.text)
                  00097949    00000051                            : getdevice.c.obj (.text)
                  0009799a    0000004d     eqep.obj (.text)
                  000979e7    0000004b     ctl_saturation.obj (.text)
                  00097a32    0000003e     rts2800_fpu32_eabi.lib : hostrename.c.obj (.text)
                  00097a70    0000003d                            : fseek.c.obj (.text)
                  00097aad    0000003a                            : hostopen.c.obj (.text)
                  00097ae7    00000039                            : hostwrite.c.obj (.text)
                  00097b20    00000038                            : hostread.c.obj (.text)
                  00097b58    00000033                            : close.c.obj (.text)
                  00097b8b    00000032     ctl_slope_limiter.obj (.text)
                  00097bbd    00000031     rts2800_fpu32_eabi.lib : atoi.c.obj (.text)
                  00097bee    00000030                            : copy_decompress_lzss.c.obj (.text:decompress:lzss)
                  00097c1e    00000030                            : _ltoa.c.obj (.text)
                  00097c4e    00000030                            : vsprintf.c.obj (.text)
                  00097c7e    0000002b                            : autoinit.c.obj (.text:__TI_auto_init_nobinit_nopinit)
                  00097ca9    0000002a                            : fd_cmp28.asm.obj (.text)
                  00097cd3    0000002a                            : l_div28.asm.obj (.text)
                  00097cfd    00000029                            : exit.c.obj (.text)
                  00097d26    00000029                            : hostclose.c.obj (.text)
                  00097d4f    00000001     --HOLE-- [fill = 0]
                  00097d50    00000027                            : e_sqrtf.c.obj (.text)
                  00097d77    00000026     ctl_if_pwm_spwm.obj (.text)
                  00097d9d    00000024     rts2800_fpu32_eabi.lib : hostunlink.c.obj (.text)
                  00097dc1    00000024                            : s_copysign.c.obj (.text)
                  00097de5    00000021                            : fd_toi28.asm.obj (.text)
                  00097e06    00000020     interrupt.obj (.text:retain)
                  00097e26    0000001f     rts2800_fpu32_eabi.lib : fd_tol28.asm.obj (.text)
                  00097e45    0000001e                            : ll_cmp28.asm.obj (.text)
                  00097e63    0000001d                            : i_tofd28.asm.obj (.text)
                  00097e80    0000001d                            : memcpy.c.obj (.text)
                  00097e9d    0000001c                            : l_tofd28.asm.obj (.text)
                  00097eb9    00000019                            : unlink.c.obj (.text)
                  00097ed2    00000019                            : write.c.obj (.text)
                  00097eeb    00000018     crc16.obj (.text)
                  00097f03    00000018     rts2800_fpu32_eabi.lib : ll_aox28.asm.obj (.text)
                  00097f1b    00000018                            : lseek.c.obj (.text)
                  00097f33    00000017                            : boot28.asm.obj (.text)
                  00097f4a    00000016     ctl_cia402_callback_fn.obj (.text)
                  00097f60    00000015     rts2800_fpu32_eabi.lib : strncpy.c.obj (.text)
                  00097f75    00000011                            : s_copysignf.c.obj (.text)
                  00097f86    00000010                            : memccpy.c.obj (.text)
                  00097f96    0000000e                            : fd_sub28.asm.obj (.text)
                  00097fa4    0000000d                            : assert.c.obj (.text)
                  00097fb1    0000000d                            : memchr.c.obj (.text)
                  00097fbe    0000000c                            : args_main.c.obj (.text)
                  00097fca    0000000c                            : strchr.c.obj (.text)
                  00097fd6    0000000b                            : wcslen.c.obj (.text)
                  00097fe1    0000000a                            : strcmp.c.obj (.text)
                  00097feb    00000009                            : _lock.c.obj (.text)
                  00097ff4    00000009                            : fd_neg28.asm.obj (.text)
                  00097ffd    00000008                            : copy_decompress_none.c.obj (.text:decompress:none)
                  00098005    00000008     f28004x_codestartbranch.obj (.text)
                  0009800d    00000008     rts2800_fpu32_eabi.lib : strlen.c.obj (.text)
                  00098015    00000007                            : memset.c.obj (.text)
                  0009801c    00000006                            : copy_zero_init.c.obj (.text:decompress:ZI)
                  00098022    00000005                            : strcpy.c.obj (.text)
                  00098027    00000004     ctl_divider.obj (.text)
                  0009802b    00000002     rts2800_fpu32_eabi.lib : pre_init.c.obj (.text)

.reset     0    003fffc0    00000000     DSECT

.stack     1    00000400    00000200     UNINITIALIZED
                  00000400    00000200     --HOLE--

.init_array 
*          0    00081000    00000000     UNINITIALIZED

.bss       1    0000a800    00000bd8     UNINITIALIZED
                  0000a800    00000402     user_main.obj (.bss)
                  0000ac02    00000008     rts2800_fpu32_eabi.lib : hostopen.c.obj (.bss:parmbuf)
                  0000ac0a    00000006     xplt.peripheral.obj (.bss:iuvw_src)
                  0000ac10    00000006     sysconfig_adapter.obj (.bss)
                  0000ac16    00000006     xplt.peripheral.obj (.bss:uuvw_src)
                  0000ac1c    00000002     rts2800_fpu32_eabi.lib : memory.c.obj (.bss)
                  0000ac1e    00000022     --HOLE--
                  0000ac40    00000356     ctl_main.obj (.bss)
                  0000af96    00000120     rts2800_fpu32_eabi.lib : trgmsg.c.obj (.bss:_CIOBUF_)
                  0000b0b6    000000c8     xplt.peripheral.obj (.bss:dlog_mem1)
                  0000b17e    000000c8     xplt.peripheral.obj (.bss:dlog_mem2)
                  0000b246    000000a0     rts2800_fpu32_eabi.lib : defs.c.obj (.bss:__TI_tmpnams)
                  0000b2e6    00000080     sysconfig_adapter.obj (.bss:str$1)
                  0000b366    0000001a     --HOLE--
                  0000b380    00000058     xplt.peripheral.obj (.bss)

.sysmem    1    0000b3d8    00000400     UNINITIALIZED
                  0000b3d8    00000004     rts2800_fpu32_eabi.lib : memory.c.obj (.sysmem)
                  0000b3dc    000003fc     --HOLE--

.data      1    0000b7d8    00000136     UNINITIALIZED
                  0000b7d8    00000078     rts2800_fpu32_eabi.lib : defs.c.obj (.data:_ftable)
                  0000b850    00000048                            : host_device.c.obj (.data:_device)
                  0000b898    00000038     user_main.obj (.data:tasks)
                  0000b8d0    00000028     rts2800_fpu32_eabi.lib : host_device.c.obj (.data:_stream)
                  0000b8f8    00000006                            : exit.c.obj (.data)
                  0000b8fe    00000002                            : _lock.c.obj (.data:_lock)
                  0000b900    00000004     ctl_main.obj (.data)
                  0000b904    00000002     rts2800_fpu32_eabi.lib : _lock.c.obj (.data:_unlock)
                  0000b906    00000002     sysconfig_adapter.obj (.data)
                  0000b908    00000001     rts2800_fpu32_eabi.lib : defs.c.obj (.data)
                  0000b909    00000001                            : errno.c.obj (.data)
                  0000b90a    00000001                            : fopen.c.obj (.data)
                  0000b90b    00000001                            : memory.c.obj (.data)
                  0000b90c    00000001                            : open.c.obj (.data)
                  0000b90d    00000001     user_main.obj (.data)

.TI.ramfunc 
*          0    00081000    00000076     RUN ADDR = 00008000
                  00081000    00000072     flash.obj (.TI.ramfunc)
                  00081072    00000004     sysctl.obj (.TI.ramfunc)

GpioCtrlRegsFile 
*          1    00007c00    00000200     UNINITIALIZED
                  00007c00    00000200     f28004x_globalvariabledefs.obj (GpioCtrlRegsFile)

GpioDataRegsFile 
*          1    00007f00    0000003a     UNINITIALIZED
                  00007f00    0000003a     f28004x_globalvariabledefs.obj (GpioDataRegsFile)

InputXbarRegsFile 
*          1    00007900    00000020     UNINITIALIZED
                  00007900    00000020     f28004x_globalvariabledefs.obj (InputXbarRegsFile)

b0_dcsm_otp_z1_linkpointer 
*          0    000000f6    00000000     

b0_dcsm_otp_z1_gpreg 
*          0    000000f6    00000000     

b0_dcsm_otp_z1_pswdlock 
*          0    000000f6    00000000     

b0_dcsm_otp_z1_crclock 
*          0    000000f6    00000000     

b0_dcsm_otp_z1_bootctrl 
*          0    000000f6    00000000     

b0_dcsm_zsel_z1 
*          0    000000f6    00000000     

b1_dcsm_otp_z1_linkpointer 
*          0    000000f6    00000000     

b1_dcsm_zsel_z1 
*          0    000000f6    00000000     

b0_dcsm_otp_z2_linkpointer 
*          0    000000f6    00000000     

b0_dcsm_otp_z2_gpreg 
*          0    000000f6    00000000     

b0_dcsm_otp_z2_pswdlock 
*          0    000000f6    00000000     

b0_dcsm_otp_z2_crclock 
*          0    000000f6    00000000     

b0_dcsm_otp_z2_bootctrl 
*          0    000000f6    00000000     

b0_dcsm_zsel_z2 
*          0    000000f6    00000000     

b1_dcsm_otp_z2_linkpointer 
*          0    000000f6    00000000     

b1_dcsm_zsel_z2 
*          0    000000f6    00000000     

.const.1   0    00084000    00001000     
                  00084000    000008e7     gmp_std_port.obj (.const:.string)
                  000848e7    00000001     --HOLE-- [fill = 0]
                  000848e8    0000055f     ctl_discrete_biquad_filter.obj (.const:.string)
                  00084e47    00000001     --HOLE-- [fill = 0]
                  00084e48    00000164     gmp_process_mgr.obj (.const:.string)
                  00084fac    0000002a     user_main.obj (.const:.string)
                  00084fd6    00000026     rts2800_fpu32_eabi.lib : _printfi.c.obj (.const:.string)
                  00084ffc    00000004                            : e_powf.c.obj (.const:bp)

.const.2   0    00085000    00000ffe     
                  00085000    000003fa     ctl_cia402_state_machine.obj (.const:.string)
                  000853fa    00000341     xplt.peripheral.obj (.const:.string)
                  0008573b    00000001     --HOLE-- [fill = 0]
                  0008573c    00000290     ctl_discrete_filter.obj (.const:.string)
                  000859cc    000001d1     ctl_discrete_sg.obj (.const:.string)
                  00085b9d    00000001     --HOLE-- [fill = 0]
                  00085b9e    0000001c     rts2800_fpu32_eabi.lib : _printfi.c.obj (.const)
                  00085bba    00000004                            : e_powf.c.obj (.const:dp_h)
                  00085bbe    00000002                            : fputs.c.obj (.const:.string)
                  00085bc0    000001c0     f28004x_pievect.obj (.const)
                  00085d80    0000011a     ctl_discrete_lead_lag.obj (.const:.string)
                  00085e9a    00000101     rts2800_fpu32_eabi.lib : ctype.c.obj (.const:.string:_ctypes_)
                  00085f9b    00000001     --HOLE-- [fill = 0]
                  00085f9c    0000005a     ctl_continuous_pid.obj (.const:.string)
                  00085ff6    00000008     rts2800_fpu32_eabi.lib : s_frexp.c.obj (.const)

.const.3   0    00086000    0000029c     
                  00086000    00000100     crc16.obj (.const:crc16_ccitt_table)
                  00086100    000000bf     ctl_slope_limiter.obj (.const:.string)
                  000861bf    00000001     --HOLE-- [fill = 0]
                  000861c0    000000bc     ctl_saturation.obj (.const:.string)
                  0008627c    00000004     rts2800_fpu32_eabi.lib : e_powf.c.obj (.const:dp_l)
                  00086280    0000001c                            : s_scalbn.c.obj (.const)

MODULE SUMMARY

       Module                           code    ro data   rw data
       ------                           ----    -------   -------
    .\
       f28004x_codestartbranch.obj      10      0         0      
    +--+--------------------------------+-------+---------+---------+
       Total:                           10      0         0      
                                                                 
    .\device_support\
       f28004x_defaultisr.obj           1203    0         0      
       f28004x_globalvariabledefs.obj   0       0         602    
       f28004x_pievect.obj              0       448       0      
       f28004x_gpio.obj                 369     0         0      
    +--+--------------------------------+-------+---------+---------+
       Total:                           1572    448       602    
                                                                 
    .\driverlib\
       can.obj                          867     0         0      
       sysctl.obj                       739     0         0      
       dcc.obj                          526     0         0      
       gpio.obj                         397     0         0      
       interrupt.obj                    362     0         0      
       sci.obj                          257     0         0      
       flash.obj                        228     0         0      
       adc.obj                          206     0         0      
       eqep.obj                         77      0         0      
    +--+--------------------------------+-------+---------+---------+
       Total:                           3659    0         0      
                                                                 
    .\gmp_src_mgr\gmp_src\
       ctl_discrete_biquad_filter.obj   1169    1375      0      
       gmp_std_port.obj                 178     2279      0      
       ctl_cia402_state_machine.obj     854     1018      0      
       peripheral_driver.obj            1332    0         0      
       ctl_discrete_filter.obj          456     656       0      
       gmp_datalink.obj                 1032    0         0      
       ctl_discrete_sg.obj              247     465       0      
       ctl_mc_pmsm_esmo.obj             679     0         0      
       ctl_discrete_lead_lag.obj        294     282       0      
       ctl_mc_foc_core.obj              553     0         0      
       gmp_process_mgr.obj              164     356       0      
       gmp_pil_core.obj                 496     0         0      
       gmp_mem_presp.obj                425     0         0      
       ctl_mc_basic_mech_ctrl.obj       291     0         0      
       ctl_component_interface.obj      286     0         0      
       gmp_tunable.obj                  281     0         0      
       crc16.obj                        24      256       0      
       ctl_mc_mtr_vf_generator.obj      273     0         0      
       ctl_saturation.obj               75      188       0      
       sysconfig_adapter.obj            121     0         136    
       ctl_continuous_pid.obj           156     90        0      
       ctl_mc_mtr_protection.obj        243     0         0      
       ctl_slope_limiter.obj            50      191       0      
       ctl_mc_encoder.obj               207     0         0      
       ctl_mc_ato_pll.obj               134     0         0      
       ctl_if_pwm_spwm.obj              38      0         0      
       ctl_cia402_callback_fn.obj       22      0         0      
       ctl_divider.obj                  4       0         0      
    +--+--------------------------------+-------+---------+---------+
       Total:                           10084   7156      136    
                                                                 
    .\syscfg\
       board.obj                        4196    0         0      
       device.obj                       391     0         0      
    +--+--------------------------------+-------+---------+---------+
       Total:                           4587    0         0      
                                                                 
    .\user\
       ctl_main.obj                     836     0         858    
       user_main.obj                    118     42        1083   
    +--+--------------------------------+-------+---------+---------+
       Total:                           954     42        1941   
                                                                 
    .\xplt\
       xplt.peripheral.obj              3371    833       500    
    +--+--------------------------------+-------+---------+---------+
       Total:                           3371    833       500    
                                                                 
    C:\ti\ccs1281\ccs\tools\compiler\ti-cgt-c2000_22.6.1.LTS\lib\rts2800_fpu32_eabi.lib
       _printfi.c.obj                   3286    66        0      
       e_powf.c.obj                     908     12        0      
       memory.c.obj                     664     0         3      
       trgmsg.c.obj                     149     0         288    
       fopen.c.obj                      289     0         1      
       defs.c.obj                       0       0         281    
       ll_div28.asm.obj                 263     0         0      
       ctype.c.obj                      0       257       0      
       s_scalbn.c.obj                   169     28        0      
       fputs.c.obj                      168     2         0      
       fd_add28.asm.obj                 156     0         0      
       fd_div28.asm.obj                 139     0         0      
       fs_div28.asm.obj                 136     0         0      
       fd_mpy28.asm.obj                 131     0         0      
       setvbuf.c.obj                    124     0         0      
       fflush.c.obj                     115     0         0      
       open.c.obj                       113     0         1      
       host_device.c.obj                0       0         112    
       _io_perm.c.obj                   101     0         0      
       s_frexp.c.obj                    90      8         0      
       s_tanf.c.obj                     98      0         0      
       hostlseek.c.obj                  97      0         0      
       fclose.c.obj                     93      0         0      
       s_scalbnf.c.obj                  88      0         0      
       getdevice.c.obj                  81      0         0      
       hostopen.c.obj                   58      0         8      
       hostrename.c.obj                 62      0         0      
       fseek.c.obj                      61      0         0      
       hostwrite.c.obj                  57      0         0      
       hostread.c.obj                   56      0         0      
       close.c.obj                      51      0         0      
       atoi.c.obj                       49      0         0      
       _ltoa.c.obj                      48      0         0      
       copy_decompress_lzss.c.obj       48      0         0      
       vsprintf.c.obj                   48      0         0      
       exit.c.obj                       41      0         6      
       autoinit.c.obj                   43      0         0      
       fd_cmp28.asm.obj                 42      0         0      
       l_div28.asm.obj                  42      0         0      
       hostclose.c.obj                  41      0         0      
       e_sqrtf.c.obj                    39      0         0      
       hostunlink.c.obj                 36      0         0      
       s_copysign.c.obj                 36      0         0      
       fd_toi28.asm.obj                 33      0         0      
       fd_tol28.asm.obj                 31      0         0      
       ll_cmp28.asm.obj                 30      0         0      
       i_tofd28.asm.obj                 29      0         0      
       memcpy.c.obj                     29      0         0      
       l_tofd28.asm.obj                 28      0         0      
       unlink.c.obj                     25      0         0      
       write.c.obj                      25      0         0      
       ll_aox28.asm.obj                 24      0         0      
       lseek.c.obj                      24      0         0      
       boot28.asm.obj                   23      0         0      
       strncpy.c.obj                    21      0         0      
       s_copysignf.c.obj                17      0         0      
       memccpy.c.obj                    16      0         0      
       fd_sub28.asm.obj                 14      0         0      
       _lock.c.obj                      9       0         4      
       assert.c.obj                     13      0         0      
       memchr.c.obj                     13      0         0      
       args_main.c.obj                  12      0         0      
       strchr.c.obj                     12      0         0      
       wcslen.c.obj                     11      0         0      
       strcmp.c.obj                     10      0         0      
       fd_neg28.asm.obj                 9       0         0      
       copy_decompress_none.c.obj       8       0         0      
       strlen.c.obj                     8       0         0      
       memset.c.obj                     7       0         0      
       copy_zero_init.c.obj             6       0         0      
       strcpy.c.obj                     5       0         0      
       pre_init.c.obj                   2       0         0      
       errno.c.obj                      0       0         1      
       startup.c.obj                    1       0         0      
    +--+--------------------------------+-------+---------+---------+
       Total:                           8811    373       705    
                                                                 
       Heap:                            0       0         1024   
       Stack:                           0       0         512    
       Linker Generated:                0       93        0      
    +--+--------------------------------+-------+---------+---------+
       Grand Total:                     33048   8945      5420   


LINKER GENERATED COPY TABLES

__TI_cinit_table @ 000810ce records: 2, size/record: 4, table size: 8
	.data: load addr=00081078, load size=0000004b bytes, run addr=0000b7d8, run size=00000136 bytes, compression=lzss
	.bss: load addr=000810ca, load size=00000004 bytes, run addr=0000a800, run size=00000bd8 bytes, compression=zero_init


LINKER GENERATED HANDLER TABLE

__TI_handler_table @ 000810c4 records: 3, size/record: 2, table size: 6
	index: 0, handler: __TI_zero_init
	index: 1, handler: __TI_decompress_lzss
	index: 2, handler: __TI_decompress_none


GLOBAL DATA SYMBOLS: SORTED BY DATA PAGE

address     data page           name
--------    ----------------    ----
00000400      10 (00000400)     __stack

00007900     1e4 (00007900)     InputXbarRegs

00007c00     1f0 (00007c00)     GpioCtrlRegs

00007f00     1fc (00007f00)     GpioDataRegs

0000a800     2a0 (0000a800)     user_led
0000a802     2a0 (0000a800)     tunable
0000a80a     2a0 (0000a800)     mem_persp_server
0000a812     2a0 (0000a800)     sched

0000a840     2a1 (0000a840)     pil

0000a8c0     2a3 (0000a8c0)     dl

0000ac02     2b0 (0000ac00)     parmbuf
0000ac0a     2b0 (0000ac00)     iuvw_src
0000ac10     2b0 (0000ac00)     debug_uart
0000ac12     2b0 (0000ac00)     sys_tick_div
0000ac16     2b0 (0000ac00)     uuvw_src

0000ac40     2b1 (0000ac40)     pos_enc
0000ac50     2b1 (0000ac40)     spd_enc
0000ac60     2b1 (0000ac40)     rg

0000ac80     2b2 (0000ac80)     smo_init
0000ac9a     2b2 (0000ac80)     adc_calibrator

0000acc0     2b3 (0000acc0)     spwm
0000ace0     2b3 (0000acc0)     mech_init

0000ad00     2b4 (0000ad00)     protection

0000ad40     2b5 (0000ad40)     mtr_ctrl_init

0000ad80     2b6 (0000ad80)     cia402_sm

0000adc0     2b7 (0000adc0)     mech_ctrl

0000ae40     2b9 (0000ae40)     smo

0000aec0     2bb (0000aec0)     mtr_ctrl

0000af96     2be (0000af80)     __CIOBUF_

0000b0b6     2c2 (0000b080)     dlog_mem1

0000b17e     2c5 (0000b140)     dlog_mem2

0000b246     2c9 (0000b240)     __TI_tmpnams

0000b380     2ce (0000b380)     udc_src
0000b382     2ce (0000b380)     idc_src
0000b384     2ce (0000b380)     trigger
0000b38c     2ce (0000b380)     udc
0000b398     2ce (0000b380)     idc
0000b3a4     2ce (0000b380)     uuvw

0000b3c0     2cf (0000b3c0)     iuvw
0000b3d8     2cf (0000b3c0)     _sys_memory

0000b7d8     2df (0000b7c0)     _ftable

0000b850     2e1 (0000b840)     _device

0000b898     2e2 (0000b880)     tasks

0000b8d0     2e3 (0000b8c0)     _stream
0000b8f8     2e3 (0000b8c0)     __TI_enable_exit_profile_output
0000b8fa     2e3 (0000b8c0)     __TI_cleanup_ptr
0000b8fc     2e3 (0000b8c0)     __TI_dtors_ptr
0000b8fe     2e3 (0000b8c0)     _lock

0000b900     2e4 (0000b900)     flag_system_running
0000b901     2e4 (0000b900)     flag_error
0000b902     2e4 (0000b900)     flag_enable_adc_calibrator
0000b903     2e4 (0000b900)     index_adc_calibrator
0000b904     2e4 (0000b900)     _unlock
0000b906     2e4 (0000b900)     DSPC2000_SystemTick
0000b908     2e4 (0000b900)     __TI_ft_end
0000b909     2e4 (0000b900)     errno

00085bc0    216f (00085bc0)     PieVectTableInit

00085e9a    217a (00085e80)     _ctypes_


GLOBAL SYMBOLS: SORTED ALPHABETICALLY BY Name 

page  address   name                                
----  -------   ----                                
0     000932ed  ADCA1_ISR                           
0     000932e3  ADCA2_ISR                           
0     000932d9  ADCA3_ISR                           
0     000932cf  ADCA4_ISR                           
0     000932c5  ADCA_EVT_ISR                        
0     000932bb  ADCB1_ISR                           
0     000932b1  ADCB2_ISR                           
0     000932a7  ADCB3_ISR                           
0     0009329d  ADCB4_ISR                           
0     00093293  ADCB_EVT_ISR                        
0     00093289  ADCC1_ISR                           
0     0009327f  ADCC2_ISR                           
0     00093275  ADCC3_ISR                           
0     0009326b  ADCC4_ISR                           
0     00093261  ADCC_EVT_ISR                        
0     00091042  ADC_init                            
0     00096e08  ADC_setINLTrim                      
0     00096dd7  ADC_setOffsetTrim                   
0     00096d64  ADC_setOffsetTrimAll                
0     00096daf  ADC_setPPBTripLimits                
0     00096d7f  ADC_setVREF                         
0     00091035  ASYSCTL_init                        
0     00091049  Board_init                          
0     00097cfd  C$$EXIT                             
0     00097265  C$$IO$$                             
0     00093257  CANA0_ISR                           
0     0009324d  CANA1_ISR                           
0     00093243  CANB0_ISR                           
0     00093239  CANB1_ISR                           
0     00094266  CAN_clearInterruptStatus            
0     00094250  CAN_clearMessage                    
0     00094234  CAN_disableAllMessageObjects        
0     0009421e  CAN_disableMessageObject            
0     0009067e  CAN_init                            
0     00094209  CAN_initModule                      
0     000941a6  CAN_readMessage                     
0     000941dd  CAN_readMessageWithID               
0     0009416d  CAN_sendMessage                     
0     00094125  CAN_sendMessage_16bit               
0     000940da  CAN_sendMessage_32bit               
0     00094089  CAN_sendMessage_updateDLC           
0     0009406d  CAN_sendRemoteRequestMessage        
0     0009403d  CAN_setBitRate                      
0     0009400d  CAN_setBitTiming                    
0     00093f6a  CAN_setupMessageObject              
0     00093f1c  CAN_transferMessage                 
0     0009322f  CLA1PROMCRC_ISR                     
0     00093225  CLA1_1_ISR                          
0     0009321b  CLA1_2_ISR                          
0     00093211  CLA1_3_ISR                          
0     00093207  CLA1_4_ISR                          
0     000931fd  CLA1_5_ISR                          
0     000931f3  CLA1_6_ISR                          
0     000931e9  CLA1_7_ISR                          
0     000931df  CLA1_8_ISR                          
0     000931d5  CLA_OVERFLOW_ISR                    
0     000931cb  CLA_UNDERFLOW_ISR                   
0     00091030  DAC_init                            
0     000931c1  DATALOG_ISR                         
0     000954c6  DCC_continuousMonitor               
0     000954b9  DCC_getRevisionNumber               
0     00095411  DCC_measureClockFrequency           
0     0009535c  DCC_verifyClockFrequency            
0     000931b7  DMA_CH1_ISR                         
0     000931ad  DMA_CH2_ISR                         
0     000931a3  DMA_CH3_ISR                         
0     00093199  DMA_CH4_ISR                         
0     0009318f  DMA_CH5_ISR                         
0     00093185  DMA_CH6_ISR                         
1     0000b906  DSPC2000_SystemTick                 
0     00095d08  Device_enableAllPeripherals         
0     00095ca8  Device_init                         
0     00095c98  Device_initGPIO                     
0     00095c5b  Device_verifyXTAL                   
0     0009317b  ECAP1_ISR                           
0     00093171  ECAP2_ISR                           
0     00093167  ECAP3_ISR                           
0     0009315d  ECAP4_ISR                           
0     00093153  ECAP5_ISR                           
0     00093149  ECAP6_2_ISR                         
0     0009313f  ECAP6_ISR                           
0     00093135  ECAP7_2_ISR                         
0     0009312b  ECAP7_ISR                           
0     0009311e  EMPTY_ISR                           
0     00093114  EMU_ISR                             
0     00090896  ENABLE_GATE_init                    
0     0009310a  EPWM1_ISR                           
0     00093100  EPWM1_TZ_ISR                        
0     000930f6  EPWM2_ISR                           
0     000930ec  EPWM2_TZ_ISR                        
0     000930e2  EPWM3_ISR                           
0     000930d8  EPWM3_TZ_ISR                        
0     000930ce  EPWM4_ISR                           
0     000930c4  EPWM4_TZ_ISR                        
0     000930ba  EPWM5_ISR                           
0     000930b0  EPWM5_TZ_ISR                        
0     000930a6  EPWM6_ISR                           
0     0009309c  EPWM6_TZ_ISR                        
0     00093092  EPWM7_ISR                           
0     00093088  EPWM7_TZ_ISR                        
0     0009307e  EPWM8_ISR                           
0     00093074  EPWM8_TZ_ISR                        
0     0009097f  EPWM_init                           
0     0009306a  EQEP1_ISR                           
0     000908b5  EQEP1_J12_init                      
0     00093060  EQEP2_ISR                           
0     0009090b  EQEP2_J13_init                      
0     00090961  EQEP_init                           
0     000979cf  EQEP_setCompareConfig               
0     0009799a  EQEP_setInputPolarity               
0     00093056  FLASH_CORRECTABLE_ERROR_ISR         
0     0009304c  FPU_OVERFLOW_ISR                    
0     00093042  FPU_UNDERFLOW_ISR                   
0     00093038  FSIRXA1_ISR                         
0     0009302e  FSIRXA2_ISR                         
0     00093024  FSITXA1_ISR                         
0     0009301a  FSITXA2_ISR                         
0     0000802d  Flash_initModule                    
0     00008015  Flash_powerDown                     
0     00008000  Flash_wakeFromLPM                   
0     00095f3c  GPIO_ReadPin                        
0     00095f1b  GPIO_SetupLock                      
0     00095ec7  GPIO_SetupPinMux                    
0     00095e43  GPIO_SetupPinOptions                
0     00095e3d  GPIO_SetupXINT1Gpio                 
0     00095e37  GPIO_SetupXINT2Gpio                 
0     00095e31  GPIO_SetupXINT3Gpio                 
0     00095e2b  GPIO_SetupXINT4Gpio                 
0     00095e25  GPIO_SetupXINT5Gpio                 
0     00095e0b  GPIO_WritePin                       
0     00095c46  GPIO_getDirectionMode               
0     00095c1a  GPIO_getPadConfig                   
0     00095bfa  GPIO_getQualificationMode           
0     000908aa  GPIO_init                           
0     00095bd9  GPIO_setAnalogMode                  
0     00095bb7  GPIO_setControllerCore              
0     00095b97  GPIO_setDirectionMode               
0     00095b77  GPIO_setInterruptPin                
0     00095b38  GPIO_setPadConfig                   
0     00095b08  GPIO_setPinConfig                   
0     00095ae6  GPIO_setQualificationMode           
0     00095acb  GPIO_setQualificationPeriod         
1     00007c00  GpioCtrlRegs                        
1     00007f00  GpioDataRegs                        
0     00097d26  HOSTclose                           
0     000977d9  HOSTlseek                           
0     00097aad  HOSTopen                            
0     00097b20  HOSTread                            
0     00097a32  HOSTrename                          
0     00097d9d  HOSTunlink                          
0     00097ae7  HOSTwrite                           
0     00093010  I2CA_FIFO_ISR                       
0     00093006  I2CA_ISR                            
0     00092ffc  ILLEGAL_ISR                         
0     00090869  INTERRUPT_init                      
0     0009603b  INT_IRIS_CAN_0_ISR                  
0     00096024  INT_IRIS_CAN_1_ISR                  
0     00095fe0  INT_IRIS_UART_USB_RX_ISR            
0     00090801  IRIS_ADCA_init                      
0     0009079f  IRIS_ADCB_init                      
0     0009074e  IRIS_ADCC_init                      
0     0009067e  IRIS_CAN_init                       
0     00090658  IRIS_DACA_init                      
0     00090632  IRIS_DACB_init                      
0     00090414  IRIS_UART_USB_init                  
0     00095ddf  InitGpio                            
1     00007900  InputXbarRegs                       
0     00097e1a  Interrupt_defaultHandler            
0     000961a5  Interrupt_disable                   
0     000960fb  Interrupt_enable                    
0     00097e10  Interrupt_illegalOperationHandler   
0     000960ba  Interrupt_initModule                
0     000960a5  Interrupt_initVectorTable           
0     00097e06  Interrupt_nmiHandler                
0     0009061e  LED_G_init                          
0     0009060a  LED_R_init                          
0     00092ff2  LINA_0_ISR                          
0     00092fe8  LINA_1_ISR                          
0     000905f6  MONITOR_IO_init                     
0     00095f50  MainISR                             
0     00092fde  NMI_ISR                             
0     00092fd4  NOTUSED_ISR                         
0     00092fca  PIE_RESERVED_ISR                    
0     00092fc0  PMBUSA_ISR                          
0     00085bc0  PieVectTableInit                    
0     000904aa  PinMux_init                         
0     00092fb6  RAM_ACCESS_VIOLATION_ISR            
0     00092fac  RAM_CORRECTABLE_ERROR_ISR           
0     00090496  RESET_GATE_init                     
0     00092fa2  RTOS_ISR                            
0     00081076  RamfuncsLoadEnd                     
abs   00000076  RamfuncsLoadSize                    
0     00081000  RamfuncsLoadStart                   
0     00008076  RamfuncsRunEnd                      
abs   00000076  RamfuncsRunSize                     
0     00008000  RamfuncsRunStart                    
0     00092f98  SCIA_RX_ISR                         
0     00092f8e  SCIA_TX_ISR                         
0     00092f84  SCIB_RX_ISR                         
0     00092f7a  SCIB_TX_ISR                         
0     00096a8e  SCI_clearInterruptStatus            
0     00096a74  SCI_disableInterrupt                
0     00096a5a  SCI_enableInterrupt                 
0     00096a3a  SCI_getInterruptStatus              
0     00090414  SCI_init                            
0     00096a1a  SCI_readCharArray                   
0     000969f2  SCI_setBaud                         
0     000969cf  SCI_setConfig                       
0     000969cb  SCI_setWakeFlag                     
0     000969a9  SCI_writeCharArray                  
0     00092f70  SD1DR1_ISR                          
0     00092f66  SD1DR2_ISR                          
0     00092f5c  SD1DR3_ISR                          
0     00092f52  SD1DR4_ISR                          
0     00092f48  SD1_ISR                             
0     00092f3e  SPIA_RX_ISR                         
0     00092f34  SPIA_TX_ISR                         
0     00092f2a  SPIB_RX_ISR                         
0     00092f20  SPIB_TX_ISR                         
0     000903e3  SYNC_init                           
0     00090012  SYSCTL_init                         
0     00092f16  SYS_PLL_SLIP_ISR                    
0     00008072  SysCtl_delay                        
0     00094b52  SysCtl_getClock                     
0     00094bb7  SysCtl_getDeviceParametric          
0     00094ba2  SysCtl_getLowSpeedClock             
0     000949e8  SysCtl_isPLLValid                   
0     000949b7  SysCtl_selectOscSource              
0     00094978  SysCtl_selectXTAL                   
0     00094957  SysCtl_selectXTALSingleEnded        
0     00094a9f  SysCtl_setClock                     
0     00092f0c  TIMER0_ISR                          
0     00092f02  TIMER1_ISR                          
0     00092ef8  TIMER2_ISR                          
0     00092eee  USER10_ISR                          
0     00092ee4  USER11_ISR                          
0     00092eda  USER12_ISR                          
0     00092ed0  USER1_ISR                           
0     00092ec6  USER2_ISR                           
0     00092ebc  USER3_ISR                           
0     00092eb2  USER4_ISR                           
0     00092ea8  USER5_ISR                           
0     00092e9e  USER6_ISR                           
0     00092e94  USER7_ISR                           
0     00092e8a  USER8_ISR                           
0     00092e80  USER9_ISR                           
0     00092e76  WAKE_ISR                            
0     00092e6c  XINT1_ISR                           
0     00092e62  XINT2_ISR                           
0     00092e58  XINT3_ISR                           
0     00092e4e  XINT4_ISR                           
0     00092e44  XINT5_ISR                           
1     0000af96  __CIOBUF_                           
0     000810ce  __TI_CINIT_Base                     
0     000810d6  __TI_CINIT_Limit                    
0     000810d6  __TI_CINIT_Warm                     
0     000810c4  __TI_Handler_Table_Base             
0     000810ca  __TI_Handler_Table_Limit            
1     00000600  __TI_STACK_END                      
abs   00000200  __TI_STACK_SIZE                     
abs   00000400  __TI_SYSMEM_SIZE                    
0     00097c7e  __TI_auto_init_nobinit_nopinit      
0     000964d7  __TI_cleanup                        
1     0000b8fa  __TI_cleanup_ptr                    
0     0009783a  __TI_closefile                      
0     00097bee  __TI_decompress_lzss                
0     00097ffd  __TI_decompress_none                
0     0009762e  __TI_doflush                        
1     0000b8fc  __TI_dtors_ptr                      
1     0000b8f8  __TI_enable_exit_profile_output     
1     0000b908  __TI_ft_end                         
0     00095131  __TI_heap_check                     
0     00095112  __TI_heap_largest_available         
0     000950f3  __TI_heap_total_available           
0     00097c1e  __TI_ltoa                           
abs   ffffffff  __TI_pprof_out_hndl                 
0     0009278b  __TI_printfi                        
abs   ffffffff  __TI_prof_data_size                 
abs   ffffffff  __TI_prof_data_start                
0     0009774c  __TI_rd_ok                          
0     0009726a  __TI_readmsg                        
1     0000b246  __TI_tmpnams                        
0     00097212  __TI_writemsg                       
0     00097712  __TI_wrt_ok                         
0     0009801c  __TI_zero_init                      
0     00097175  __c28xabi_addd                      
0     00097f03  __c28xabi_andll                     
0     00097ca9  __c28xabi_cmpd                      
0     00097e45  __c28xabi_cmpll                     
0     00097e57  __c28xabi_cmpull                    
0     000972a7  __c28xabi_divd                      
0     00097332  __c28xabi_divf                      
0     00097cd3  __c28xabi_divl                      
0     000968a2  __c28xabi_divll                     
0     00097cf0  __c28xabi_divul                     
0     00096918  __c28xabi_divull                    
0     00097de5  __c28xabi_dtoi                      
0     00097e26  __c28xabi_dtol                      
0     00097e63  __c28xabi_itod                      
0     00097e9d  __c28xabi_ltod                      
0     00097ce2  __c28xabi_modl                      
0     000968de  __c28xabi_modll                     
0     00097cf7  __c28xabi_modul                     
0     00096947  __c28xabi_modull                    
0     00097440  __c28xabi_mpyd                      
0     00097ff4  __c28xabi_negd                      
0     00097f0b  __c28xabi_orll                      
0     00097f96  __c28xabi_subd                      
0     00097f13  __c28xabi_xorll                     
n/a   UNDEFED   __c_args__                          
0     00095c58  __error__                           
1     00000400  __stack                             
0     00097fa4  _abort_msg                          
0     00097fbe  _args_main                          
0     00097f33  _c_int00                            
0     00085e9a  _ctypes_                            
1     0000b850  _device                             
1     0000b7d8  _ftable                             
1     0000b8fe  _lock                               
0     00097ff3  _nop                                
0     00097fef  _register_lock                      
0     00097feb  _register_unlock                    
1     0000b8d0  _stream                             
1     0000b3d8  _sys_memory                         
0     00096559  _system_post_cinit                  
0     0009802b  _system_pre_init                    
1     0000b904  _unlock                             
0     00097cfd  abort                               
1     0000ac9a  adc_calibrator                      
0     00095045  aligned_alloc                       
0     00097bbd  atoi                                
0     00095018  calloc                              
0     0009456e  cia402_dispatch                     
0     00094417  cia402_fault_request                
1     0000ad80  cia402_sm                           
0     000943d5  cia402_transit                      
0     0009439c  cia402_update_status_word           
0     00094757  clear_all_controllers               
0     00097b58  close                               
0     00080000  code_start                          
0     00097dc1  copysign                            
0     00097f75  copysignf                           
0     00097dc1  copysignl                           
0     00096c89  ctl_attach_mtr_protect_port         
0     000952be  ctl_auto_tuning_foc_core            
0     00094e36  ctl_autotune_esmo_init_from_mtr     
0     000963b4  ctl_autotuning_mech_ctrl            
0     00097f5e  ctl_check_compliance                
0     00097f5c  ctl_check_encoder                   
0     00097f5a  ctl_check_pll_locked                
0     00097f59  ctl_disable_grid_relay              
0     00097f58  ctl_disable_main_contactor          
0     00097f57  ctl_disable_precharge_relay         
0     000948ff  ctl_disable_pwm                     
0     00096c0d  ctl_dispatch_mtr_protect_slow       
0     00096662  ctl_enable_adc_calibrator           
0     00097f55  ctl_enable_grid_relay               
0     00097f54  ctl_enable_main_contactor           
0     00097f53  ctl_enable_precharge_relay          
0     000948e3  ctl_enable_pwm                      
0     00094849  ctl_exec_adc_calibration            
0     00097f4e  ctl_exec_dc_voltage_ready           
0     00097f4c  ctl_exec_rotor_alignment            
0     000936fe  ctl_get_biquad_gain                 
0     00093681  ctl_get_biquad_phase_lag            
0     000958c6  ctl_get_filter_iir1_gain            
0     00095878  ctl_get_filter_iir1_phase_lag       
0     000945f7  ctl_init                            
0     00096632  ctl_init_adc_calibrator             
0     00096625  ctl_init_adc_channel                
0     0009660f  ctl_init_adc_dual_channel           
0     00097a26  ctl_init_atanh_saturation           
0     000973ba  ctl_init_ato_pll                    
0     00096d52  ctl_init_autoturn_pos_encoder       
0     00097a05  ctl_init_bipolar_saturation         
0     00093610  ctl_init_biquad_bpf                 
0     00093575  ctl_init_biquad_highshelf           
0     000934ff  ctl_init_biquad_hpf                 
0     00093462  ctl_init_biquad_lowshelf            
0     000933eb  ctl_init_biquad_lpf                 
0     00093382  ctl_init_biquad_notch               
0     000932f7  ctl_init_biquad_peaking_eq          
0     0009688c  ctl_init_const_f_controller         
0     00096856  ctl_init_const_slope_f_controller   
0     000967fb  ctl_init_const_slope_f_pu_controller
0     000967a3  ctl_init_const_vf_controller        
0     00098027  ctl_init_divider                    
0     000965e5  ctl_init_dual_ptr_adc_channel       
0     00095825  ctl_init_filter_iir1_apf            
0     000957d8  ctl_init_filter_iir1_hpf            
0     0009578d  ctl_init_filter_iir1_lpf            
0     00095133  ctl_init_foc_core                   
0     000962c4  ctl_init_lag                        
0     00096270  ctl_init_lead                       
0     000961ef  ctl_init_lead_form2                 
0     00096242  ctl_init_lead_form3                 
0     0009575a  ctl_init_lp_filter                  
0     00096315  ctl_init_mech_ctrl                  
0     00096ba1  ctl_init_mtr_protect                
0     00096d41  ctl_init_multiturn_pos_encoder      
0     0009713f  ctl_init_pid                        
0     000970d9  ctl_init_pid_Tmode                  
0     00094d0a  ctl_init_pmsm_esmo                  
0     00094bf4  ctl_init_pmsm_esmo_consultant       
0     00096d30  ctl_init_pos_encoder                
0     000965c2  ctl_init_ptr_adc_channel            
0     000965b9  ctl_init_pwm_channel                
0     000965aa  ctl_init_pwm_dual_channel           
0     0009659a  ctl_init_pwm_tri_channel            
0     00096b78  ctl_init_ramp_generator             
0     00096b41  ctl_init_ramp_generator_via_freq    
0     000979e7  ctl_init_saturation                 
0     00096b24  ctl_init_sine_generator             
0     00097b8b  ctl_init_slope_limiter              
0     00096cea  ctl_init_spd_calculator             
0     00096c94  ctl_init_spd_calculator_elecpos     
0     00097d77  ctl_init_spwm_modulator             
0     00096aeb  ctl_init_square_wave_generator      
0     00096584  ctl_init_tri_adc_channel            
0     0009655a  ctl_init_tri_ptr_adc_channel        
0     00096aaa  ctl_init_triangle_wave_generator    
0     000945f2  ctl_mainloop                        
0     00097f4b  ctl_release_brake                   
0     00097f4a  ctl_restore_brake                   
0     0009679a  ctl_set_const_vf_target_freq        
0     00096791  ctl_set_slope_f_freq                
1     0000ac10  debug_uart                          
0     0009438e  default_cb_fn_fault                 
0     00094382  default_cb_fn_fault_reaction        
0     00094371  default_cb_fn_operation_enabled     
0     00094367  default_cb_fn_quick_stop_active     
0     00094348  default_cb_fn_ready_to_switch_on    
0     0009431e  default_cb_fn_switch_on_disabled    
0     000942fe  default_cb_fn_switched_on           
1     0000a8c0  dl                                  
1     0000b0b6  dlog_mem1                           
1     0000b17e  dlog_mem2                           
1     0000b909  errno                               
0     00097cff  exit                                
0     0009787e  fclose                              
0     0009765d  fflush                              
0     00097949  finddevice                          
1     0000b902  flag_enable_adc_calibrator          
1     0000b901  flag_error                          
1     0000b900  flag_system_running                 
0     000911b4  flush_dl_rx_buffer                  
0     0009118f  flush_dl_tx_buffer                  
0     00096512  fopen                               
0     00096f8d  fputs                               
0     00094ec6  free                                
0     000964f4  freopen                             
0     00097897  frexp                               
0     00097897  frexpl                              
0     00097a70  fseek                               
0     00097a70  fseeko                              
0     000942e3  get_cia402_control_cmd              
0     000942be  get_cia402_state                    
0     00097964  getdevice                           
0     00097eeb  gmp_base_calculate_crc16            
0     00094ec6  gmp_base_free                       
0     000975a3  gmp_base_get_system_tick            
0     00096ee1  gmp_base_malloc                     
0     00096ee0  gmp_base_not_impl                   
0     0009757b  gmp_base_print_c28xsyscfg           
0     00096e33  gmp_base_show_label                 
0     00096e32  gmp_base_system_stuck               
0     00097568  gmp_csp_loop                        
0     00097564  gmp_csp_post_process                
0     0009753f  gmp_csp_startup                     
0     00093b5e  gmp_dev_dl_default_rx_handler       
0     00093b51  gmp_dev_dl_get_tx_capacity          
0     00093b46  gmp_dev_dl_get_tx_hw_hdr            
0     00093b3b  gmp_dev_dl_get_tx_hw_pld            
0     00093b2c  gmp_dev_dl_get_tx_payload_ptr       
0     00093b1b  gmp_dev_dl_init                     
0     0009399e  gmp_dev_dl_loop_cb                  
0     00093999  gmp_dev_dl_msg_handled              
0     00093975  gmp_dev_dl_push_byte                
0     00093938  gmp_dev_dl_push_str                 
0     0009392b  gmp_dev_dl_reply_ack                
0     0009391c  gmp_dev_dl_reply_ack_null           
0     000938fd  gmp_dev_dl_reply_nack               
0     0009382a  gmp_dev_dl_tx_append_payload        
0     000938d4  gmp_dev_dl_tx_append_u16            
0     00093888  gmp_dev_dl_tx_append_u32            
0     00093869  gmp_dev_dl_tx_append_u8             
0     00093853  gmp_dev_dl_tx_ready                 
0     0009385a  gmp_dev_dl_tx_request               
0     00093814  gmp_dev_dl_tx_request_cmd           
0     00093810  gmp_dev_dl_tx_state_done            
0     000937f8  gmp_dev_dl_tx_state_next            
0     00093788  gmp_dev_dl_tx_warp                  
0     00092e30  gmp_hal_gpio_read                   
0     00092e15  gmp_hal_gpio_set_dir                
0     00092dea  gmp_hal_gpio_write                  
0     00092d3b  gmp_hal_iic_read_mem                
0     00092c86  gmp_hal_iic_read_reg                
0     00092c23  gmp_hal_iic_write_cmd               
0     00092b7a  gmp_hal_iic_write_mem               
0     00092afe  gmp_hal_iic_write_reg               
0     00092a7c  gmp_hal_spi_bus_read                
0     00092a19  gmp_hal_spi_bus_transfer            
0     000929bf  gmp_hal_spi_bus_write               
0     0009297d  gmp_hal_uart_read                   
0     00092910  gmp_hal_uart_write                  
0     00095ac5  gmp_mem_persp_init                  
0     00095945  gmp_mem_persp_rx_cb                 
0     00096787  gmp_param_tunable_init              
0     00096678  gmp_param_tunable_rx_cb             
0     0009574d  gmp_pil_sim_init                    
0     0009569f  gmp_pil_sim_rx_cb                   
0     000945f1  gmp_pil_sim_step                    
0     000970a8  gmp_scheduler_add_task              
0     00097052  gmp_scheduler_dispatch              
0     00097035  gmp_scheduler_init                  
0     00097569  gmp_step_system_tick                
1     0000b398  idc                                 
1     0000b382  idc_src                             
1     0000b903  index_adc_calibrator                
0     00097618  init                                
0     0009427f  init_cia402_state_machine           
1     0000b3c0  iuvw                                
1     0000ac0a  iuvw_src                            
0     00096ee4  ldexp                               
0     000978f1  ldexpf                              
0     00096ee4  ldexpl                              
0     00097f1b  lseek                               
0     000975a7  main                                
0     00097613  mainloop                            
0     00094e9b  malloc                              
1     0000adc0  mech_ctrl                           
1     0000ace0  mech_init                           
1     0000a80a  mem_persp_server                    
0     00095045  memalign                            
0     00097f86  memccpy                             
0     00097fb1  memchr                              
0     00097e80  memcpy                              
0     00098015  memset                              
0     00095014  minit                               
1     0000aec0  mtr_ctrl                            
1     0000ad40  mtr_ctrl_init                       
0     000976a1  open                                
1     0000ac02  parmbuf                             
1     0000a840  pil                                 
1     0000ac40  pos_enc                             
0     00093b90  powf                                
1     0000ad00  protection                          
0     00097022  puts                                
0     00094f90  realloc                             
0     00097eb9  remove                              
1     0000ac60  rg                                  
0     00096ee4  scalbn                              
0     000978f1  scalbnf                             
0     00096ee4  scalbnl                             
1     0000a812  sched                               
0     000910c9  send_monitor_data                   
0     00091064  setup_peripheral                    
0     000974c3  setvbuf                             
1     0000ae40  smo                                 
1     0000ac80  smo_init                            
1     0000ac50  spd_enc                             
1     0000acc0  spwm                                
0     00097d50  sqrtf                               
0     00097fca  strchr                              
0     00097fe1  strcmp                              
0     00098022  strcpy                              
0     0009800d  strlen                              
0     00097f60  strncpy                             
1     0000ac12  sys_tick_div                        
0     00097777  tanf                                
1     0000b898  tasks                               
1     0000b384  trigger                             
0     00097602  tsk_blink                           
0     000975c0  tsk_dl_debug_device                 
0     000975bc  tsk_monitor                         
0     000945d5  tsk_protect                         
0     000975b8  tsk_startup                         
1     0000a802  tunable                             
1     0000b38c  udc                                 
1     0000b380  udc_src                             
0     00097eb9  unlink                              
1     0000a800  user_led                            
1     0000b3a4  uuvw                                
1     0000ac16  uuvw_src                            
0     00097c4e  vsprintf                            
0     00097fd6  wcslen                              
0     00097ed2  write                               


GLOBAL SYMBOLS: SORTED BY Symbol Address 

page  address   name                                
----  -------   ----                                
0     00008000  Flash_wakeFromLPM                   
0     00008000  RamfuncsRunStart                    
0     00008015  Flash_powerDown                     
0     0000802d  Flash_initModule                    
0     00008072  SysCtl_delay                        
0     00008076  RamfuncsRunEnd                      
0     00080000  code_start                          
0     00081000  RamfuncsLoadStart                   
0     00081076  RamfuncsLoadEnd                     
0     000810c4  __TI_Handler_Table_Base             
0     000810ca  __TI_Handler_Table_Limit            
0     000810ce  __TI_CINIT_Base                     
0     000810d6  __TI_CINIT_Limit                    
0     000810d6  __TI_CINIT_Warm                     
0     00085bc0  PieVectTableInit                    
0     00085e9a  _ctypes_                            
0     00090012  SYSCTL_init                         
0     000903e3  SYNC_init                           
0     00090414  IRIS_UART_USB_init                  
0     00090414  SCI_init                            
0     00090496  RESET_GATE_init                     
0     000904aa  PinMux_init                         
0     000905f6  MONITOR_IO_init                     
0     0009060a  LED_R_init                          
0     0009061e  LED_G_init                          
0     00090632  IRIS_DACB_init                      
0     00090658  IRIS_DACA_init                      
0     0009067e  CAN_init                            
0     0009067e  IRIS_CAN_init                       
0     0009074e  IRIS_ADCC_init                      
0     0009079f  IRIS_ADCB_init                      
0     00090801  IRIS_ADCA_init                      
0     00090869  INTERRUPT_init                      
0     00090896  ENABLE_GATE_init                    
0     000908aa  GPIO_init                           
0     000908b5  EQEP1_J12_init                      
0     0009090b  EQEP2_J13_init                      
0     00090961  EQEP_init                           
0     0009097f  EPWM_init                           
0     00091030  DAC_init                            
0     00091035  ASYSCTL_init                        
0     00091042  ADC_init                            
0     00091049  Board_init                          
0     00091064  setup_peripheral                    
0     000910c9  send_monitor_data                   
0     0009118f  flush_dl_tx_buffer                  
0     000911b4  flush_dl_rx_buffer                  
0     0009278b  __TI_printfi                        
0     00092910  gmp_hal_uart_write                  
0     0009297d  gmp_hal_uart_read                   
0     000929bf  gmp_hal_spi_bus_write               
0     00092a19  gmp_hal_spi_bus_transfer            
0     00092a7c  gmp_hal_spi_bus_read                
0     00092afe  gmp_hal_iic_write_reg               
0     00092b7a  gmp_hal_iic_write_mem               
0     00092c23  gmp_hal_iic_write_cmd               
0     00092c86  gmp_hal_iic_read_reg                
0     00092d3b  gmp_hal_iic_read_mem                
0     00092dea  gmp_hal_gpio_write                  
0     00092e15  gmp_hal_gpio_set_dir                
0     00092e30  gmp_hal_gpio_read                   
0     00092e44  XINT5_ISR                           
0     00092e4e  XINT4_ISR                           
0     00092e58  XINT3_ISR                           
0     00092e62  XINT2_ISR                           
0     00092e6c  XINT1_ISR                           
0     00092e76  WAKE_ISR                            
0     00092e80  USER9_ISR                           
0     00092e8a  USER8_ISR                           
0     00092e94  USER7_ISR                           
0     00092e9e  USER6_ISR                           
0     00092ea8  USER5_ISR                           
0     00092eb2  USER4_ISR                           
0     00092ebc  USER3_ISR                           
0     00092ec6  USER2_ISR                           
0     00092ed0  USER1_ISR                           
0     00092eda  USER12_ISR                          
0     00092ee4  USER11_ISR                          
0     00092eee  USER10_ISR                          
0     00092ef8  TIMER2_ISR                          
0     00092f02  TIMER1_ISR                          
0     00092f0c  TIMER0_ISR                          
0     00092f16  SYS_PLL_SLIP_ISR                    
0     00092f20  SPIB_TX_ISR                         
0     00092f2a  SPIB_RX_ISR                         
0     00092f34  SPIA_TX_ISR                         
0     00092f3e  SPIA_RX_ISR                         
0     00092f48  SD1_ISR                             
0     00092f52  SD1DR4_ISR                          
0     00092f5c  SD1DR3_ISR                          
0     00092f66  SD1DR2_ISR                          
0     00092f70  SD1DR1_ISR                          
0     00092f7a  SCIB_TX_ISR                         
0     00092f84  SCIB_RX_ISR                         
0     00092f8e  SCIA_TX_ISR                         
0     00092f98  SCIA_RX_ISR                         
0     00092fa2  RTOS_ISR                            
0     00092fac  RAM_CORRECTABLE_ERROR_ISR           
0     00092fb6  RAM_ACCESS_VIOLATION_ISR            
0     00092fc0  PMBUSA_ISR                          
0     00092fca  PIE_RESERVED_ISR                    
0     00092fd4  NOTUSED_ISR                         
0     00092fde  NMI_ISR                             
0     00092fe8  LINA_1_ISR                          
0     00092ff2  LINA_0_ISR                          
0     00092ffc  ILLEGAL_ISR                         
0     00093006  I2CA_ISR                            
0     00093010  I2CA_FIFO_ISR                       
0     0009301a  FSITXA2_ISR                         
0     00093024  FSITXA1_ISR                         
0     0009302e  FSIRXA2_ISR                         
0     00093038  FSIRXA1_ISR                         
0     00093042  FPU_UNDERFLOW_ISR                   
0     0009304c  FPU_OVERFLOW_ISR                    
0     00093056  FLASH_CORRECTABLE_ERROR_ISR         
0     00093060  EQEP2_ISR                           
0     0009306a  EQEP1_ISR                           
0     00093074  EPWM8_TZ_ISR                        
[...]
0     00093b46  gmp_dev_dl_get_tx_hw_hdr            
0     00093b51  gmp_dev_dl_get_tx_capacity          
0     00093b5e  gmp_dev_dl_default_rx_handler       
0     00093b90  powf                                
0     00093f1c  CAN_transferMessage                 
0     00093f6a  CAN_setupMessageObject              
0     0009400d  CAN_setBitTiming                    
0     0009403d  CAN_setBitRate                      
0     0009406d  CAN_sendRemoteRequestMessage        
0     00094089  CAN_sendMessage_updateDLC           
0     000940da  CAN_sendMessage_32bit               
0     00094125  CAN_sendMessage_16bit               
0     0009416d  CAN_sendMessage                     
0     000941a6  CAN_readMessage                     
0     000941dd  CAN_readMessageWithID               
0     00094209  CAN_initModule                      
0     0009421e  CAN_disableMessageObject            
0     00094234  CAN_disableAllMessageObjects        
0     00094250  CAN_clearMessage                    
0     00094266  CAN_clearInterruptStatus            
0     0009427f  init_cia402_state_machine           
0     000942be  get_cia402_state                    
0     000942e3  get_cia402_control_cmd              
0     000942fe  default_cb_fn_switched_on           
0     0009431e  default_cb_fn_switch_on_disabled    
0     00094348  default_cb_fn_ready_to_switch_on    
0     00094367  default_cb_fn_quick_stop_active     
0     00094371  default_cb_fn_operation_enabled     
0     00094382  default_cb_fn_fault_reaction        
0     0009438e  default_cb_fn_fault                 
0     0009439c  cia402_update_status_word           
0     000943d5  cia402_transit                      
0     00094417  cia402_fault_request                
0     0009456e  cia402_dispatch                     
0     000945d5  tsk_protect                         
0     000945f1  gmp_pil_sim_step                    
0     000945f2  ctl_mainloop                        
0     000945f7  ctl_init                            
0     00094757  clear_all_controllers               
0     00094849  ctl_exec_adc_calibration            
0     000948e3  ctl_enable_pwm                      
0     000948ff  ctl_disable_pwm                     
0     00094957  SysCtl_selectXTALSingleEnded        
0     00094978  SysCtl_selectXTAL                   
0     000949b7  SysCtl_selectOscSource              
0     000949e8  SysCtl_isPLLValid                   
0     00094a9f  SysCtl_setClock                     
0     00094b52  SysCtl_getClock                     
0     00094ba2  SysCtl_getLowSpeedClock             
0     00094bb7  SysCtl_getDeviceParametric          
0     00094bf4  ctl_init_pmsm_esmo_consultant       
0     00094d0a  ctl_init_pmsm_esmo                  
0     00094e36  ctl_autotune_esmo_init_from_mtr     
0     00094e9b  malloc                              
0     00094ec6  free                                
0     00094ec6  gmp_base_free                       
0     00094f90  realloc                             
0     00095014  minit                               
0     00095018  calloc                              
0     00095045  aligned_alloc                       
0     00095045  memalign                            
0     000950f3  __TI_heap_total_available           
0     00095112  __TI_heap_largest_available         
0     00095131  __TI_heap_check                     
0     00095133  ctl_init_foc_core                   
0     000952be  ctl_auto_tuning_foc_core            
0     0009535c  DCC_verifyClockFrequency            
0     00095411  DCC_measureClockFrequency           
0     000954b9  DCC_getRevisionNumber               
0     000954c6  DCC_continuousMonitor               
0     0009569f  gmp_pil_sim_rx_cb                   
0     0009574d  gmp_pil_sim_init                    
0     0009575a  ctl_init_lp_filter                  
0     0009578d  ctl_init_filter_iir1_lpf            
0     000957d8  ctl_init_filter_iir1_hpf            
0     00095825  ctl_init_filter_iir1_apf            
0     00095878  ctl_get_filter_iir1_phase_lag       
0     000958c6  ctl_get_filter_iir1_gain            
0     00095945  gmp_mem_persp_rx_cb                 
0     00095ac5  gmp_mem_persp_init                  
0     00095acb  GPIO_setQualificationPeriod         
0     00095ae6  GPIO_setQualificationMode           
0     00095b08  GPIO_setPinConfig                   
0     00095b38  GPIO_setPadConfig                   
0     00095b77  GPIO_setInterruptPin                
0     00095b97  GPIO_setDirectionMode               
0     00095bb7  GPIO_setControllerCore              
0     00095bd9  GPIO_setAnalogMode                  
0     00095bfa  GPIO_getQualificationMode           
0     00095c1a  GPIO_getPadConfig                   
0     00095c46  GPIO_getDirectionMode               
0     00095c58  __error__                           
0     00095c5b  Device_verifyXTAL                   
0     00095c98  Device_initGPIO                     
0     00095ca8  Device_init                         
0     00095d08  Device_enableAllPeripherals         
0     00095ddf  InitGpio                            
0     00095e0b  GPIO_WritePin                       
0     00095e25  GPIO_SetupXINT5Gpio                 
0     00095e2b  GPIO_SetupXINT4Gpio                 
0     00095e31  GPIO_SetupXINT3Gpio                 
0     00095e37  GPIO_SetupXINT2Gpio                 
0     00095e3d  GPIO_SetupXINT1Gpio                 
0     00095e43  GPIO_SetupPinOptions                
0     00095ec7  GPIO_SetupPinMux                    
0     00095f1b  GPIO_SetupLock                      
0     00095f3c  GPIO_ReadPin                        
0     00095f50  MainISR                             
0     00095fe0  INT_IRIS_UART_USB_RX_ISR            
0     00096024  INT_IRIS_CAN_1_ISR                  
0     0009603b  INT_IRIS_CAN_0_ISR                  
0     000960a5  Interrupt_initVectorTable           
0     000960ba  Interrupt_initModule                
0     000960fb  Interrupt_enable                    
0     000961a5  Interrupt_disable                   
0     000961ef  ctl_init_lead_form2                 
0     00096242  ctl_init_lead_form3                 
0     00096270  ctl_init_lead                       
0     000962c4  ctl_init_lag                        
0     00096315  ctl_init_mech_ctrl                  
0     000963b4  ctl_autotuning_mech_ctrl            
0     000964d7  __TI_cleanup                        
0     000964f4  freopen                             
0     00096512  fopen                               
0     00096559  _system_post_cinit                  
0     0009655a  ctl_init_tri_ptr_adc_channel        
0     00096584  ctl_init_tri_adc_channel            
0     0009659a  ctl_init_pwm_tri_channel            
0     000965aa  ctl_init_pwm_dual_channel           
0     000965b9  ctl_init_pwm_channel                
0     000965c2  ctl_init_ptr_adc_channel            
0     000965e5  ctl_init_dual_ptr_adc_channel       
0     0009660f  ctl_init_adc_dual_channel           
0     00096625  ctl_init_adc_channel                
0     00096632  ctl_init_adc_calibrator             
0     00096662  ctl_enable_adc_calibrator           
0     00096678  gmp_param_tunable_rx_cb             
0     00096787  gmp_param_tunable_init              
0     00096791  ctl_set_slope_f_freq                
0     0009679a  ctl_set_const_vf_target_freq        
0     000967a3  ctl_init_const_vf_controller        
0     000967fb  ctl_init_const_slope_f_pu_controller
0     00096856  ctl_init_const_slope_f_controller   
0     0009688c  ctl_init_const_f_controller         
0     000968a2  __c28xabi_divll                     
0     000968de  __c28xabi_modll                     
0     00096918  __c28xabi_divull                    
0     00096947  __c28xabi_modull                    
0     000969a9  SCI_writeCharArray                  
0     000969cb  SCI_setWakeFlag                     
0     000969cf  SCI_setConfig                       
0     000969f2  SCI_setBaud                         
0     00096a1a  SCI_readCharArray                   
0     00096a3a  SCI_getInterruptStatus              
0     00096a5a  SCI_enableInterrupt                 
0     00096a74  SCI_disableInterrupt                
0     00096a8e  SCI_clearInterruptStatus            
0     00096aaa  ctl_init_triangle_wave_generator    
0     00096aeb  ctl_init_square_wave_generator      
0     00096b24  ctl_init_sine_generator             
0     00096b41  ctl_init_ramp_generator_via_freq    
0     00096b78  ctl_init_ramp_generator             
0     00096ba1  ctl_init_mtr_protect                
0     00096c0d  ctl_dispatch_mtr_protect_slow       
0     00096c89  ctl_attach_mtr_protect_port         
0     00096c94  ctl_init_spd_calculator_elecpos     
0     00096cea  ctl_init_spd_calculator             
0     00096d30  ctl_init_pos_encoder                
0     00096d41  ctl_init_multiturn_pos_encoder      
0     00096d52  ctl_init_autoturn_pos_encoder       
0     00096d64  ADC_setOffsetTrimAll                
0     00096d7f  ADC_setVREF                         
0     00096daf  ADC_setPPBTripLimits                
0     00096dd7  ADC_setOffsetTrim                   
0     00096e08  ADC_setINLTrim                      
0     00096e32  gmp_base_system_stuck               
0     00096e33  gmp_base_show_label                 
0     00096ee0  gmp_base_not_impl                   
0     00096ee1  gmp_base_malloc                     
0     00096ee4  ldexp                               
0     00096ee4  ldexpl                              
0     00096ee4  scalbn                              
0     00096ee4  scalbnl                             
0     00096f8d  fputs                               
0     00097022  puts                                
0     00097035  gmp_scheduler_init                  
0     00097052  gmp_scheduler_dispatch              
0     000970a8  gmp_scheduler_add_task              
0     000970d9  ctl_init_pid_Tmode                  
0     0009713f  ctl_init_pid                        
0     00097175  __c28xabi_addd                      
0     00097212  __TI_writemsg                       
0     00097265  C$$IO$$                             
0     0009726a  __TI_readmsg                        
0     000972a7  __c28xabi_divd                      
0     00097332  __c28xabi_divf                      
0     000973ba  ctl_init_ato_pll                    
0     00097440  __c28xabi_mpyd                      
0     000974c3  setvbuf                             
0     0009753f  gmp_csp_startup                     
0     00097564  gmp_csp_post_process                
0     00097568  gmp_csp_loop                        
0     00097569  gmp_step_system_tick                
0     0009757b  gmp_base_print_c28xsyscfg           
0     000975a3  gmp_base_get_system_tick            
0     000975a7  main                                
0     000975b8  tsk_startup                         
0     000975bc  tsk_monitor                         
0     000975c0  tsk_dl_debug_device                 
0     00097602  tsk_blink                           
0     00097613  mainloop                            
0     00097618  init                                
0     0009762e  __TI_doflush                        
0     0009765d  fflush                              
0     000976a1  open                                
0     00097712  __TI_wrt_ok                         
0     0009774c  __TI_rd_ok                          
0     00097777  tanf                                
0     000977d9  HOSTlseek                           
0     0009783a  __TI_closefile                      
0     0009787e  fclose                              
0     00097897  frexp                               
0     00097897  frexpl                              
0     000978f1  ldexpf                              
0     000978f1  scalbnf                             
0     00097949  finddevice                          
0     00097964  getdevice                           
0     0009799a  EQEP_setInputPolarity               
0     000979cf  EQEP_setCompareConfig               
0     000979e7  ctl_init_saturation                 
0     00097a05  ctl_init_bipolar_saturation         
0     00097a26  ctl_init_atanh_saturation           
0     00097a32  HOSTrename                          
0     00097a70  fseek                               
0     00097a70  fseeko                              
0     00097aad  HOSTopen                            
0     00097ae7  HOSTwrite                           
0     00097b20  HOSTread                            
0     00097b58  close                               
0     00097b8b  ctl_init_slope_limiter              
0     00097bbd  atoi                                
0     00097bee  __TI_decompress_lzss                
0     00097c1e  __TI_ltoa                           
0     00097c4e  vsprintf                            
0     00097c7e  __TI_auto_init_nobinit_nopinit      
0     00097ca9  __c28xabi_cmpd                      
0     00097cd3  __c28xabi_divl                      
0     00097ce2  __c28xabi_modl                      
0     00097cf0  __c28xabi_divul                     
0     00097cf7  __c28xabi_modul                     
0     00097cfd  C$$EXIT                             
0     00097cfd  abort                               
0     00097cff  exit                                
0     00097d26  HOSTclose                           
0     00097d50  sqrtf                               
0     00097d77  ctl_init_spwm_modulator             
0     00097d9d  HOSTunlink                          
0     00097dc1  copysign                            
0     00097dc1  copysignl                           
0     00097de5  __c28xabi_dtoi                      
0     00097e06  Interrupt_nmiHandler                
0     00097e10  Interrupt_illegalOperationHandler   
0     00097e1a  Interrupt_defaultHandler            
0     00097e26  __c28xabi_dtol                      
0     00097e45  __c28xabi_cmpll                     
0     00097e57  __c28xabi_cmpull                    
0     00097e63  __c28xabi_itod                      
0     00097e80  memcpy                              
0     00097e9d  __c28xabi_ltod                      
0     00097eb9  remove                              
0     00097eb9  unlink                              
0     00097ed2  write                               
0     00097eeb  gmp_base_calculate_crc16            
0     00097f03  __c28xabi_andll                     
0     00097f0b  __c28xabi_orll                      
0     00097f13  __c28xabi_xorll                     
0     00097f1b  lseek                               
0     00097f33  _c_int00                            
0     00097f4a  ctl_restore_brake                   
0     00097f4b  ctl_release_brake                   
0     00097f4c  ctl_exec_rotor_alignment            
0     00097f4e  ctl_exec_dc_voltage_ready           
0     00097f53  ctl_enable_precharge_relay          
0     00097f54  ctl_enable_main_contactor           
0     00097f55  ctl_enable_grid_relay               
0     00097f57  ctl_disable_precharge_relay         
0     00097f58  ctl_disable_main_contactor          
0     00097f59  ctl_disable_grid_relay              
0     00097f5a  ctl_check_pll_locked                
0     00097f5c  ctl_check_encoder                   
0     00097f5e  ctl_check_compliance                
0     00097f60  strncpy                             
0     00097f75  copysignf                           
0     00097f86  memccpy                             
0     00097f96  __c28xabi_subd                      
0     00097fa4  _abort_msg                          
0     00097fb1  memchr                              
0     00097fbe  _args_main                          
0     00097fca  strchr                              
0     00097fd6  wcslen                              
0     00097fe1  strcmp                              
0     00097feb  _register_unlock                    
0     00097fef  _register_lock                      
0     00097ff3  _nop                                
0     00097ff4  __c28xabi_negd                      
0     00097ffd  __TI_decompress_none                
0     0009800d  strlen                              
0     00098015  memset                              
0     0009801c  __TI_zero_init                      
0     00098022  strcpy                              
0     00098027  ctl_init_divider                    
0     0009802b  _system_pre_init                    
1     00000400  __stack                             
1     00000600  __TI_STACK_END                      
1     00007900  InputXbarRegs                       
1     00007c00  GpioCtrlRegs                        
1     00007f00  GpioDataRegs                        
1     0000a800  user_led                            
1     0000a802  tunable                             
1     0000a80a  mem_persp_server                    
1     0000a812  sched                               
1     0000a840  pil                                 
1     0000a8c0  dl                                  
1     0000ac02  parmbuf                             
1     0000ac0a  iuvw_src                            
1     0000ac10  debug_uart                          
1     0000ac12  sys_tick_div                        
1     0000ac16  uuvw_src                            
1     0000ac40  pos_enc                             
1     0000ac50  spd_enc                             
1     0000ac60  rg                                  
1     0000ac80  smo_init                            
1     0000ac9a  adc_calibrator                      
1     0000acc0  spwm                                
1     0000ace0  mech_init                           
1     0000ad00  protection                          
1     0000ad40  mtr_ctrl_init                       
1     0000ad80  cia402_sm                           
1     0000adc0  mech_ctrl                           
1     0000ae40  smo                                 
1     0000aec0  mtr_ctrl                            
1     0000af96  __CIOBUF_                           
1     0000b0b6  dlog_mem1                           
1     0000b17e  dlog_mem2                           
1     0000b246  __TI_tmpnams                        
1     0000b380  udc_src                             
1     0000b382  idc_src                             
1     0000b384  trigger                             
1     0000b38c  udc                                 
1     0000b398  idc                                 
1     0000b3a4  uuvw                                
1     0000b3c0  iuvw                                
1     0000b3d8  _sys_memory                         
1     0000b7d8  _ftable                             
1     0000b850  _device                             
1     0000b898  tasks                               
1     0000b8d0  _stream                             
1     0000b8f8  __TI_enable_exit_profile_output     
1     0000b8fa  __TI_cleanup_ptr                    
1     0000b8fc  __TI_dtors_ptr                      
1     0000b8fe  _lock                               
1     0000b900  flag_system_running                 
1     0000b901  flag_error                          
1     0000b902  flag_enable_adc_calibrator          
1     0000b903  index_adc_calibrator                
1     0000b904  _unlock                             
1     0000b906  DSPC2000_SystemTick                 
1     0000b908  __TI_ft_end                         
1     0000b909  errno                               
abs   00000076  RamfuncsLoadSize                    
abs   00000076  RamfuncsRunSize                     
abs   00000200  __TI_STACK_SIZE                     
abs   00000400  __TI_SYSMEM_SIZE                    
abs   ffffffff  __TI_pprof_out_hndl                 
abs   ffffffff  __TI_prof_data_size                 
abs   ffffffff  __TI_prof_data_start                
n/a   UNDEFED   __c_args__                          

[587 symbols]
