<?xml version="1.0" encoding="ISO-8859-1" ?>
<link_info>
   <banner>TMS320C2000 Linker PC v22.6.1.LTS</banner>
   <copyright>Copyright (c) 1996-2018 Texas Instruments Incorporated</copyright>
   <link_time>0x6a2aa422</link_time>
   <link_errors>0x0</link_errors>
   <output_file>CTL_MC_PMSM_NT_280049C_Sensored.out</output_file>
   <entry_point>
      <name>_c_int00</name>
      <address>0x98045</address>
   </entry_point>
   <input_file_list>
      <input_file id="fl-2">
         <path>.\syscfg\</path>
         <kind>object</kind>
         <file>board.obj</file>
         <name>board.obj</name>
      </input_file>
      <input_file id="fl-3">
         <path>.\syscfg\</path>
         <kind>object</kind>
         <file>device.obj</file>
         <name>device.obj</name>
      </input_file>
      <input_file id="fl-4">
         <path>.\syscfg\</path>
         <kind>object</kind>
         <file>c2000ware_libraries.obj</file>
         <name>c2000ware_libraries.obj</name>
      </input_file>
      <input_file id="fl-5">
         <path>.\</path>
         <kind>object</kind>
         <file>f28004x_codestartbranch.obj</file>
         <name>f28004x_codestartbranch.obj</name>
      </input_file>
      <input_file id="fl-6">
         <path>.\device_support\</path>
         <kind>object</kind>
         <file>f28004x_adc.obj</file>
         <name>f28004x_adc.obj</name>
      </input_file>
      <input_file id="fl-7">
         <path>.\device_support\</path>
         <kind>object</kind>
         <file>f28004x_cputimers.obj</file>
         <name>f28004x_cputimers.obj</name>
      </input_file>
      <input_file id="fl-8">
         <path>.\device_support\</path>
         <kind>object</kind>
         <file>f28004x_dbgier.obj</file>
         <name>f28004x_dbgier.obj</name>
      </input_file>
      <input_file id="fl-9">
         <path>.\device_support\</path>
         <kind>object</kind>
         <file>f28004x_dcsm_z1otp.obj</file>
         <name>f28004x_dcsm_z1otp.obj</name>
      </input_file>
      <input_file id="fl-a">
         <path>.\device_support\</path>
         <kind>object</kind>
         <file>f28004x_dcsm_z2otp.obj</file>
         <name>f28004x_dcsm_z2otp.obj</name>
      </input_file>
      <input_file id="fl-b">
         <path>.\device_support\</path>
         <kind>object</kind>
         <file>f28004x_defaultisr.obj</file>
         <name>f28004x_defaultisr.obj</name>
      </input_file>
      <input_file id="fl-c">
         <path>.\device_support\</path>
         <kind>object</kind>
         <file>f28004x_dma.obj</file>
         <name>f28004x_dma.obj</name>
      </input_file>
      <input_file id="fl-d">
         <path>.\device_support\</path>
         <kind>object</kind>
         <file>f28004x_globalvariabledefs.obj</file>
         <name>f28004x_globalvariabledefs.obj</name>
      </input_file>
      <input_file id="fl-e">
         <path>.\device_support\</path>
         <kind>object</kind>
         <file>f28004x_gpio.obj</file>
         <name>f28004x_gpio.obj</name>
      </input_file>
      <input_file id="fl-f">
         <path>.\device_support\</path>
         <kind>object</kind>
         <file>f28004x_piectrl.obj</file>
         <name>f28004x_piectrl.obj</name>
      </input_file>
      <input_file id="fl-10">
         <path>.\device_support\</path>
         <kind>object</kind>
         <file>f28004x_pievect.obj</file>
         <name>f28004x_pievect.obj</name>
      </input_file>
      <input_file id="fl-11">
         <path>.\device_support\</path>
         <kind>object</kind>
         <file>f28004x_spi.obj</file>
         <name>f28004x_spi.obj</name>
      </input_file>
      <input_file id="fl-12">
         <path>.\device_support\</path>
         <kind>object</kind>
         <file>f28004x_sysctrl.obj</file>
         <name>f28004x_sysctrl.obj</name>
      </input_file>
      <input_file id="fl-13">
         <path>.\device_support\</path>
         <kind>object</kind>
         <file>f28004x_usdelay.obj</file>
         <name>f28004x_usdelay.obj</name>
      </input_file>
      <input_file id="fl-14">
         <path>.\driverlib\</path>
         <kind>object</kind>
         <file>adc.obj</file>
         <name>adc.obj</name>
      </input_file>
      <input_file id="fl-15">
         <path>.\driverlib\</path>
         <kind>object</kind>
         <file>asysctl.obj</file>
         <name>asysctl.obj</name>
      </input_file>
      <input_file id="fl-16">
         <path>.\driverlib\</path>
         <kind>object</kind>
         <file>can.obj</file>
         <name>can.obj</name>
      </input_file>
      <input_file id="fl-17">
         <path>.\driverlib\</path>
         <kind>object</kind>
         <file>cla.obj</file>
         <name>cla.obj</name>
      </input_file>
      <input_file id="fl-18">
         <path>.\driverlib\</path>
         <kind>object</kind>
         <file>clapromcrc.obj</file>
         <name>clapromcrc.obj</name>
      </input_file>
      <input_file id="fl-19">
         <path>.\driverlib\</path>
         <kind>object</kind>
         <file>clb.obj</file>
         <name>clb.obj</name>
      </input_file>
      <input_file id="fl-1a">
         <path>.\driverlib\</path>
         <kind>object</kind>
         <file>cmpss.obj</file>
         <name>cmpss.obj</name>
      </input_file>
      <input_file id="fl-1b">
         <path>.\driverlib\</path>
         <kind>object</kind>
         <file>cputimer.obj</file>
         <name>cputimer.obj</name>
      </input_file>
      <input_file id="fl-1c">
         <path>.\driverlib\</path>
         <kind>object</kind>
         <file>dac.obj</file>
         <name>dac.obj</name>
      </input_file>
      <input_file id="fl-1d">
         <path>.\driverlib\</path>
         <kind>object</kind>
         <file>dcc.obj</file>
         <name>dcc.obj</name>
      </input_file>
      <input_file id="fl-1e">
         <path>.\driverlib\</path>
         <kind>object</kind>
         <file>dcsm.obj</file>
         <name>dcsm.obj</name>
      </input_file>
      <input_file id="fl-1f">
         <path>.\driverlib\</path>
         <kind>object</kind>
         <file>dma.obj</file>
         <name>dma.obj</name>
      </input_file>
      <input_file id="fl-20">
         <path>.\driverlib\</path>
         <kind>object</kind>
         <file>ecap.obj</file>
         <name>ecap.obj</name>
      </input_file>
      <input_file id="fl-21">
         <path>.\driverlib\</path>
         <kind>object</kind>
         <file>epwm.obj</file>
         <name>epwm.obj</name>
      </input_file>
      <input_file id="fl-22">
         <path>.\driverlib\</path>
         <kind>object</kind>
         <file>eqep.obj</file>
         <name>eqep.obj</name>
      </input_file>
      <input_file id="fl-23">
         <path>.\driverlib\</path>
         <kind>object</kind>
         <file>erad.obj</file>
         <name>erad.obj</name>
      </input_file>
      <input_file id="fl-24">
         <path>.\driverlib\</path>
         <kind>object</kind>
         <file>flash.obj</file>
         <name>flash.obj</name>
      </input_file>
      <input_file id="fl-25">
         <path>.\driverlib\</path>
         <kind>object</kind>
         <file>fsi.obj</file>
         <name>fsi.obj</name>
      </input_file>
      <input_file id="fl-26">
         <path>.\driverlib\</path>
         <kind>object</kind>
         <file>gpio.obj</file>
         <name>gpio.obj</name>
      </input_file>
      <input_file id="fl-27">
         <path>.\driverlib\</path>
         <kind>object</kind>
         <file>hrcap.obj</file>
         <name>hrcap.obj</name>
      </input_file>
      <input_file id="fl-28">
         <path>.\driverlib\</path>
         <kind>object</kind>
         <file>hrpwm.obj</file>
         <name>hrpwm.obj</name>
      </input_file>
      <input_file id="fl-29">
         <path>.\driverlib\</path>
         <kind>object</kind>
         <file>i2c.obj</file>
         <name>i2c.obj</name>
      </input_file>
      <input_file id="fl-2a">
         <path>.\driverlib\</path>
         <kind>object</kind>
         <file>interrupt.obj</file>
         <name>interrupt.obj</name>
      </input_file>
      <input_file id="fl-2b">
         <path>.\driverlib\</path>
         <kind>object</kind>
         <file>lin.obj</file>
         <name>lin.obj</name>
      </input_file>
      <input_file id="fl-2c">
         <path>.\driverlib\</path>
         <kind>object</kind>
         <file>memcfg.obj</file>
         <name>memcfg.obj</name>
      </input_file>
      <input_file id="fl-2d">
         <path>.\driverlib\</path>
         <kind>object</kind>
         <file>pga.obj</file>
         <name>pga.obj</name>
      </input_file>
      <input_file id="fl-2e">
         <path>.\driverlib\</path>
         <kind>object</kind>
         <file>pmbus.obj</file>
         <name>pmbus.obj</name>
      </input_file>
      <input_file id="fl-2f">
         <path>.\driverlib\</path>
         <kind>object</kind>
         <file>sci.obj</file>
         <name>sci.obj</name>
      </input_file>
      <input_file id="fl-30">
         <path>.\driverlib\</path>
         <kind>object</kind>
         <file>sdfm.obj</file>
         <name>sdfm.obj</name>
      </input_file>
      <input_file id="fl-31">
         <path>.\driverlib\</path>
         <kind>object</kind>
         <file>spi.obj</file>
         <name>spi.obj</name>
      </input_file>
      <input_file id="fl-32">
         <path>.\driverlib\</path>
         <kind>object</kind>
         <file>sysctl.obj</file>
         <name>sysctl.obj</name>
      </input_file>
      <input_file id="fl-33">
         <path>.\driverlib\</path>
         <kind>object</kind>
         <file>version.obj</file>
         <name>version.obj</name>
      </input_file>
      <input_file id="fl-34">
         <path>.\driverlib\</path>
         <kind>object</kind>
         <file>xbar.obj</file>
         <name>xbar.obj</name>
      </input_file>
      <input_file id="fl-35">
         <path>.\gmp_src_mgr\gmp_src\</path>
         <kind>object</kind>
         <file>PCA9555.obj</file>
         <name>PCA9555.obj</name>
      </input_file>
      <input_file id="fl-36">
         <path>.\gmp_src_mgr\gmp_src\</path>
         <kind>object</kind>
         <file>crc16.obj</file>
         <name>crc16.obj</name>
      </input_file>
      <input_file id="fl-37">
         <path>.\gmp_src_mgr\gmp_src\</path>
         <kind>object</kind>
         <file>ctl_adv_back_stepping.obj</file>
         <name>ctl_adv_back_stepping.obj</name>
      </input_file>
      <input_file id="fl-38">
         <path>.\gmp_src_mgr\gmp_src\</path>
         <kind>object</kind>
         <file>ctl_adv_flc.obj</file>
         <name>ctl_adv_flc.obj</name>
      </input_file>
      <input_file id="fl-39">
         <path>.\gmp_src_mgr\gmp_src\</path>
         <kind>object</kind>
         <file>ctl_adv_flpid.obj</file>
         <name>ctl_adv_flpid.obj</name>
      </input_file>
      <input_file id="fl-3a">
         <path>.\gmp_src_mgr\gmp_src\</path>
         <kind>object</kind>
         <file>ctl_adv_ilc.obj</file>
         <name>ctl_adv_ilc.obj</name>
      </input_file>
      <input_file id="fl-3b">
         <path>.\gmp_src_mgr\gmp_src\</path>
         <kind>object</kind>
         <file>ctl_adv_imc.obj</file>
         <name>ctl_adv_imc.obj</name>
      </input_file>
      <input_file id="fl-3c">
         <path>.\gmp_src_mgr\gmp_src\</path>
         <kind>object</kind>
         <file>ctl_adv_lms.obj</file>
         <name>ctl_adv_lms.obj</name>
      </input_file>
      <input_file id="fl-3d">
         <path>.\gmp_src_mgr\gmp_src\</path>
         <kind>object</kind>
         <file>ctl_adv_lut_pair.obj</file>
         <name>ctl_adv_lut_pair.obj</name>
      </input_file>
      <input_file id="fl-3e">
         <path>.\gmp_src_mgr\gmp_src\</path>
         <kind>object</kind>
         <file>ctl_adv_mrac.obj</file>
         <name>ctl_adv_mrac.obj</name>
      </input_file>
      <input_file id="fl-3f">
         <path>.\gmp_src_mgr\gmp_src\</path>
         <kind>object</kind>
         <file>ctl_adv_rc.obj</file>
         <name>ctl_adv_rc.obj</name>
      </input_file>
      <input_file id="fl-40">
         <path>.\gmp_src_mgr\gmp_src\</path>
         <kind>object</kind>
         <file>ctl_adv_sinc_interpolator.obj</file>
         <name>ctl_adv_sinc_interpolator.obj</name>
      </input_file>
      <input_file id="fl-41">
         <path>.\gmp_src_mgr\gmp_src\</path>
         <kind>object</kind>
         <file>ctl_adv_smc.obj</file>
         <name>ctl_adv_smc.obj</name>
      </input_file>
      <input_file id="fl-42">
         <path>.\gmp_src_mgr\gmp_src\</path>
         <kind>object</kind>
         <file>ctl_adv_surf_search.obj</file>
         <name>ctl_adv_surf_search.obj</name>
      </input_file>
      <input_file id="fl-43">
         <path>.\gmp_src_mgr\gmp_src\</path>
         <kind>object</kind>
         <file>ctl_cia402_callback_fn.obj</file>
         <name>ctl_cia402_callback_fn.obj</name>
      </input_file>
      <input_file id="fl-44">
         <path>.\gmp_src_mgr\gmp_src\</path>
         <kind>object</kind>
         <file>ctl_cia402_state_machine.obj</file>
         <name>ctl_cia402_state_machine.obj</name>
      </input_file>
      <input_file id="fl-45">
         <path>.\gmp_src_mgr\gmp_src\</path>
         <kind>object</kind>
         <file>ctl_component_interface.obj</file>
         <name>ctl_component_interface.obj</name>
      </input_file>
      <input_file id="fl-46">
         <path>.\gmp_src_mgr\gmp_src\</path>
         <kind>object</kind>
         <file>ctl_continuous_pi.obj</file>
         <name>ctl_continuous_pi.obj</name>
      </input_file>
      <input_file id="fl-47">
         <path>.\gmp_src_mgr\gmp_src\</path>
         <kind>object</kind>
         <file>ctl_continuous_pid.obj</file>
         <name>ctl_continuous_pid.obj</name>
      </input_file>
      <input_file id="fl-48">
         <path>.\gmp_src_mgr\gmp_src\</path>
         <kind>object</kind>
         <file>ctl_continuous_pid_aw.obj</file>
         <name>ctl_continuous_pid_aw.obj</name>
      </input_file>
      <input_file id="fl-49">
         <path>.\gmp_src_mgr\gmp_src\</path>
         <kind>object</kind>
         <file>ctl_discrete_biquad_filter.obj</file>
         <name>ctl_discrete_biquad_filter.obj</name>
      </input_file>
      <input_file id="fl-4a">
         <path>.\gmp_src_mgr\gmp_src\</path>
         <kind>object</kind>
         <file>ctl_discrete_df.obj</file>
         <name>ctl_discrete_df.obj</name>
      </input_file>
      <input_file id="fl-4b">
         <path>.\gmp_src_mgr\gmp_src\</path>
         <kind>object</kind>
         <file>ctl_discrete_filter.obj</file>
         <name>ctl_discrete_filter.obj</name>
      </input_file>
      <input_file id="fl-4c">
         <path>.\gmp_src_mgr\gmp_src\</path>
         <kind>object</kind>
         <file>ctl_discrete_lead_lag.obj</file>
         <name>ctl_discrete_lead_lag.obj</name>
      </input_file>
      <input_file id="fl-4d">
         <path>.\gmp_src_mgr\gmp_src\</path>
         <kind>object</kind>
         <file>ctl_discrete_pid.obj</file>
         <name>ctl_discrete_pid.obj</name>
      </input_file>
      <input_file id="fl-4e">
         <path>.\gmp_src_mgr\gmp_src\</path>
         <kind>object</kind>
         <file>ctl_discrete_pole_zero.obj</file>
         <name>ctl_discrete_pole_zero.obj</name>
      </input_file>
      <input_file id="fl-4f">
         <path>.\gmp_src_mgr\gmp_src\</path>
         <kind>object</kind>
         <file>ctl_discrete_pr.obj</file>
         <name>ctl_discrete_pr.obj</name>
      </input_file>
      <input_file id="fl-50">
         <path>.\gmp_src_mgr\gmp_src\</path>
         <kind>object</kind>
         <file>ctl_discrete_sg.obj</file>
         <name>ctl_discrete_sg.obj</name>
      </input_file>
      <input_file id="fl-51">
         <path>.\gmp_src_mgr\gmp_src\</path>
         <kind>object</kind>
         <file>ctl_discrete_sogi.obj</file>
         <name>ctl_discrete_sogi.obj</name>
      </input_file>
      <input_file id="fl-52">
         <path>.\gmp_src_mgr\gmp_src\</path>
         <kind>object</kind>
         <file>ctl_discrete_track_pid.obj</file>
         <name>ctl_discrete_track_pid.obj</name>
      </input_file>
      <input_file id="fl-53">
         <path>.\gmp_src_mgr\gmp_src\</path>
         <kind>object</kind>
         <file>ctl_disrete_fir.obj</file>
         <name>ctl_disrete_fir.obj</name>
      </input_file>
      <input_file id="fl-54">
         <path>.\gmp_src_mgr\gmp_src\</path>
         <kind>object</kind>
         <file>ctl_divider.obj</file>
         <name>ctl_divider.obj</name>
      </input_file>
      <input_file id="fl-55">
         <path>.\gmp_src_mgr\gmp_src\</path>
         <kind>object</kind>
         <file>ctl_dp_basic.obj</file>
         <name>ctl_dp_basic.obj</name>
      </input_file>
      <input_file id="fl-56">
         <path>.\gmp_src_mgr\gmp_src\</path>
         <kind>object</kind>
         <file>ctl_hysteresis_controller.obj</file>
         <name>ctl_hysteresis_controller.obj</name>
      </input_file>
      <input_file id="fl-57">
         <path>.\gmp_src_mgr\gmp_src\</path>
         <kind>object</kind>
         <file>ctl_if_pwm_h.obj</file>
         <name>ctl_if_pwm_h.obj</name>
      </input_file>
      <input_file id="fl-58">
         <path>.\gmp_src_mgr\gmp_src\</path>
         <kind>object</kind>
         <file>ctl_if_pwm_npc.obj</file>
         <name>ctl_if_pwm_npc.obj</name>
      </input_file>
      <input_file id="fl-59">
         <path>.\gmp_src_mgr\gmp_src\</path>
         <kind>object</kind>
         <file>ctl_if_pwm_spwm.obj</file>
         <name>ctl_if_pwm_spwm.obj</name>
      </input_file>
      <input_file id="fl-5a">
         <path>.\gmp_src_mgr\gmp_src\</path>
         <kind>object</kind>
         <file>ctl_internal_ladrc1.obj</file>
         <name>ctl_internal_ladrc1.obj</name>
      </input_file>
      <input_file id="fl-5b">
         <path>.\gmp_src_mgr\gmp_src\</path>
         <kind>object</kind>
         <file>ctl_internal_ladrc2.obj</file>
         <name>ctl_internal_ladrc2.obj</name>
      </input_file>
      <input_file id="fl-5c">
         <path>.\gmp_src_mgr\gmp_src\</path>
         <kind>object</kind>
         <file>ctl_itoc_protection.obj</file>
         <name>ctl_itoc_protection.obj</name>
      </input_file>
      <input_file id="fl-5d">
         <path>.\gmp_src_mgr\gmp_src\</path>
         <kind>object</kind>
         <file>ctl_mc_acim_consultant.obj</file>
         <name>ctl_mc_acim_consultant.obj</name>
      </input_file>
      <input_file id="fl-5e">
         <path>.\gmp_src_mgr\gmp_src\</path>
         <kind>object</kind>
         <file>ctl_mc_acim_fo.obj</file>
         <name>ctl_mc_acim_fo.obj</name>
      </input_file>
      <input_file id="fl-5f">
         <path>.\gmp_src_mgr\gmp_src\</path>
         <kind>object</kind>
         <file>ctl_mc_acim_pos_calc.obj</file>
         <name>ctl_mc_acim_pos_calc.obj</name>
      </input_file>
      <input_file id="fl-60">
         <path>.\gmp_src_mgr\gmp_src\</path>
         <kind>object</kind>
         <file>ctl_mc_acim_smo.obj</file>
         <name>ctl_mc_acim_smo.obj</name>
      </input_file>
      <input_file id="fl-61">
         <path>.\gmp_src_mgr\gmp_src\</path>
         <kind>object</kind>
         <file>ctl_mc_ato_pll.obj</file>
         <name>ctl_mc_ato_pll.obj</name>
      </input_file>
      <input_file id="fl-62">
         <path>.\gmp_src_mgr\gmp_src\</path>
         <kind>object</kind>
         <file>ctl_mc_basic_mech_ctrl.obj</file>
         <name>ctl_mc_basic_mech_ctrl.obj</name>
      </input_file>
      <input_file id="fl-63">
         <path>.\gmp_src_mgr\gmp_src\</path>
         <kind>object</kind>
         <file>ctl_mc_bldc_hall.obj</file>
         <name>ctl_mc_bldc_hall.obj</name>
      </input_file>
      <input_file id="fl-64">
         <path>.\gmp_src_mgr\gmp_src\</path>
         <kind>object</kind>
         <file>ctl_mc_bldc_zcd_obs.obj</file>
         <name>ctl_mc_bldc_zcd_obs.obj</name>
      </input_file>
      <input_file id="fl-65">
         <path>.\gmp_src_mgr\gmp_src\</path>
         <kind>object</kind>
         <file>ctl_mc_dtc_svm_core.obj</file>
         <name>ctl_mc_dtc_svm_core.obj</name>
      </input_file>
      <input_file id="fl-66">
         <path>.\gmp_src_mgr\gmp_src\</path>
         <kind>object</kind>
         <file>ctl_mc_encoder.obj</file>
         <name>ctl_mc_encoder.obj</name>
      </input_file>
      <input_file id="fl-67">
         <path>.\gmp_src_mgr\gmp_src\</path>
         <kind>object</kind>
         <file>ctl_mc_encoder_switcher.obj</file>
         <name>ctl_mc_encoder_switcher.obj</name>
      </input_file>
      <input_file id="fl-68">
         <path>.\gmp_src_mgr\gmp_src\</path>
         <kind>object</kind>
         <file>ctl_mc_foc_core.obj</file>
         <name>ctl_mc_foc_core.obj</name>
      </input_file>
      <input_file id="fl-69">
         <path>.\gmp_src_mgr\gmp_src\</path>
         <kind>object</kind>
         <file>ctl_mc_imfoc_core.obj</file>
         <name>ctl_mc_imfoc_core.obj</name>
      </input_file>
      <input_file id="fl-6a">
         <path>.\gmp_src_mgr\gmp_src\</path>
         <kind>object</kind>
         <file>ctl_mc_inverter_consultant.obj</file>
         <name>ctl_mc_inverter_consultant.obj</name>
      </input_file>
      <input_file id="fl-6b">
         <path>.\gmp_src_mgr\gmp_src\</path>
         <kind>object</kind>
         <file>ctl_mc_ipm_fw.obj</file>
         <name>ctl_mc_ipm_fw.obj</name>
      </input_file>
      <input_file id="fl-6c">
         <path>.\gmp_src_mgr\gmp_src\</path>
         <kind>object</kind>
         <file>ctl_mc_ladrc_pos_ctrl.obj</file>
         <name>ctl_mc_ladrc_pos_ctrl.obj</name>
      </input_file>
      <input_file id="fl-6d">
         <path>.\gmp_src_mgr\gmp_src\</path>
         <kind>object</kind>
         <file>ctl_mc_ladrc_spd_ctrl.obj</file>
         <name>ctl_mc_ladrc_spd_ctrl.obj</name>
      </input_file>
      <input_file id="fl-6e">
         <path>.\gmp_src_mgr\gmp_src\</path>
         <kind>object</kind>
         <file>ctl_mc_lut_fw.obj</file>
         <name>ctl_mc_lut_fw.obj</name>
      </input_file>
      <input_file id="fl-6f">
         <path>.\gmp_src_mgr\gmp_src\</path>
         <kind>object</kind>
         <file>ctl_mc_mech_consultant.obj</file>
         <name>ctl_mc_mech_consultant.obj</name>
      </input_file>
      <input_file id="fl-70">
         <path>.\gmp_src_mgr\gmp_src\</path>
         <kind>object</kind>
         <file>ctl_mc_mit_mech_ctrl.obj</file>
         <name>ctl_mc_mit_mech_ctrl.obj</name>
      </input_file>
      <input_file id="fl-71">
         <path>.\gmp_src_mgr\gmp_src\</path>
         <kind>object</kind>
         <file>ctl_mc_mtr_protection.obj</file>
         <name>ctl_mc_mtr_protection.obj</name>
      </input_file>
      <input_file id="fl-72">
         <path>.\gmp_src_mgr\gmp_src\</path>
         <kind>object</kind>
         <file>ctl_mc_mtr_vf_generator.obj</file>
         <name>ctl_mc_mtr_vf_generator.obj</name>
      </input_file>
      <input_file id="fl-73">
         <path>.\gmp_src_mgr\gmp_src\</path>
         <kind>object</kind>
         <file>ctl_mc_nameplate_consultant.obj</file>
         <name>ctl_mc_nameplate_consultant.obj</name>
      </input_file>
      <input_file id="fl-74">
         <path>.\gmp_src_mgr\gmp_src\</path>
         <kind>object</kind>
         <file>ctl_mc_pmsm_consultant.obj</file>
         <name>ctl_mc_pmsm_consultant.obj</name>
      </input_file>
      <input_file id="fl-75">
         <path>.\gmp_src_mgr\gmp_src\</path>
         <kind>object</kind>
         <file>ctl_mc_pmsm_dbptc.obj</file>
         <name>ctl_mc_pmsm_dbptc.obj</name>
      </input_file>
      <input_file id="fl-76">
         <path>.\gmp_src_mgr\gmp_src\</path>
         <kind>object</kind>
         <file>ctl_mc_pmsm_esmo.obj</file>
         <name>ctl_mc_pmsm_esmo.obj</name>
      </input_file>
      <input_file id="fl-77">
         <path>.\gmp_src_mgr\gmp_src\</path>
         <kind>object</kind>
         <file>ctl_mc_pmsm_fo.obj</file>
         <name>ctl_mc_pmsm_fo.obj</name>
      </input_file>
      <input_file id="fl-78">
         <path>.\gmp_src_mgr\gmp_src\</path>
         <kind>object</kind>
         <file>ctl_mc_pmsm_hfi.obj</file>
         <name>ctl_mc_pmsm_hfi.obj</name>
      </input_file>
      <input_file id="fl-79">
         <path>.\gmp_src_mgr\gmp_src\</path>
         <kind>object</kind>
         <file>ctl_mc_pu_consultant.obj</file>
         <name>ctl_mc_pu_consultant.obj</name>
      </input_file>
      <input_file id="fl-7a">
         <path>.\gmp_src_mgr\gmp_src\</path>
         <kind>object</kind>
         <file>ctl_mc_s_curve_traj.obj</file>
         <name>ctl_mc_s_curve_traj.obj</name>
      </input_file>
      <input_file id="fl-7b">
         <path>.\gmp_src_mgr\gmp_src\</path>
         <kind>object</kind>
         <file>ctl_mc_smc_mech_ctrl.obj</file>
         <name>ctl_mc_smc_mech_ctrl.obj</name>
      </input_file>
      <input_file id="fl-7c">
         <path>.\gmp_src_mgr\gmp_src\</path>
         <kind>object</kind>
         <file>ctl_mc_sogi_traj.obj</file>
         <name>ctl_mc_sogi_traj.obj</name>
      </input_file>
      <input_file id="fl-7d">
         <path>.\gmp_src_mgr\gmp_src\</path>
         <kind>object</kind>
         <file>ctl_mc_spm_fw.obj</file>
         <name>ctl_mc_spm_fw.obj</name>
      </input_file>
      <input_file id="fl-7e">
         <path>.\gmp_src_mgr\gmp_src\</path>
         <kind>object</kind>
         <file>ctl_mc_trapezoudal_traj.obj</file>
         <name>ctl_mc_trapezoudal_traj.obj</name>
      </input_file>
      <input_file id="fl-7f">
         <path>.\gmp_src_mgr\gmp_src\</path>
         <kind>object</kind>
         <file>ctl_nano.obj</file>
         <name>ctl_nano.obj</name>
      </input_file>
      <input_file id="fl-80">
         <path>.\gmp_src_mgr\gmp_src\</path>
         <kind>object</kind>
         <file>ctl_protection.obj</file>
         <name>ctl_protection.obj</name>
      </input_file>
      <input_file id="fl-81">
         <path>.\gmp_src_mgr\gmp_src\</path>
         <kind>object</kind>
         <file>ctl_sag_swell.obj</file>
         <name>ctl_sag_swell.obj</name>
      </input_file>
      <input_file id="fl-82">
         <path>.\gmp_src_mgr\gmp_src\</path>
         <kind>object</kind>
         <file>ctl_saturation.obj</file>
         <name>ctl_saturation.obj</name>
      </input_file>
      <input_file id="fl-83">
         <path>.\gmp_src_mgr\gmp_src\</path>
         <kind>object</kind>
         <file>ctl_slope_limiter.obj</file>
         <name>ctl_slope_limiter.obj</name>
      </input_file>
      <input_file id="fl-84">
         <path>.\gmp_src_mgr\gmp_src\</path>
         <kind>object</kind>
         <file>ctl_sogi.obj</file>
         <name>ctl_sogi.obj</name>
      </input_file>
      <input_file id="fl-85">
         <path>.\gmp_src_mgr\gmp_src\</path>
         <kind>object</kind>
         <file>ctl_track_pid.obj</file>
         <name>ctl_track_pid.obj</name>
      </input_file>
      <input_file id="fl-86">
         <path>.\gmp_src_mgr\gmp_src\</path>
         <kind>object</kind>
         <file>dsa_trigger.obj</file>
         <name>dsa_trigger.obj</name>
      </input_file>
      <input_file id="fl-87">
         <path>.\gmp_src_mgr\gmp_src\</path>
         <kind>object</kind>
         <file>gmp_at_device.obj</file>
         <name>gmp_at_device.obj</name>
      </input_file>
      <input_file id="fl-88">
         <path>.\gmp_src_mgr\gmp_src\</path>
         <kind>object</kind>
         <file>gmp_datalink.obj</file>
         <name>gmp_datalink.obj</name>
      </input_file>
      <input_file id="fl-89">
         <path>.\gmp_src_mgr\gmp_src\</path>
         <kind>object</kind>
         <file>gmp_dev_util.obj</file>
         <name>gmp_dev_util.obj</name>
      </input_file>
      <input_file id="fl-8a">
         <path>.\gmp_src_mgr\gmp_src\</path>
         <kind>object</kind>
         <file>gmp_mem_presp.obj</file>
         <name>gmp_mem_presp.obj</name>
      </input_file>
      <input_file id="fl-8b">
         <path>.\gmp_src_mgr\gmp_src\</path>
         <kind>object</kind>
         <file>gmp_mm_block_memory.obj</file>
         <name>gmp_mm_block_memory.obj</name>
      </input_file>
      <input_file id="fl-8c">
         <path>.\gmp_src_mgr\gmp_src\</path>
         <kind>object</kind>
         <file>gmp_pil_core.obj</file>
         <name>gmp_pil_core.obj</name>
      </input_file>
      <input_file id="fl-8d">
         <path>.\gmp_src_mgr\gmp_src\</path>
         <kind>object</kind>
         <file>gmp_process_mgr.obj</file>
         <name>gmp_process_mgr.obj</name>
      </input_file>
      <input_file id="fl-8e">
         <path>.\gmp_src_mgr\gmp_src\</path>
         <kind>object</kind>
         <file>gmp_std_error_code.obj</file>
         <name>gmp_std_error_code.obj</name>
      </input_file>
      <input_file id="fl-8f">
         <path>.\gmp_src_mgr\gmp_src\</path>
         <kind>object</kind>
         <file>gmp_std_port.obj</file>
         <name>gmp_std_port.obj</name>
      </input_file>
      <input_file id="fl-90">
         <path>.\gmp_src_mgr\gmp_src\</path>
         <kind>object</kind>
         <file>gmp_tunable.obj</file>
         <name>gmp_tunable.obj</name>
      </input_file>
      <input_file id="fl-91">
         <path>.\gmp_src_mgr\gmp_src\</path>
         <kind>object</kind>
         <file>ht16k33.obj</file>
         <name>ht16k33.obj</name>
      </input_file>
      <input_file id="fl-92">
         <path>.\gmp_src_mgr\gmp_src\</path>
         <kind>object</kind>
         <file>peripheral_driver.obj</file>
         <name>peripheral_driver.obj</name>
      </input_file>
      <input_file id="fl-93">
         <path>.\gmp_src_mgr\gmp_src\</path>
         <kind>object</kind>
         <file>sysconfig_adapter.obj</file>
         <name>sysconfig_adapter.obj</name>
      </input_file>
      <input_file id="fl-94">
         <path>.\user\</path>
         <kind>object</kind>
         <file>ctl_main.obj</file>
         <name>ctl_main.obj</name>
      </input_file>
      <input_file id="fl-95">
         <path>.\user\</path>
         <kind>object</kind>
         <file>user_main.obj</file>
         <name>user_main.obj</name>
      </input_file>
      <input_file id="fl-96">
         <path>.\xplt\</path>
         <kind>object</kind>
         <file>xplt.peripheral.obj</file>
         <name>xplt.peripheral.obj</name>
      </input_file>
      <input_file id="fl-9b">
         <kind>object</kind>
         <file>&lt;internal&gt;</file>
         <name>&lt;internal&gt;</name>
      </input_file>
      <input_file id="fl-a7">
         <path>C:\ti\ccs1280\ccs\tools\compiler\ti-cgt-c2000_22.6.1.LTS\lib\</path>
         <kind>archive</kind>
         <file>rts2800_fpu32_eabi.lib</file>
         <name>e_expf.c.obj</name>
      </input_file>
      <input_file id="fl-a8">
         <path>C:\ti\ccs1280\ccs\tools\compiler\ti-cgt-c2000_22.6.1.LTS\lib\</path>
         <kind>archive</kind>
         <file>rts2800_fpu32_eabi.lib</file>
         <name>e_powf.c.obj</name>
      </input_file>
      <input_file id="fl-a9">
         <path>C:\ti\ccs1280\ccs\tools\compiler\ti-cgt-c2000_22.6.1.LTS\lib\</path>
         <kind>archive</kind>
         <file>rts2800_fpu32_eabi.lib</file>
         <name>e_sqrtf.c.obj</name>
      </input_file>
      <input_file id="fl-aa">
         <path>C:\ti\ccs1280\ccs\tools\compiler\ti-cgt-c2000_22.6.1.LTS\lib\</path>
         <kind>archive</kind>
         <file>rts2800_fpu32_eabi.lib</file>
         <name>s_roundf.c.obj</name>
      </input_file>
      <input_file id="fl-ab">
         <path>C:\ti\ccs1280\ccs\tools\compiler\ti-cgt-c2000_22.6.1.LTS\lib\</path>
         <kind>archive</kind>
         <file>rts2800_fpu32_eabi.lib</file>
         <name>s_scalbnf.c.obj</name>
      </input_file>
      <input_file id="fl-ac">
         <path>C:\ti\ccs1280\ccs\tools\compiler\ti-cgt-c2000_22.6.1.LTS\lib\</path>
         <kind>archive</kind>
         <file>rts2800_fpu32_eabi.lib</file>
         <name>s_tanf.c.obj</name>
      </input_file>
      <input_file id="fl-ad">
         <path>C:\ti\ccs1280\ccs\tools\compiler\ti-cgt-c2000_22.6.1.LTS\lib\</path>
         <kind>archive</kind>
         <file>rts2800_fpu32_eabi.lib</file>
         <name>s_copysignf.c.obj</name>
      </input_file>
      <input_file id="fl-ae">
         <path>C:\ti\ccs1280\ccs\tools\compiler\ti-cgt-c2000_22.6.1.LTS\lib\</path>
         <kind>archive</kind>
         <file>rts2800_fpu32_eabi.lib</file>
         <name>vsprintf.c.obj</name>
      </input_file>
      <input_file id="fl-af">
         <path>C:\ti\ccs1280\ccs\tools\compiler\ti-cgt-c2000_22.6.1.LTS\lib\</path>
         <kind>archive</kind>
         <file>rts2800_fpu32_eabi.lib</file>
         <name>boot28.asm.obj</name>
      </input_file>
      <input_file id="fl-b0">
         <path>C:\ti\ccs1280\ccs\tools\compiler\ti-cgt-c2000_22.6.1.LTS\lib\</path>
         <kind>archive</kind>
         <file>rts2800_fpu32_eabi.lib</file>
         <name>fs_div28.asm.obj</name>
      </input_file>
      <input_file id="fl-b1">
         <path>C:\ti\ccs1280\ccs\tools\compiler\ti-cgt-c2000_22.6.1.LTS\lib\</path>
         <kind>archive</kind>
         <file>rts2800_fpu32_eabi.lib</file>
         <name>ll_cmp28.asm.obj</name>
      </input_file>
      <input_file id="fl-b2">
         <path>C:\ti\ccs1280\ccs\tools\compiler\ti-cgt-c2000_22.6.1.LTS\lib\</path>
         <kind>archive</kind>
         <file>rts2800_fpu32_eabi.lib</file>
         <name>fs_tofdfpu32.asm.obj</name>
      </input_file>
      <input_file id="fl-b3">
         <path>C:\ti\ccs1280\ccs\tools\compiler\ti-cgt-c2000_22.6.1.LTS\lib\</path>
         <kind>archive</kind>
         <file>rts2800_fpu32_eabi.lib</file>
         <name>fd_tofsfpu32.asm.obj</name>
      </input_file>
      <input_file id="fl-b4">
         <path>C:\ti\ccs1280\ccs\tools\compiler\ti-cgt-c2000_22.6.1.LTS\lib\</path>
         <kind>archive</kind>
         <file>rts2800_fpu32_eabi.lib</file>
         <name>memcpy.c.obj</name>
      </input_file>
      <input_file id="fl-b5">
         <path>C:\ti\ccs1280\ccs\tools\compiler\ti-cgt-c2000_22.6.1.LTS\lib\</path>
         <kind>archive</kind>
         <file>rts2800_fpu32_eabi.lib</file>
         <name>pre_init.c.obj</name>
      </input_file>
      <input_file id="fl-b6">
         <path>C:\ti\ccs1280\ccs\tools\compiler\ti-cgt-c2000_22.6.1.LTS\lib\</path>
         <kind>archive</kind>
         <file>rts2800_fpu32_eabi.lib</file>
         <name>autoinit.c.obj</name>
      </input_file>
      <input_file id="fl-b7">
         <path>C:\ti\ccs1280\ccs\tools\compiler\ti-cgt-c2000_22.6.1.LTS\lib\</path>
         <kind>archive</kind>
         <file>rts2800_fpu32_eabi.lib</file>
         <name>copy_zero_init.c.obj</name>
      </input_file>
      <input_file id="fl-b8">
         <path>C:\ti\ccs1280\ccs\tools\compiler\ti-cgt-c2000_22.6.1.LTS\lib\</path>
         <kind>archive</kind>
         <file>rts2800_fpu32_eabi.lib</file>
         <name>copy_decompress_none.c.obj</name>
      </input_file>
      <input_file id="fl-b9">
         <path>C:\ti\ccs1280\ccs\tools\compiler\ti-cgt-c2000_22.6.1.LTS\lib\</path>
         <kind>archive</kind>
         <file>rts2800_fpu32_eabi.lib</file>
         <name>copy_decompress_lzss.c.obj</name>
      </input_file>
      <input_file id="fl-ba">
         <path>C:\ti\ccs1280\ccs\tools\compiler\ti-cgt-c2000_22.6.1.LTS\lib\</path>
         <kind>archive</kind>
         <file>rts2800_fpu32_eabi.lib</file>
         <name>exit.c.obj</name>
      </input_file>
      <input_file id="fl-bb">
         <path>C:\ti\ccs1280\ccs\tools\compiler\ti-cgt-c2000_22.6.1.LTS\lib\</path>
         <kind>archive</kind>
         <file>rts2800_fpu32_eabi.lib</file>
         <name>_lock.c.obj</name>
      </input_file>
      <input_file id="fl-bc">
         <path>C:\ti\ccs1280\ccs\tools\compiler\ti-cgt-c2000_22.6.1.LTS\lib\</path>
         <kind>archive</kind>
         <file>rts2800_fpu32_eabi.lib</file>
         <name>args_main.c.obj</name>
      </input_file>
      <input_file id="fl-bd">
         <path>C:\ti\ccs1280\ccs\tools\compiler\ti-cgt-c2000_22.6.1.LTS\lib\</path>
         <kind>archive</kind>
         <file>rts2800_fpu32_eabi.lib</file>
         <name>assert.c.obj</name>
      </input_file>
      <input_file id="fl-be">
         <path>C:\ti\ccs1280\ccs\tools\compiler\ti-cgt-c2000_22.6.1.LTS\lib\</path>
         <kind>archive</kind>
         <file>rts2800_fpu32_eabi.lib</file>
         <name>defs.c.obj</name>
      </input_file>
      <input_file id="fl-bf">
         <path>C:\ti\ccs1280\ccs\tools\compiler\ti-cgt-c2000_22.6.1.LTS\lib\</path>
         <kind>archive</kind>
         <file>rts2800_fpu32_eabi.lib</file>
         <name>memory.c.obj</name>
      </input_file>
      <input_file id="fl-c0">
         <path>C:\ti\ccs1280\ccs\tools\compiler\ti-cgt-c2000_22.6.1.LTS\lib\</path>
         <kind>archive</kind>
         <file>rts2800_fpu32_eabi.lib</file>
         <name>memset.c.obj</name>
      </input_file>
      <input_file id="fl-c1">
         <path>C:\ti\ccs1280\ccs\tools\compiler\ti-cgt-c2000_22.6.1.LTS\lib\</path>
         <kind>archive</kind>
         <file>rts2800_fpu32_eabi.lib</file>
         <name>qsort.c.obj</name>
      </input_file>
      <input_file id="fl-c2">
         <path>C:\ti\ccs1280\ccs\tools\compiler\ti-cgt-c2000_22.6.1.LTS\lib\</path>
         <kind>archive</kind>
         <file>rts2800_fpu32_eabi.lib</file>
         <name>strchr.c.obj</name>
      </input_file>
      <input_file id="fl-c3">
         <path>C:\ti\ccs1280\ccs\tools\compiler\ti-cgt-c2000_22.6.1.LTS\lib\</path>
         <kind>archive</kind>
         <file>rts2800_fpu32_eabi.lib</file>
         <name>strcmp.c.obj</name>
      </input_file>
      <input_file id="fl-c4">
         <path>C:\ti\ccs1280\ccs\tools\compiler\ti-cgt-c2000_22.6.1.LTS\lib\</path>
         <kind>archive</kind>
         <file>rts2800_fpu32_eabi.lib</file>
         <name>strlen.c.obj</name>
      </input_file>
      <input_file id="fl-c5">
         <path>C:\ti\ccs1280\ccs\tools\compiler\ti-cgt-c2000_22.6.1.LTS\lib\</path>
         <kind>archive</kind>
         <file>rts2800_fpu32_eabi.lib</file>
         <name>strncmp.c.obj</name>
      </input_file>
      <input_file id="fl-c6">
         <path>C:\ti\ccs1280\ccs\tools\compiler\ti-cgt-c2000_22.6.1.LTS\lib\</path>
         <kind>archive</kind>
         <file>rts2800_fpu32_eabi.lib</file>
         <name>errno.c.obj</name>
      </input_file>
      <input_file id="fl-c7">
         <path>C:\ti\ccs1280\ccs\tools\compiler\ti-cgt-c2000_22.6.1.LTS\lib\</path>
         <kind>archive</kind>
         <file>rts2800_fpu32_eabi.lib</file>
         <name>s_floorf.c.obj</name>
      </input_file>
      <input_file id="fl-c8">
         <path>C:\ti\ccs1280\ccs\tools\compiler\ti-cgt-c2000_22.6.1.LTS\lib\</path>
         <kind>archive</kind>
         <file>rts2800_fpu32_eabi.lib</file>
         <name>_printfi.c.obj</name>
      </input_file>
      <input_file id="fl-c9">
         <path>C:\ti\ccs1280\ccs\tools\compiler\ti-cgt-c2000_22.6.1.LTS\lib\</path>
         <kind>archive</kind>
         <file>rts2800_fpu32_eabi.lib</file>
         <name>fflush.c.obj</name>
      </input_file>
      <input_file id="fl-ca">
         <path>C:\ti\ccs1280\ccs\tools\compiler\ti-cgt-c2000_22.6.1.LTS\lib\</path>
         <kind>archive</kind>
         <file>rts2800_fpu32_eabi.lib</file>
         <name>fputs.c.obj</name>
      </input_file>
      <input_file id="fl-cb">
         <path>C:\ti\ccs1280\ccs\tools\compiler\ti-cgt-c2000_22.6.1.LTS\lib\</path>
         <kind>archive</kind>
         <file>rts2800_fpu32_eabi.lib</file>
         <name>_io_perm.c.obj</name>
      </input_file>
      <input_file id="fl-cc">
         <path>C:\ti\ccs1280\ccs\tools\compiler\ti-cgt-c2000_22.6.1.LTS\lib\</path>
         <kind>archive</kind>
         <file>rts2800_fpu32_eabi.lib</file>
         <name>setvbuf.c.obj</name>
      </input_file>
      <input_file id="fl-cd">
         <path>C:\ti\ccs1280\ccs\tools\compiler\ti-cgt-c2000_22.6.1.LTS\lib\</path>
         <kind>archive</kind>
         <file>rts2800_fpu32_eabi.lib</file>
         <name>fd_cmp28.asm.obj</name>
      </input_file>
      <input_file id="fl-ce">
         <path>C:\ti\ccs1280\ccs\tools\compiler\ti-cgt-c2000_22.6.1.LTS\lib\</path>
         <kind>archive</kind>
         <file>rts2800_fpu32_eabi.lib</file>
         <name>fd_mpy28.asm.obj</name>
      </input_file>
      <input_file id="fl-cf">
         <path>C:\ti\ccs1280\ccs\tools\compiler\ti-cgt-c2000_22.6.1.LTS\lib\</path>
         <kind>archive</kind>
         <file>rts2800_fpu32_eabi.lib</file>
         <name>fd_neg28.asm.obj</name>
      </input_file>
      <input_file id="fl-d0">
         <path>C:\ti\ccs1280\ccs\tools\compiler\ti-cgt-c2000_22.6.1.LTS\lib\</path>
         <kind>archive</kind>
         <file>rts2800_fpu32_eabi.lib</file>
         <name>fd_sub28.asm.obj</name>
      </input_file>
      <input_file id="fl-d1">
         <path>C:\ti\ccs1280\ccs\tools\compiler\ti-cgt-c2000_22.6.1.LTS\lib\</path>
         <kind>archive</kind>
         <file>rts2800_fpu32_eabi.lib</file>
         <name>fd_toi28.asm.obj</name>
      </input_file>
      <input_file id="fl-d2">
         <path>C:\ti\ccs1280\ccs\tools\compiler\ti-cgt-c2000_22.6.1.LTS\lib\</path>
         <kind>archive</kind>
         <file>rts2800_fpu32_eabi.lib</file>
         <name>fd_tol28.asm.obj</name>
      </input_file>
      <input_file id="fl-d3">
         <path>C:\ti\ccs1280\ccs\tools\compiler\ti-cgt-c2000_22.6.1.LTS\lib\</path>
         <kind>archive</kind>
         <file>rts2800_fpu32_eabi.lib</file>
         <name>ll_aox28.asm.obj</name>
      </input_file>
      <input_file id="fl-d4">
         <path>C:\ti\ccs1280\ccs\tools\compiler\ti-cgt-c2000_22.6.1.LTS\lib\</path>
         <kind>archive</kind>
         <file>rts2800_fpu32_eabi.lib</file>
         <name>ll_div28.asm.obj</name>
      </input_file>
      <input_file id="fl-d5">
         <path>C:\ti\ccs1280\ccs\tools\compiler\ti-cgt-c2000_22.6.1.LTS\lib\</path>
         <kind>archive</kind>
         <file>rts2800_fpu32_eabi.lib</file>
         <name>i_tofd28.asm.obj</name>
      </input_file>
      <input_file id="fl-d6">
         <path>C:\ti\ccs1280\ccs\tools\compiler\ti-cgt-c2000_22.6.1.LTS\lib\</path>
         <kind>archive</kind>
         <file>rts2800_fpu32_eabi.lib</file>
         <name>l_tofd28.asm.obj</name>
      </input_file>
      <input_file id="fl-d7">
         <path>C:\ti\ccs1280\ccs\tools\compiler\ti-cgt-c2000_22.6.1.LTS\lib\</path>
         <kind>archive</kind>
         <file>rts2800_fpu32_eabi.lib</file>
         <name>fd_div28.asm.obj</name>
      </input_file>
      <input_file id="fl-d8">
         <path>C:\ti\ccs1280\ccs\tools\compiler\ti-cgt-c2000_22.6.1.LTS\lib\</path>
         <kind>archive</kind>
         <file>rts2800_fpu32_eabi.lib</file>
         <name>cpy_tbl.c.obj</name>
      </input_file>
      <input_file id="fl-d9">
         <path>C:\ti\ccs1280\ccs\tools\compiler\ti-cgt-c2000_22.6.1.LTS\lib\</path>
         <kind>archive</kind>
         <file>rts2800_fpu32_eabi.lib</file>
         <name>startup.c.obj</name>
      </input_file>
      <input_file id="fl-da">
         <path>C:\ti\ccs1280\ccs\tools\compiler\ti-cgt-c2000_22.6.1.LTS\lib\</path>
         <kind>archive</kind>
         <file>rts2800_fpu32_eabi.lib</file>
         <name>_ltoa.c.obj</name>
      </input_file>
      <input_file id="fl-db">
         <path>C:\ti\ccs1280\ccs\tools\compiler\ti-cgt-c2000_22.6.1.LTS\lib\</path>
         <kind>archive</kind>
         <file>rts2800_fpu32_eabi.lib</file>
         <name>atoi.c.obj</name>
      </input_file>
      <input_file id="fl-dc">
         <path>C:\ti\ccs1280\ccs\tools\compiler\ti-cgt-c2000_22.6.1.LTS\lib\</path>
         <kind>archive</kind>
         <file>rts2800_fpu32_eabi.lib</file>
         <name>ctype.c.obj</name>
      </input_file>
      <input_file id="fl-dd">
         <path>C:\ti\ccs1280\ccs\tools\compiler\ti-cgt-c2000_22.6.1.LTS\lib\</path>
         <kind>archive</kind>
         <file>rts2800_fpu32_eabi.lib</file>
         <name>memccpy.c.obj</name>
      </input_file>
      <input_file id="fl-de">
         <path>C:\ti\ccs1280\ccs\tools\compiler\ti-cgt-c2000_22.6.1.LTS\lib\</path>
         <kind>archive</kind>
         <file>rts2800_fpu32_eabi.lib</file>
         <name>memchr.c.obj</name>
      </input_file>
      <input_file id="fl-df">
         <path>C:\ti\ccs1280\ccs\tools\compiler\ti-cgt-c2000_22.6.1.LTS\lib\</path>
         <kind>archive</kind>
         <file>rts2800_fpu32_eabi.lib</file>
         <name>strcpy.c.obj</name>
      </input_file>
      <input_file id="fl-e0">
         <path>C:\ti\ccs1280\ccs\tools\compiler\ti-cgt-c2000_22.6.1.LTS\lib\</path>
         <kind>archive</kind>
         <file>rts2800_fpu32_eabi.lib</file>
         <name>write.c.obj</name>
      </input_file>
      <input_file id="fl-e1">
         <path>C:\ti\ccs1280\ccs\tools\compiler\ti-cgt-c2000_22.6.1.LTS\lib\</path>
         <kind>archive</kind>
         <file>rts2800_fpu32_eabi.lib</file>
         <name>host_device.c.obj</name>
      </input_file>
      <input_file id="fl-e2">
         <path>C:\ti\ccs1280\ccs\tools\compiler\ti-cgt-c2000_22.6.1.LTS\lib\</path>
         <kind>archive</kind>
         <file>rts2800_fpu32_eabi.lib</file>
         <name>s_frexp.c.obj</name>
      </input_file>
      <input_file id="fl-e3">
         <path>C:\ti\ccs1280\ccs\tools\compiler\ti-cgt-c2000_22.6.1.LTS\lib\</path>
         <kind>archive</kind>
         <file>rts2800_fpu32_eabi.lib</file>
         <name>s_scalbn.c.obj</name>
      </input_file>
      <input_file id="fl-e4">
         <path>C:\ti\ccs1280\ccs\tools\compiler\ti-cgt-c2000_22.6.1.LTS\lib\</path>
         <kind>archive</kind>
         <file>rts2800_fpu32_eabi.lib</file>
         <name>wcslen.c.obj</name>
      </input_file>
      <input_file id="fl-e5">
         <path>C:\ti\ccs1280\ccs\tools\compiler\ti-cgt-c2000_22.6.1.LTS\lib\</path>
         <kind>archive</kind>
         <file>rts2800_fpu32_eabi.lib</file>
         <name>fopen.c.obj</name>
      </input_file>
      <input_file id="fl-e6">
         <path>C:\ti\ccs1280\ccs\tools\compiler\ti-cgt-c2000_22.6.1.LTS\lib\</path>
         <kind>archive</kind>
         <file>rts2800_fpu32_eabi.lib</file>
         <name>fseek.c.obj</name>
      </input_file>
      <input_file id="fl-e7">
         <path>C:\ti\ccs1280\ccs\tools\compiler\ti-cgt-c2000_22.6.1.LTS\lib\</path>
         <kind>archive</kind>
         <file>rts2800_fpu32_eabi.lib</file>
         <name>fd_add28.asm.obj</name>
      </input_file>
      <input_file id="fl-e8">
         <path>C:\ti\ccs1280\ccs\tools\compiler\ti-cgt-c2000_22.6.1.LTS\lib\</path>
         <kind>archive</kind>
         <file>rts2800_fpu32_eabi.lib</file>
         <name>l_div28.asm.obj</name>
      </input_file>
      <input_file id="fl-e9">
         <path>C:\ti\ccs1280\ccs\tools\compiler\ti-cgt-c2000_22.6.1.LTS\lib\</path>
         <kind>archive</kind>
         <file>rts2800_fpu32_eabi.lib</file>
         <name>hostclose.c.obj</name>
      </input_file>
      <input_file id="fl-ea">
         <path>C:\ti\ccs1280\ccs\tools\compiler\ti-cgt-c2000_22.6.1.LTS\lib\</path>
         <kind>archive</kind>
         <file>rts2800_fpu32_eabi.lib</file>
         <name>hostlseek.c.obj</name>
      </input_file>
      <input_file id="fl-eb">
         <path>C:\ti\ccs1280\ccs\tools\compiler\ti-cgt-c2000_22.6.1.LTS\lib\</path>
         <kind>archive</kind>
         <file>rts2800_fpu32_eabi.lib</file>
         <name>hostopen.c.obj</name>
      </input_file>
      <input_file id="fl-ec">
         <path>C:\ti\ccs1280\ccs\tools\compiler\ti-cgt-c2000_22.6.1.LTS\lib\</path>
         <kind>archive</kind>
         <file>rts2800_fpu32_eabi.lib</file>
         <name>hostread.c.obj</name>
      </input_file>
      <input_file id="fl-ed">
         <path>C:\ti\ccs1280\ccs\tools\compiler\ti-cgt-c2000_22.6.1.LTS\lib\</path>
         <kind>archive</kind>
         <file>rts2800_fpu32_eabi.lib</file>
         <name>hostrename.c.obj</name>
      </input_file>
      <input_file id="fl-ee">
         <path>C:\ti\ccs1280\ccs\tools\compiler\ti-cgt-c2000_22.6.1.LTS\lib\</path>
         <kind>archive</kind>
         <file>rts2800_fpu32_eabi.lib</file>
         <name>hostunlink.c.obj</name>
      </input_file>
      <input_file id="fl-ef">
         <path>C:\ti\ccs1280\ccs\tools\compiler\ti-cgt-c2000_22.6.1.LTS\lib\</path>
         <kind>archive</kind>
         <file>rts2800_fpu32_eabi.lib</file>
         <name>hostwrite.c.obj</name>
      </input_file>
      <input_file id="fl-f0">
         <path>C:\ti\ccs1280\ccs\tools\compiler\ti-cgt-c2000_22.6.1.LTS\lib\</path>
         <kind>archive</kind>
         <file>rts2800_fpu32_eabi.lib</file>
         <name>trgmsg.c.obj</name>
      </input_file>
      <input_file id="fl-f1">
         <path>C:\ti\ccs1280\ccs\tools\compiler\ti-cgt-c2000_22.6.1.LTS\lib\</path>
         <kind>archive</kind>
         <file>rts2800_fpu32_eabi.lib</file>
         <name>open.c.obj</name>
      </input_file>
      <input_file id="fl-f2">
         <path>C:\ti\ccs1280\ccs\tools\compiler\ti-cgt-c2000_22.6.1.LTS\lib\</path>
         <kind>archive</kind>
         <file>rts2800_fpu32_eabi.lib</file>
         <name>lseek.c.obj</name>
      </input_file>
      <input_file id="fl-f3">
         <path>C:\ti\ccs1280\ccs\tools\compiler\ti-cgt-c2000_22.6.1.LTS\lib\</path>
         <kind>archive</kind>
         <file>rts2800_fpu32_eabi.lib</file>
         <name>s_copysign.c.obj</name>
      </input_file>
      <input_file id="fl-f4">
         <path>C:\ti\ccs1280\ccs\tools\compiler\ti-cgt-c2000_22.6.1.LTS\lib\</path>
         <kind>archive</kind>
         <file>rts2800_fpu32_eabi.lib</file>
         <name>fclose.c.obj</name>
      </input_file>
      <input_file id="fl-f5">
         <path>C:\ti\ccs1280\ccs\tools\compiler\ti-cgt-c2000_22.6.1.LTS\lib\</path>
         <kind>archive</kind>
         <file>rts2800_fpu32_eabi.lib</file>
         <name>getdevice.c.obj</name>
      </input_file>
      <input_file id="fl-f6">
         <path>C:\ti\ccs1280\ccs\tools\compiler\ti-cgt-c2000_22.6.1.LTS\lib\</path>
         <kind>archive</kind>
         <file>rts2800_fpu32_eabi.lib</file>
         <name>strncpy.c.obj</name>
      </input_file>
      <input_file id="fl-f7">
         <path>C:\ti\ccs1280\ccs\tools\compiler\ti-cgt-c2000_22.6.1.LTS\lib\</path>
         <kind>archive</kind>
         <file>rts2800_fpu32_eabi.lib</file>
         <name>remove.c.obj</name>
      </input_file>
      <input_file id="fl-f8">
         <path>C:\ti\ccs1280\ccs\tools\compiler\ti-cgt-c2000_22.6.1.LTS\lib\</path>
         <kind>archive</kind>
         <file>rts2800_fpu32_eabi.lib</file>
         <name>close.c.obj</name>
      </input_file>
      <input_file id="fl-f9">
         <path>C:\ti\ccs1280\ccs\tools\compiler\ti-cgt-c2000_22.6.1.LTS\lib\</path>
         <kind>archive</kind>
         <file>rts2800_fpu32_eabi.lib</file>
         <name>unlink.c.obj</name>
      </input_file>
   </input_file_list>
   <object_component_list>
      <object_component id="oc-a6">
         <name>codestart</name>
         <load_address>0x80000</load_address>
         <run_address>0x80000</run_address>
         <size>0x2</size>
         <input_file_ref idref="fl-5"/>
      </object_component>
      <object_component id="oc-d1">
         <name>.text</name>
         <load_address>0x90000</load_address>
         <run_address>0x90000</run_address>
         <size>0x1064</size>
         <input_file_ref idref="fl-2"/>
      </object_component>
      <object_component id="oc-11b">
         <name>.text</name>
         <load_address>0x91064</load_address>
         <run_address>0x91064</run_address>
         <size>0xbec</size>
         <input_file_ref idref="fl-96"/>
      </object_component>
      <object_component id="oc-47f">
         <name>.text</name>
         <load_address>0x91c50</load_address>
         <run_address>0x91c50</run_address>
         <size>0x6c2</size>
         <input_file_ref idref="fl-c8"/>
      </object_component>
      <object_component id="oc-398">
         <name>.text:__TI_printfi</name>
         <load_address>0x92312</load_address>
         <run_address>0x92312</run_address>
         <size>0x614</size>
         <input_file_ref idref="fl-c8"/>
      </object_component>
      <object_component id="oc-1ce">
         <name>.text</name>
         <load_address>0x92926</load_address>
         <run_address>0x92926</run_address>
         <size>0x4fc</size>
         <input_file_ref idref="fl-92"/>
      </object_component>
      <object_component id="oc-bb">
         <name>.text:retain</name>
         <load_address>0x92e22</load_address>
         <run_address>0x92e22</run_address>
         <size>0x4b3</size>
         <input_file_ref idref="fl-b"/>
      </object_component>
      <object_component id="oc-274">
         <name>.text</name>
         <load_address>0x932d5</load_address>
         <run_address>0x932d5</run_address>
         <size>0x491</size>
         <input_file_ref idref="fl-49"/>
      </object_component>
      <object_component id="oc-1d4">
         <name>.text</name>
         <load_address>0x93766</load_address>
         <run_address>0x93766</run_address>
         <size>0x408</size>
         <input_file_ref idref="fl-88"/>
      </object_component>
      <object_component id="oc-206">
         <name>.text</name>
         <load_address>0x93b6e</load_address>
         <run_address>0x93b6e</run_address>
         <size>0x3a3</size>
         <input_file_ref idref="fl-94"/>
      </object_component>
      <object_component id="oc-344">
         <name>.text</name>
         <load_address>0x93f11</load_address>
         <run_address>0x93f11</run_address>
         <size>0x38c</size>
         <input_file_ref idref="fl-a8"/>
      </object_component>
      <object_component id="oc-136">
         <name>.text</name>
         <load_address>0x9429d</load_address>
         <run_address>0x9429d</run_address>
         <size>0x363</size>
         <input_file_ref idref="fl-16"/>
      </object_component>
      <object_component id="oc-1e0">
         <name>.text</name>
         <load_address>0x94600</load_address>
         <run_address>0x94600</run_address>
         <size>0x356</size>
         <input_file_ref idref="fl-44"/>
      </object_component>
      <object_component id="oc-2ae">
         <name>.text</name>
         <load_address>0x94956</load_address>
         <run_address>0x94956</run_address>
         <size>0x2db</size>
         <input_file_ref idref="fl-32"/>
      </object_component>
      <object_component id="oc-2ea">
         <name>.text</name>
         <load_address>0x94c31</load_address>
         <run_address>0x94c31</run_address>
         <size>0x2a7</size>
         <input_file_ref idref="fl-76"/>
      </object_component>
      <object_component id="oc-2be">
         <name>.text</name>
         <load_address>0x94ed8</load_address>
         <run_address>0x94ed8</run_address>
         <size>0x298</size>
         <input_file_ref idref="fl-bf"/>
      </object_component>
      <object_component id="oc-2cc">
         <name>.text</name>
         <load_address>0x95170</load_address>
         <run_address>0x95170</run_address>
         <size>0x229</size>
         <input_file_ref idref="fl-68"/>
      </object_component>
      <object_component id="oc-2a2">
         <name>.text</name>
         <load_address>0x95399</load_address>
         <run_address>0x95399</run_address>
         <size>0x20e</size>
         <input_file_ref idref="fl-1d"/>
      </object_component>
      <object_component id="oc-2f1">
         <name>.text</name>
         <load_address>0x955a7</load_address>
         <run_address>0x955a7</run_address>
         <size>0x1f0</size>
         <input_file_ref idref="fl-8c"/>
      </object_component>
      <object_component id="oc-3b4">
         <name>.text</name>
         <load_address>0x95797</load_address>
         <run_address>0x95797</run_address>
         <size>0x1c8</size>
         <input_file_ref idref="fl-4b"/>
      </object_component>
      <object_component id="oc-2fd">
         <name>.text</name>
         <load_address>0x9595f</load_address>
         <run_address>0x9595f</run_address>
         <size>0x1a9</size>
         <input_file_ref idref="fl-8a"/>
      </object_component>
      <object_component id="oc-13f">
         <name>.text</name>
         <load_address>0x95b08</load_address>
         <run_address>0x95b08</run_address>
         <size>0x18d</size>
         <input_file_ref idref="fl-26"/>
      </object_component>
      <object_component id="oc-1e7">
         <name>.text</name>
         <load_address>0x95c95</load_address>
         <run_address>0x95c95</run_address>
         <size>0x187</size>
         <input_file_ref idref="fl-3"/>
      </object_component>
      <object_component id="oc-115">
         <name>.text</name>
         <load_address>0x95e1c</load_address>
         <run_address>0x95e1c</run_address>
         <size>0x171</size>
         <input_file_ref idref="fl-e"/>
      </object_component>
      <object_component id="oc-d0">
         <name>.text:retain</name>
         <load_address>0x95f8d</load_address>
         <run_address>0x95f8d</run_address>
         <size>0x155</size>
         <input_file_ref idref="fl-96"/>
      </object_component>
      <object_component id="oc-c5">
         <name>.text</name>
         <load_address>0x960e2</load_address>
         <run_address>0x960e2</run_address>
         <size>0x14a</size>
         <input_file_ref idref="fl-2a"/>
      </object_component>
      <object_component id="oc-2de">
         <name>.text</name>
         <load_address>0x9622c</load_address>
         <run_address>0x9622c</run_address>
         <size>0x148</size>
         <input_file_ref idref="fl-62"/>
      </object_component>
      <object_component id="oc-3c0">
         <name>.text</name>
         <load_address>0x96374</load_address>
         <run_address>0x96374</run_address>
         <size>0x126</size>
         <input_file_ref idref="fl-4c"/>
      </object_component>
      <object_component id="oc-4e9">
         <name>.text</name>
         <load_address>0x9649a</load_address>
         <run_address>0x9649a</run_address>
         <size>0x121</size>
         <input_file_ref idref="fl-e5"/>
      </object_component>
      <object_component id="oc-23b">
         <name>.text</name>
         <load_address>0x965bb</load_address>
         <run_address>0x965bb</run_address>
         <size>0x1</size>
         <input_file_ref idref="fl-d9"/>
      </object_component>
      <object_component id="oc-1c5">
         <name>.text</name>
         <load_address>0x965bc</load_address>
         <run_address>0x965bc</run_address>
         <size>0x11e</size>
         <input_file_ref idref="fl-45"/>
      </object_component>
      <object_component id="oc-2f7">
         <name>.text</name>
         <load_address>0x966da</load_address>
         <run_address>0x966da</run_address>
         <size>0x119</size>
         <input_file_ref idref="fl-90"/>
      </object_component>
      <object_component id="oc-2d8">
         <name>.text</name>
         <load_address>0x967f3</load_address>
         <run_address>0x967f3</run_address>
         <size>0x111</size>
         <input_file_ref idref="fl-72"/>
      </object_component>
      <object_component id="oc-46e">
         <name>.text</name>
         <load_address>0x96904</load_address>
         <run_address>0x96904</run_address>
         <size>0x107</size>
         <input_file_ref idref="fl-d4"/>
      </object_component>
      <object_component id="oc-130">
         <name>.text</name>
         <load_address>0x96a0b</load_address>
         <run_address>0x96a0b</run_address>
         <size>0x101</size>
         <input_file_ref idref="fl-2f"/>
      </object_component>
      <object_component id="oc-3ca">
         <name>.text</name>
         <load_address>0x96b0c</load_address>
         <run_address>0x96b0c</run_address>
         <size>0xf7</size>
         <input_file_ref idref="fl-50"/>
      </object_component>
      <object_component id="oc-2c6">
         <name>.text</name>
         <load_address>0x96c03</load_address>
         <run_address>0x96c03</run_address>
         <size>0xf3</size>
         <input_file_ref idref="fl-71"/>
      </object_component>
      <object_component id="oc-2e4">
         <name>.text</name>
         <load_address>0x96cf6</load_address>
         <run_address>0x96cf6</run_address>
         <size>0xcf</size>
         <input_file_ref idref="fl-66"/>
      </object_component>
      <object_component id="oc-146">
         <name>.text</name>
         <load_address>0x96dc6</load_address>
         <run_address>0x96dc6</run_address>
         <size>0xce</size>
         <input_file_ref idref="fl-14"/>
      </object_component>
      <object_component id="oc-200">
         <name>.text</name>
         <load_address>0x96e94</load_address>
         <run_address>0x96e94</run_address>
         <size>0xb2</size>
         <input_file_ref idref="fl-8f"/>
      </object_component>
      <object_component id="oc-546">
         <name>.text</name>
         <load_address>0x96f46</load_address>
         <run_address>0x96f46</run_address>
         <size>0xa9</size>
         <input_file_ref idref="fl-e3"/>
      </object_component>
      <object_component id="oc-28b">
         <name>.text</name>
         <load_address>0x96fef</load_address>
         <run_address>0x96fef</run_address>
         <size>0xa8</size>
         <input_file_ref idref="fl-ca"/>
      </object_component>
      <object_component id="oc-304">
         <name>.text</name>
         <load_address>0x97097</load_address>
         <run_address>0x97097</run_address>
         <size>0xa4</size>
         <input_file_ref idref="fl-8d"/>
      </object_component>
      <object_component id="oc-20c">
         <name>.text</name>
         <load_address>0x9713b</load_address>
         <run_address>0x9713b</run_address>
         <size>0xa0</size>
         <input_file_ref idref="fl-95"/>
      </object_component>
      <object_component id="oc-3ba">
         <name>.text</name>
         <load_address>0x971db</load_address>
         <run_address>0x971db</run_address>
         <size>0x9c</size>
         <input_file_ref idref="fl-47"/>
      </object_component>
      <object_component id="oc-5dc">
         <name>.text</name>
         <load_address>0x97277</load_address>
         <run_address>0x97277</run_address>
         <size>0x9c</size>
         <input_file_ref idref="fl-e7"/>
      </object_component>
      <object_component id="oc-61f">
         <name>.text</name>
         <load_address>0x97314</load_address>
         <run_address>0x97314</run_address>
         <size>0x95</size>
         <input_file_ref idref="fl-f0"/>
      </object_component>
      <object_component id="oc-51c">
         <name>.text</name>
         <load_address>0x973a9</load_address>
         <run_address>0x973a9</run_address>
         <size>0x8b</size>
         <input_file_ref idref="fl-d7"/>
      </object_component>
      <object_component id="oc-401">
         <name>.text</name>
         <load_address>0x97434</load_address>
         <run_address>0x97434</run_address>
         <size>0x88</size>
         <input_file_ref idref="fl-b0"/>
      </object_component>
      <object_component id="oc-29a">
         <name>.text</name>
         <load_address>0x974bc</load_address>
         <run_address>0x974bc</run_address>
         <size>0x86</size>
         <input_file_ref idref="fl-43"/>
      </object_component>
      <object_component id="oc-3e2">
         <name>.text</name>
         <load_address>0x97542</load_address>
         <run_address>0x97542</run_address>
         <size>0x86</size>
         <input_file_ref idref="fl-61"/>
      </object_component>
      <object_component id="oc-521">
         <name>.text</name>
         <load_address>0x975c8</load_address>
         <run_address>0x975c8</run_address>
         <size>0x83</size>
         <input_file_ref idref="fl-ce"/>
      </object_component>
      <object_component id="oc-431">
         <name>.text</name>
         <load_address>0x9764b</load_address>
         <run_address>0x9764b</run_address>
         <size>0x7c</size>
         <input_file_ref idref="fl-cc"/>
      </object_component>
      <object_component id="oc-121">
         <name>.text</name>
         <load_address>0x976c7</load_address>
         <run_address>0x976c7</run_address>
         <size>0x79</size>
         <input_file_ref idref="fl-93"/>
      </object_component>
      <object_component id="oc-291">
         <name>.text</name>
         <load_address>0x97740</load_address>
         <run_address>0x97740</run_address>
         <size>0x73</size>
         <input_file_ref idref="fl-c9"/>
      </object_component>
      <object_component id="oc-57f">
         <name>.text</name>
         <load_address>0x977b3</load_address>
         <run_address>0x977b3</run_address>
         <size>0x71</size>
         <input_file_ref idref="fl-f1"/>
      </object_component>
      <object_component id="oc-35d">
         <name>.text</name>
         <load_address>0x97824</load_address>
         <run_address>0x97824</run_address>
         <size>0x65</size>
         <input_file_ref idref="fl-cb"/>
      </object_component>
      <object_component id="oc-493">
         <name>.text</name>
         <load_address>0x97889</load_address>
         <run_address>0x97889</run_address>
         <size>0x62</size>
         <input_file_ref idref="fl-ac"/>
      </object_component>
      <object_component id="oc-5a9">
         <name>.text</name>
         <load_address>0x978eb</load_address>
         <run_address>0x978eb</run_address>
         <size>0x61</size>
         <input_file_ref idref="fl-ea"/>
      </object_component>
      <object_component id="oc-585">
         <name>.text</name>
         <load_address>0x9794c</load_address>
         <run_address>0x9794c</run_address>
         <size>0x5d</size>
         <input_file_ref idref="fl-f4"/>
      </object_component>
      <object_component id="oc-540">
         <name>.text</name>
         <load_address>0x979a9</load_address>
         <run_address>0x979a9</run_address>
         <size>0x5a</size>
         <input_file_ref idref="fl-e2"/>
      </object_component>
      <object_component id="oc-415">
         <name>.text</name>
         <load_address>0x97a03</load_address>
         <run_address>0x97a03</run_address>
         <size>0x58</size>
         <input_file_ref idref="fl-ab"/>
      </object_component>
      <object_component id="oc-600">
         <name>.text</name>
         <load_address>0x97a5b</load_address>
         <run_address>0x97a5b</run_address>
         <size>0x51</size>
         <input_file_ref idref="fl-f5"/>
      </object_component>
      <object_component id="oc-14c">
         <name>.text</name>
         <load_address>0x97aac</load_address>
         <run_address>0x97aac</run_address>
         <size>0x4d</size>
         <input_file_ref idref="fl-22"/>
      </object_component>
      <object_component id="oc-3d6">
         <name>.text</name>
         <load_address>0x97af9</load_address>
         <run_address>0x97af9</run_address>
         <size>0x4b</size>
         <input_file_ref idref="fl-82"/>
      </object_component>
      <object_component id="oc-5b5">
         <name>.text</name>
         <load_address>0x97b44</load_address>
         <run_address>0x97b44</run_address>
         <size>0x3e</size>
         <input_file_ref idref="fl-ed"/>
      </object_component>
      <object_component id="oc-42b">
         <name>.text</name>
         <load_address>0x97b82</load_address>
         <run_address>0x97b82</run_address>
         <size>0x3d</size>
         <input_file_ref idref="fl-e6"/>
      </object_component>
      <object_component id="oc-591">
         <name>.text</name>
         <load_address>0x97bbf</load_address>
         <run_address>0x97bbf</run_address>
         <size>0x3a</size>
         <input_file_ref idref="fl-eb"/>
      </object_component>
      <object_component id="oc-5a3">
         <name>.text</name>
         <load_address>0x97bf9</load_address>
         <run_address>0x97bf9</run_address>
         <size>0x39</size>
         <input_file_ref idref="fl-ef"/>
      </object_component>
      <object_component id="oc-59d">
         <name>.text</name>
         <load_address>0x97c32</load_address>
         <run_address>0x97c32</run_address>
         <size>0x38</size>
         <input_file_ref idref="fl-ec"/>
      </object_component>
      <object_component id="oc-608">
         <name>.text</name>
         <load_address>0x97c6a</load_address>
         <run_address>0x97c6a</run_address>
         <size>0x33</size>
         <input_file_ref idref="fl-f8"/>
      </object_component>
      <object_component id="oc-3d0">
         <name>.text</name>
         <load_address>0x97c9d</load_address>
         <run_address>0x97c9d</run_address>
         <size>0x32</size>
         <input_file_ref idref="fl-83"/>
      </object_component>
      <object_component id="oc-463">
         <name>.text</name>
         <load_address>0x97ccf</load_address>
         <run_address>0x97ccf</run_address>
         <size>0x31</size>
         <input_file_ref idref="fl-db"/>
      </object_component>
      <object_component id="oc-8e">
         <name>.text:decompress:lzss</name>
         <load_address>0x97d00</load_address>
         <run_address>0x97d00</run_address>
         <size>0x30</size>
         <input_file_ref idref="fl-b9"/>
      </object_component>
      <object_component id="oc-52b">
         <name>.text</name>
         <load_address>0x97d30</load_address>
         <run_address>0x97d30</run_address>
         <size>0x30</size>
         <input_file_ref idref="fl-da"/>
      </object_component>
      <object_component id="oc-1f4">
         <name>.text</name>
         <load_address>0x97d60</load_address>
         <run_address>0x97d60</run_address>
         <size>0x30</size>
         <input_file_ref idref="fl-ae"/>
      </object_component>
      <object_component id="oc-169">
         <name>.text:__TI_auto_init_nobinit_nopinit</name>
         <load_address>0x97d90</load_address>
         <run_address>0x97d90</run_address>
         <size>0x2b</size>
         <input_file_ref idref="fl-b6"/>
      </object_component>
      <object_component id="oc-512">
         <name>.text</name>
         <load_address>0x97dbb</load_address>
         <run_address>0x97dbb</run_address>
         <size>0x2a</size>
         <input_file_ref idref="fl-cd"/>
      </object_component>
      <object_component id="oc-5d4">
         <name>.text</name>
         <load_address>0x97de5</load_address>
         <run_address>0x97de5</run_address>
         <size>0x2a</size>
         <input_file_ref idref="fl-e8"/>
      </object_component>
      <object_component id="oc-100">
         <name>.text</name>
         <load_address>0x97e0f</load_address>
         <run_address>0x97e0f</run_address>
         <size>0x29</size>
         <input_file_ref idref="fl-ba"/>
      </object_component>
      <object_component id="oc-597">
         <name>.text</name>
         <load_address>0x97e38</load_address>
         <run_address>0x97e38</run_address>
         <size>0x29</size>
         <input_file_ref idref="fl-e9"/>
      </object_component>
      <object_component id="oc-406">
         <name>.text</name>
         <load_address>0x97e62</load_address>
         <run_address>0x97e62</run_address>
         <size>0x27</size>
         <input_file_ref idref="fl-a9"/>
      </object_component>
      <object_component id="oc-2d2">
         <name>.text</name>
         <load_address>0x97e89</load_address>
         <run_address>0x97e89</run_address>
         <size>0x26</size>
         <input_file_ref idref="fl-59"/>
      </object_component>
      <object_component id="oc-5af">
         <name>.text</name>
         <load_address>0x97eaf</load_address>
         <run_address>0x97eaf</run_address>
         <size>0x24</size>
         <input_file_ref idref="fl-ee"/>
      </object_component>
      <object_component id="oc-5eb">
         <name>.text</name>
         <load_address>0x97ed3</load_address>
         <run_address>0x97ed3</run_address>
         <size>0x24</size>
         <input_file_ref idref="fl-f3"/>
      </object_component>
      <object_component id="oc-53b">
         <name>.text</name>
         <load_address>0x97ef7</load_address>
         <run_address>0x97ef7</run_address>
         <size>0x21</size>
         <input_file_ref idref="fl-d1"/>
      </object_component>
      <object_component id="oc-c4">
         <name>.text:retain</name>
         <load_address>0x97f18</load_address>
         <run_address>0x97f18</run_address>
         <size>0x20</size>
         <input_file_ref idref="fl-2a"/>
      </object_component>
      <object_component id="oc-526">
         <name>.text</name>
         <load_address>0x97f38</load_address>
         <run_address>0x97f38</run_address>
         <size>0x1f</size>
         <input_file_ref idref="fl-d2"/>
      </object_component>
      <object_component id="oc-469">
         <name>.text</name>
         <load_address>0x97f57</load_address>
         <run_address>0x97f57</run_address>
         <size>0x1e</size>
         <input_file_ref idref="fl-b1"/>
      </object_component>
      <object_component id="oc-54c">
         <name>.text</name>
         <load_address>0x97f75</load_address>
         <run_address>0x97f75</run_address>
         <size>0x1d</size>
         <input_file_ref idref="fl-d5"/>
      </object_component>
      <object_component id="oc-df">
         <name>.text</name>
         <load_address>0x97f92</load_address>
         <run_address>0x97f92</run_address>
         <size>0x1d</size>
         <input_file_ref idref="fl-b4"/>
      </object_component>
      <object_component id="oc-531">
         <name>.text</name>
         <load_address>0x97faf</load_address>
         <run_address>0x97faf</run_address>
         <size>0x1c</size>
         <input_file_ref idref="fl-d6"/>
      </object_component>
      <object_component id="oc-611">
         <name>.text</name>
         <load_address>0x97fcb</load_address>
         <run_address>0x97fcb</run_address>
         <size>0x19</size>
         <input_file_ref idref="fl-f9"/>
      </object_component>
      <object_component id="oc-369">
         <name>.text</name>
         <load_address>0x97fe4</load_address>
         <run_address>0x97fe4</run_address>
         <size>0x19</size>
         <input_file_ref idref="fl-e0"/>
      </object_component>
      <object_component id="oc-280">
         <name>.text</name>
         <load_address>0x97ffd</load_address>
         <run_address>0x97ffd</run_address>
         <size>0x18</size>
         <input_file_ref idref="fl-36"/>
      </object_component>
      <object_component id="oc-473">
         <name>.text</name>
         <load_address>0x98015</load_address>
         <run_address>0x98015</run_address>
         <size>0x18</size>
         <input_file_ref idref="fl-d3"/>
      </object_component>
      <object_component id="oc-4e1">
         <name>.text</name>
         <load_address>0x9802d</load_address>
         <run_address>0x9802d</run_address>
         <size>0x18</size>
         <input_file_ref idref="fl-f2"/>
      </object_component>
      <object_component id="oc-9b">
         <name>.text</name>
         <load_address>0x98045</load_address>
         <run_address>0x98045</run_address>
         <size>0x17</size>
         <input_file_ref idref="fl-af"/>
      </object_component>
      <object_component id="oc-650">
         <name>.text</name>
         <load_address>0x9805c</load_address>
         <run_address>0x9805c</run_address>
         <size>0x15</size>
         <input_file_ref idref="fl-f6"/>
      </object_component>
      <object_component id="oc-4d3">
         <name>.text</name>
         <load_address>0x98071</load_address>
         <run_address>0x98071</run_address>
         <size>0x11</size>
         <input_file_ref idref="fl-ad"/>
      </object_component>
      <object_component id="oc-45b">
         <name>.text</name>
         <load_address>0x98082</load_address>
         <run_address>0x98082</run_address>
         <size>0x10</size>
         <input_file_ref idref="fl-dd"/>
      </object_component>
      <object_component id="oc-536">
         <name>.text</name>
         <load_address>0x98092</load_address>
         <run_address>0x98092</run_address>
         <size>0xe</size>
         <input_file_ref idref="fl-d0"/>
      </object_component>
      <object_component id="oc-1da">
         <name>.text</name>
         <load_address>0x980a0</load_address>
         <run_address>0x980a0</run_address>
         <size>0xd</size>
         <input_file_ref idref="fl-bd"/>
      </object_component>
      <object_component id="oc-363">
         <name>.text</name>
         <load_address>0x980ad</load_address>
         <run_address>0x980ad</run_address>
         <size>0xd</size>
         <input_file_ref idref="fl-de"/>
      </object_component>
      <object_component id="oc-fa">
         <name>.text</name>
         <load_address>0x980ba</load_address>
         <run_address>0x980ba</run_address>
         <size>0xc</size>
         <input_file_ref idref="fl-bc"/>
      </object_component>
      <object_component id="oc-551">
         <name>.text</name>
         <load_address>0x980c6</load_address>
         <run_address>0x980c6</run_address>
         <size>0xc</size>
         <input_file_ref idref="fl-c2"/>
      </object_component>
      <object_component id="oc-478">
         <name>.text</name>
         <load_address>0x980d2</load_address>
         <run_address>0x980d2</run_address>
         <size>0xb</size>
         <input_file_ref idref="fl-e4"/>
      </object_component>
      <object_component id="oc-64a">
         <name>.text</name>
         <load_address>0x980dd</load_address>
         <run_address>0x980dd</run_address>
         <size>0xa</size>
         <input_file_ref idref="fl-c3"/>
      </object_component>
      <object_component id="oc-255">
         <name>.text</name>
         <load_address>0x980e7</load_address>
         <run_address>0x980e7</run_address>
         <size>0x9</size>
         <input_file_ref idref="fl-bb"/>
      </object_component>
      <object_component id="oc-517">
         <name>.text</name>
         <load_address>0x980f0</load_address>
         <run_address>0x980f0</run_address>
         <size>0x9</size>
         <input_file_ref idref="fl-cf"/>
      </object_component>
      <object_component id="oc-94">
         <name>.text:decompress:none</name>
         <load_address>0x980f9</load_address>
         <run_address>0x980f9</run_address>
         <size>0x8</size>
         <input_file_ref idref="fl-b8"/>
      </object_component>
      <object_component id="oc-107">
         <name>.text</name>
         <load_address>0x98101</load_address>
         <run_address>0x98101</run_address>
         <size>0x8</size>
         <input_file_ref idref="fl-5"/>
      </object_component>
      <object_component id="oc-1fa">
         <name>.text</name>
         <load_address>0x98109</load_address>
         <run_address>0x98109</run_address>
         <size>0x8</size>
         <input_file_ref idref="fl-c4"/>
      </object_component>
      <object_component id="oc-160">
         <name>.text</name>
         <load_address>0x98111</load_address>
         <run_address>0x98111</run_address>
         <size>0x7</size>
         <input_file_ref idref="fl-c0"/>
      </object_component>
      <object_component id="oc-ed">
         <name>.text:decompress:ZI</name>
         <load_address>0x98118</load_address>
         <run_address>0x98118</run_address>
         <size>0x6</size>
         <input_file_ref idref="fl-b7"/>
      </object_component>
      <object_component id="oc-455">
         <name>.text</name>
         <load_address>0x9811e</load_address>
[...]
         <value>0xb3d8</value>
         <object_component_ref idref="oc-13c"/>
      </symbol>
      <symbol id="sm-a20">
         <name>idc_src</name>
         <value>0xb3c2</value>
         <object_component_ref idref="oc-13c"/>
      </symbol>
      <symbol id="sm-a68">
         <name>powf</name>
         <value>0x93f11</value>
         <object_component_ref idref="oc-344"/>
      </symbol>
      <symbol id="sm-a79">
         <name>sqrtf</name>
         <value>0x97e62</value>
         <object_component_ref idref="oc-406"/>
      </symbol>
      <symbol id="sm-a8e">
         <name>scalbnf</name>
         <value>0x97a03</value>
         <object_component_ref idref="oc-415"/>
      </symbol>
      <symbol id="sm-a8f">
         <name>ldexpf</name>
         <value>0x97a03</value>
         <object_component_ref idref="oc-415"/>
      </symbol>
      <symbol id="sm-a9f">
         <name>tanf</name>
         <value>0x97889</value>
         <object_component_ref idref="oc-493"/>
      </symbol>
      <symbol id="sm-aac">
         <name>copysignf</name>
         <value>0x98071</value>
         <object_component_ref idref="oc-4d3"/>
      </symbol>
      <symbol id="sm-abb">
         <name>vsprintf</name>
         <value>0x97d60</value>
         <object_component_ref idref="oc-1f4"/>
      </symbol>
      <symbol id="sm-ac5">
         <name>_c_int00</name>
         <value>0x98045</value>
         <object_component_ref idref="oc-9b"/>
      </symbol>
      <symbol id="sm-ac6">
         <name>__stack</name>
         <value>0x400</value>
         <object_component_ref idref="oc-dc"/>
      </symbol>
      <symbol id="sm-ad3">
         <name>__c28xabi_divf</name>
         <value>0x97434</value>
         <object_component_ref idref="oc-401"/>
      </symbol>
      <symbol id="sm-add">
         <name>__c28xabi_cmpll</name>
         <value>0x97f57</value>
         <object_component_ref idref="oc-469"/>
      </symbol>
      <symbol id="sm-ade">
         <name>__c28xabi_cmpull</name>
         <value>0x97f69</value>
         <object_component_ref idref="oc-469"/>
      </symbol>
      <symbol id="sm-af2">
         <name>memcpy</name>
         <value>0x97f92</value>
         <object_component_ref idref="oc-df"/>
      </symbol>
      <symbol id="sm-aff">
         <name>_system_pre_init</name>
         <value>0x98127</value>
         <object_component_ref idref="oc-f3"/>
      </symbol>
      <symbol id="sm-b0e">
         <name>__TI_auto_init_nobinit_nopinit</name>
         <value>0x97d90</value>
         <object_component_ref idref="oc-169"/>
      </symbol>
      <symbol id="sm-b1b">
         <name>__TI_zero_init</name>
         <value>0x98118</value>
         <object_component_ref idref="oc-ed"/>
      </symbol>
      <symbol id="sm-b28">
         <name>__TI_decompress_none</name>
         <value>0x980f9</value>
         <object_component_ref idref="oc-94"/>
      </symbol>
      <symbol id="sm-b3c">
         <name>__TI_decompress_lzss</name>
         <value>0x97d00</value>
         <object_component_ref idref="oc-8e"/>
      </symbol>
      <symbol id="sm-b52">
         <name>C$$EXIT</name>
         <value>0x97e0f</value>
         <object_component_ref idref="oc-100"/>
      </symbol>
      <symbol id="sm-b53">
         <name>abort</name>
         <value>0x97e0f</value>
         <object_component_ref idref="oc-100"/>
      </symbol>
      <symbol id="sm-b54">
         <name>exit</name>
         <value>0x97e11</value>
         <object_component_ref idref="oc-100"/>
      </symbol>
      <symbol id="sm-b55">
         <name>__TI_dtors_ptr</name>
         <value>0xb93c</value>
         <object_component_ref idref="oc-19b"/>
      </symbol>
      <symbol id="sm-b56">
         <name>__TI_cleanup_ptr</name>
         <value>0xb93a</value>
         <object_component_ref idref="oc-19b"/>
      </symbol>
      <symbol id="sm-b57">
         <name>__TI_enable_exit_profile_output</name>
         <value>0xb938</value>
         <object_component_ref idref="oc-19b"/>
      </symbol>
      <symbol id="sm-b6e">
         <name>_nop</name>
         <value>0x980ef</value>
         <object_component_ref idref="oc-255"/>
      </symbol>
      <symbol id="sm-b6f">
         <name>_lock</name>
         <value>0xb93e</value>
         <object_component_ref idref="oc-19e"/>
      </symbol>
      <symbol id="sm-b70">
         <name>_unlock</name>
         <value>0xb944</value>
         <object_component_ref idref="oc-336"/>
      </symbol>
      <symbol id="sm-b71">
         <name>_register_lock</name>
         <value>0x980eb</value>
         <object_component_ref idref="oc-255"/>
      </symbol>
      <symbol id="sm-b72">
         <name>_register_unlock</name>
         <value>0x980e7</value>
         <object_component_ref idref="oc-255"/>
      </symbol>
      <symbol id="sm-b81">
         <name>_args_main</name>
         <value>0x980ba</value>
         <object_component_ref idref="oc-fa"/>
      </symbol>
      <symbol id="sm-b8e">
         <name>_abort_msg</name>
         <value>0x980a0</value>
         <object_component_ref idref="oc-1da"/>
      </symbol>
      <symbol id="sm-ba3">
         <name>__TI_tmpnams</name>
         <value>0xb286</value>
         <object_component_ref idref="oc-60e"/>
      </symbol>
      <symbol id="sm-ba4">
         <name>_ftable</name>
         <value>0xb818</value>
         <object_component_ref idref="oc-288"/>
      </symbol>
      <symbol id="sm-ba5">
         <name>__TI_ft_end</name>
         <value>0xb948</value>
         <object_component_ref idref="oc-372"/>
      </symbol>
      <symbol id="sm-c0c">
         <name>_sys_memory</name>
         <value>0xb418</value>
         <object_component_ref idref="oc-3a7"/>
      </symbol>
      <symbol id="sm-c0d">
         <name>free</name>
         <value>0x94f03</value>
         <object_component_ref idref="oc-2be"/>
      </symbol>
      <symbol id="sm-c0e">
         <name>__TI_heap_total_available</name>
         <value>0x95130</value>
         <object_component_ref idref="oc-2be"/>
      </symbol>
      <symbol id="sm-c0f">
         <name>__TI_heap_largest_available</name>
         <value>0x9514f</value>
         <object_component_ref idref="oc-2be"/>
      </symbol>
      <symbol id="sm-c10">
         <name>realloc</name>
         <value>0x94fcd</value>
         <object_component_ref idref="oc-2be"/>
      </symbol>
      <symbol id="sm-c11">
         <name>memalign</name>
         <value>0x95082</value>
         <object_component_ref idref="oc-2be"/>
      </symbol>
      <symbol id="sm-c12">
         <name>calloc</name>
         <value>0x95055</value>
         <object_component_ref idref="oc-2be"/>
      </symbol>
      <symbol id="sm-c13">
         <name>malloc</name>
         <value>0x94ed8</value>
         <object_component_ref idref="oc-2be"/>
      </symbol>
      <symbol id="sm-c14">
         <name>__TI_heap_check</name>
         <value>0x9516e</value>
         <object_component_ref idref="oc-2be"/>
      </symbol>
      <symbol id="sm-c15">
         <name>aligned_alloc</name>
         <value>0x95082</value>
         <object_component_ref idref="oc-2be"/>
      </symbol>
      <symbol id="sm-c16">
         <name>minit</name>
         <value>0x95051</value>
         <object_component_ref idref="oc-2be"/>
      </symbol>
      <symbol id="sm-c25">
         <name>memset</name>
         <value>0x98111</value>
         <object_component_ref idref="oc-160"/>
      </symbol>
      <symbol id="sm-c36">
         <name>strchr</name>
         <value>0x980c6</value>
         <object_component_ref idref="oc-551"/>
      </symbol>
      <symbol id="sm-c45">
         <name>strcmp</name>
         <value>0x980dd</value>
         <object_component_ref idref="oc-64a"/>
      </symbol>
      <symbol id="sm-c53">
         <name>strlen</name>
         <value>0x98109</value>
         <object_component_ref idref="oc-1fa"/>
      </symbol>
      <symbol id="sm-c5f">
         <name>errno</name>
         <value>0xb949</value>
         <object_component_ref idref="oc-41b"/>
      </symbol>
      <symbol id="sm-dc8">
         <name>__TI_printfi</name>
         <value>0x927a1</value>
         <object_component_ref idref="oc-398"/>
      </symbol>
      <symbol id="sm-ddf">
         <name>__TI_doflush</name>
         <value>0x97740</value>
         <object_component_ref idref="oc-291"/>
      </symbol>
      <symbol id="sm-de0">
         <name>fflush</name>
         <value>0x9776f</value>
         <object_component_ref idref="oc-291"/>
      </symbol>
      <symbol id="sm-dfd">
         <name>puts</name>
         <value>0x97084</value>
         <object_component_ref idref="oc-28b"/>
      </symbol>
      <symbol id="sm-dfe">
         <name>fputs</name>
         <value>0x96fef</value>
         <object_component_ref idref="oc-28b"/>
      </symbol>
      <symbol id="sm-e16">
         <name>__TI_wrt_ok</name>
         <value>0x97824</value>
         <object_component_ref idref="oc-35d"/>
      </symbol>
      <symbol id="sm-e17">
         <name>__TI_rd_ok</name>
         <value>0x9785e</value>
         <object_component_ref idref="oc-35d"/>
      </symbol>
      <symbol id="sm-e2f">
         <name>setvbuf</name>
         <value>0x9764b</value>
         <object_component_ref idref="oc-431"/>
      </symbol>
      <symbol id="sm-e3b">
         <name>__c28xabi_cmpd</name>
         <value>0x97dbb</value>
         <object_component_ref idref="oc-512"/>
      </symbol>
      <symbol id="sm-e49">
         <name>__c28xabi_mpyd</name>
         <value>0x975c8</value>
         <object_component_ref idref="oc-521"/>
      </symbol>
      <symbol id="sm-e52">
         <name>__c28xabi_negd</name>
         <value>0x980f0</value>
         <object_component_ref idref="oc-517"/>
      </symbol>
      <symbol id="sm-e5a">
         <name>__c28xabi_subd</name>
         <value>0x98092</value>
         <object_component_ref idref="oc-536"/>
      </symbol>
      <symbol id="sm-e65">
         <name>__c28xabi_dtoi</name>
         <value>0x97ef7</value>
         <object_component_ref idref="oc-53b"/>
      </symbol>
      <symbol id="sm-e70">
         <name>__c28xabi_dtol</name>
         <value>0x97f38</value>
         <object_component_ref idref="oc-526"/>
      </symbol>
      <symbol id="sm-e78">
         <name>__c28xabi_orll</name>
         <value>0x9801d</value>
         <object_component_ref idref="oc-473"/>
      </symbol>
      <symbol id="sm-e79">
         <name>__c28xabi_xorll</name>
         <value>0x98025</value>
         <object_component_ref idref="oc-473"/>
      </symbol>
      <symbol id="sm-e7a">
         <name>__c28xabi_andll</name>
         <value>0x98015</value>
         <object_component_ref idref="oc-473"/>
      </symbol>
      <symbol id="sm-ea1">
         <name>__c28xabi_modull</name>
         <value>0x969a9</value>
         <object_component_ref idref="oc-46e"/>
      </symbol>
      <symbol id="sm-ea2">
         <name>__c28xabi_divull</name>
         <value>0x9697a</value>
         <object_component_ref idref="oc-46e"/>
      </symbol>
      <symbol id="sm-ea3">
         <name>__c28xabi_divll</name>
         <value>0x96904</value>
         <object_component_ref idref="oc-46e"/>
      </symbol>
      <symbol id="sm-ea4">
         <name>__c28xabi_modll</name>
         <value>0x96940</value>
         <object_component_ref idref="oc-46e"/>
      </symbol>
      <symbol id="sm-eb0">
         <name>__c28xabi_itod</name>
         <value>0x97f75</value>
         <object_component_ref idref="oc-54c"/>
      </symbol>
      <symbol id="sm-ebc">
         <name>__c28xabi_ltod</name>
         <value>0x97faf</value>
         <object_component_ref idref="oc-531"/>
      </symbol>
      <symbol id="sm-ecf">
         <name>__c28xabi_divd</name>
         <value>0x973a9</value>
         <object_component_ref idref="oc-51c"/>
      </symbol>
      <symbol id="sm-edd">
         <name>_system_post_cinit</name>
         <value>0x965bb</value>
         <object_component_ref idref="oc-23b"/>
      </symbol>
      <symbol id="sm-eec">
         <name>__TI_ltoa</name>
         <value>0x97d30</value>
         <object_component_ref idref="oc-52b"/>
      </symbol>
      <symbol id="sm-f01">
         <name>atoi</name>
         <value>0x97ccf</value>
         <object_component_ref idref="oc-463"/>
      </symbol>
      <symbol id="sm-f0c">
         <name>_ctypes_</name>
         <value>0x85eee</value>
         <object_component_ref idref="oc-507"/>
      </symbol>
      <symbol id="sm-f1c">
         <name>memccpy</name>
         <value>0x98082</value>
         <object_component_ref idref="oc-45b"/>
      </symbol>
      <symbol id="sm-f2c">
         <name>memchr</name>
         <value>0x980ad</value>
         <object_component_ref idref="oc-363"/>
      </symbol>
      <symbol id="sm-f3a">
         <name>strcpy</name>
         <value>0x9811e</value>
         <object_component_ref idref="oc-455"/>
      </symbol>
      <symbol id="sm-f48">
         <name>write</name>
         <value>0x97fe4</value>
         <object_component_ref idref="oc-369"/>
      </symbol>
      <symbol id="sm-f58">
         <name>_stream</name>
         <value>0xb910</value>
         <object_component_ref idref="oc-43b"/>
      </symbol>
      <symbol id="sm-f59">
         <name>_device</name>
         <value>0xb890</value>
         <object_component_ref idref="oc-4f7"/>
      </symbol>
      <symbol id="sm-f70">
         <name>frexpl</name>
         <value>0x979a9</value>
         <object_component_ref idref="oc-540"/>
      </symbol>
      <symbol id="sm-f71">
         <name>frexp</name>
         <value>0x979a9</value>
         <object_component_ref idref="oc-540"/>
      </symbol>
      <symbol id="sm-f93">
         <name>scalbn</name>
         <value>0x96f46</value>
         <object_component_ref idref="oc-546"/>
      </symbol>
      <symbol id="sm-f94">
         <name>scalbnl</name>
         <value>0x96f46</value>
         <object_component_ref idref="oc-546"/>
      </symbol>
      <symbol id="sm-f95">
         <name>ldexpl</name>
         <value>0x96f46</value>
         <object_component_ref idref="oc-546"/>
      </symbol>
      <symbol id="sm-f96">
         <name>ldexp</name>
         <value>0x96f46</value>
         <object_component_ref idref="oc-546"/>
      </symbol>
      <symbol id="sm-fa5">
         <name>wcslen</name>
         <value>0x980d2</value>
         <object_component_ref idref="oc-478"/>
      </symbol>
      <symbol id="sm-fde">
         <name>__TI_cleanup</name>
         <value>0x96539</value>
         <object_component_ref idref="oc-4e9"/>
      </symbol>
      <symbol id="sm-fdf">
         <name>freopen</name>
         <value>0x96556</value>
         <object_component_ref idref="oc-4e9"/>
      </symbol>
      <symbol id="sm-fe0">
         <name>fopen</name>
         <value>0x96574</value>
         <object_component_ref idref="oc-4e9"/>
      </symbol>
      <symbol id="sm-ff1">
         <name>fseeko</name>
         <value>0x97b82</value>
         <object_component_ref idref="oc-42b"/>
      </symbol>
      <symbol id="sm-ff2">
         <name>fseek</name>
         <value>0x97b82</value>
         <object_component_ref idref="oc-42b"/>
      </symbol>
      <symbol id="sm-1009">
         <name>__c28xabi_addd</name>
         <value>0x97277</value>
         <object_component_ref idref="oc-5dc"/>
      </symbol>
      <symbol id="sm-1011">
         <name>__c28xabi_divul</name>
         <value>0x97e02</value>
         <object_component_ref idref="oc-5d4"/>
      </symbol>
      <symbol id="sm-1012">
         <name>__c28xabi_modul</name>
         <value>0x97e09</value>
         <object_component_ref idref="oc-5d4"/>
      </symbol>
      <symbol id="sm-1013">
         <name>__c28xabi_modl</name>
         <value>0x97df4</value>
         <object_component_ref idref="oc-5d4"/>
      </symbol>
      <symbol id="sm-1014">
         <name>__c28xabi_divl</name>
         <value>0x97de5</value>
         <object_component_ref idref="oc-5d4"/>
      </symbol>
      <symbol id="sm-1021">
         <name>HOSTclose</name>
         <value>0x97e38</value>
         <object_component_ref idref="oc-597"/>
      </symbol>
      <symbol id="sm-102e">
         <name>HOSTlseek</name>
         <value>0x978eb</value>
         <object_component_ref idref="oc-5a9"/>
      </symbol>
      <symbol id="sm-1041">
         <name>parmbuf</name>
         <value>0xac02</value>
         <object_component_ref idref="oc-61c"/>
      </symbol>
      <symbol id="sm-1042">
         <name>HOSTopen</name>
         <value>0x97bbf</value>
         <object_component_ref idref="oc-591"/>
      </symbol>
      <symbol id="sm-1050">
         <name>HOSTread</name>
         <value>0x97c32</value>
         <object_component_ref idref="oc-59d"/>
      </symbol>
      <symbol id="sm-105d">
         <name>HOSTrename</name>
         <value>0x97b44</value>
         <object_component_ref idref="oc-5b5"/>
      </symbol>
      <symbol id="sm-106a">
         <name>HOSTunlink</name>
         <value>0x97eaf</value>
         <object_component_ref idref="oc-5af"/>
      </symbol>
      <symbol id="sm-1078">
         <name>HOSTwrite</name>
         <value>0x97bf9</value>
         <object_component_ref idref="oc-5a3"/>
      </symbol>
      <symbol id="sm-1095">
         <name>__TI_readmsg</name>
         <value>0x9736c</value>
         <object_component_ref idref="oc-61f"/>
      </symbol>
      <symbol id="sm-1096">
         <name>C$$IO$$</name>
         <value>0x97367</value>
         <object_component_ref idref="oc-61f"/>
      </symbol>
      <symbol id="sm-1097">
         <name>__CIOBUF_</name>
         <value>0xafd6</value>
         <object_component_ref idref="oc-666"/>
      </symbol>
      <symbol id="sm-1098">
         <name>__TI_writemsg</name>
         <value>0x97314</value>
         <object_component_ref idref="oc-61f"/>
      </symbol>
      <symbol id="sm-10b1">
         <name>open</name>
         <value>0x977b3</value>
         <object_component_ref idref="oc-57f"/>
      </symbol>
      <symbol id="sm-10bf">
         <name>lseek</name>
         <value>0x9802d</value>
         <object_component_ref idref="oc-4e1"/>
      </symbol>
      <symbol id="sm-10cd">
         <name>copysign</name>
         <value>0x97ed3</value>
         <object_component_ref idref="oc-5eb"/>
      </symbol>
      <symbol id="sm-10ce">
         <name>copysignl</name>
         <value>0x97ed3</value>
         <object_component_ref idref="oc-5eb"/>
      </symbol>
      <symbol id="sm-10e0">
         <name>__TI_closefile</name>
         <value>0x9794c</value>
         <object_component_ref idref="oc-585"/>
      </symbol>
      <symbol id="sm-10e1">
         <name>fclose</name>
         <value>0x97990</value>
         <object_component_ref idref="oc-585"/>
      </symbol>
      <symbol id="sm-10f3">
         <name>finddevice</name>
         <value>0x97a5b</value>
         <object_component_ref idref="oc-600"/>
      </symbol>
      <symbol id="sm-10f4">
         <name>getdevice</name>
         <value>0x97a76</value>
         <object_component_ref idref="oc-600"/>
      </symbol>
      <symbol id="sm-1105">
         <name>strncpy</name>
         <value>0x9805c</value>
         <object_component_ref idref="oc-650"/>
      </symbol>
      <symbol id="sm-1117">
         <name>close</name>
         <value>0x97c6a</value>
         <object_component_ref idref="oc-608"/>
      </symbol>
      <symbol id="sm-1124">
         <name>unlink</name>
         <value>0x97fcb</value>
         <object_component_ref idref="oc-611"/>
      </symbol>
      <symbol id="sm-1126">
         <name>__c_args__</name>
         <value>0x0</value>
      </symbol>
      <symbol id="sm-1127">
         <name>gmp_base_free</name>
         <value>0x94f03</value>
      </symbol>
      <symbol id="sm-1128">
         <name>remove</name>
         <value>0x97fcb</value>
      </symbol>
   </symbol_table>
   <title>Link successful</title>
</link_info>
